Archive member included to satisfy reference by file (symbol)

app/libapp.a(radio.cpp.obj)   (--whole-archive)
app/libapp.a(radio_hal.cpp.obj)
                              (--whole-archive)
zephyr/libzephyr.a(validate_libc.c.obj)
                              (--whole-archive)
zephyr/libzephyr.a(cpp_dtors.c.obj)
                              (--whole-archive)
zephyr/libzephyr.a(cpp_virtual.c.obj)
                              (--whole-archive)
zephyr/libzephyr.a(cpp_vtable.cpp.obj)
                              (--whole-archive)
zephyr/libzephyr.a(cpp_new.cpp.obj)
                              (--whole-archive)
zephyr/libzephyr.a(heap.c.obj)
                              (--whole-archive)
zephyr/libzephyr.a(cbprintf_packaged.c.obj)
                              (--whole-archive)
zephyr/libzephyr.a(clock.c.obj)
                              (--whole-archive)
zephyr/libzephyr.a(printk.c.obj)
                              (--whole-archive)
zephyr/libzephyr.a(sem.c.obj)
                              (--whole-archive)
zephyr/libzephyr.a(thread_entry.c.obj)
                              (--whole-archive)
zephyr/libzephyr.a(cbprintf_complete.c.obj)
                              (--whole-archive)
zephyr/libzephyr.a(assert.c.obj)
                              (--whole-archive)
zephyr/libzephyr.a(dec.c.obj)
                              (--whole-archive)
zephyr/libzephyr.a(hex.c.obj)
                              (--whole-archive)
zephyr/libzephyr.a(rb.c.obj)  (--whole-archive)
zephyr/libzephyr.a(timeutil.c.obj)
                              (--whole-archive)
zephyr/libzephyr.a(bitarray.c.obj)
                              (--whole-archive)
zephyr/libzephyr.a(bitmask.c.obj)
                              (--whole-archive)
zephyr/libzephyr.a(getopt.c.obj)
                              (--whole-archive)
zephyr/libzephyr.a(getopt_common.c.obj)
                              (--whole-archive)
zephyr/libzephyr.a(ring_buffer.c.obj)
                              (--whole-archive)
zephyr/libzephyr.a(last_section_id.c.obj)
                              (--whole-archive)
zephyr/libzephyr.a(configs.c.obj)
                              (--whole-archive)
zephyr/libzephyr.a(stm32cube_hal.c.obj)
                              (--whole-archive)
zephyr/libzephyr.a(soc_config.c.obj)
                              (--whole-archive)
zephyr/libzephyr.a(stm32_backup_domain.c.obj)
                              (--whole-archive)
zephyr/libzephyr.a(soc.c.obj)
                              (--whole-archive)
zephyr/libzephyr.a(tracing_none.c.obj)
                              (--whole-archive)
zephyr/arch/common/libarch__common.a(sw_isr_common.c.obj)
                              (--whole-archive)
zephyr/arch/common/libarch__common.a(init.c.obj)
                              (--whole-archive)
zephyr/arch/common/libarch__common.a(xip.c.obj)
                              (--whole-archive)
zephyr/arch/arch/arm/core/libarch__arm__core.a(fatal.c.obj)
                              (--whole-archive)
zephyr/arch/arch/arm/core/libarch__arm__core.a(nmi.c.obj)
                              (--whole-archive)
zephyr/arch/arch/arm/core/libarch__arm__core.a(nmi_on_reset.S.obj)
                              (--whole-archive)
zephyr/arch/arch/arm/core/libarch__arm__core.a(__aeabi_atexit.c.obj)
                              (--whole-archive)
zephyr/arch/arch/arm/core/libarch__arm__core.a(tls.c.obj)
                              (--whole-archive)
zephyr/arch/arch/arm/core/cortex_m/libarch__arm__core__cortex_m.a(exc_exit.c.obj)
                              (--whole-archive)
zephyr/arch/arch/arm/core/cortex_m/libarch__arm__core__cortex_m.a(fault.c.obj)
                              (--whole-archive)
zephyr/arch/arch/arm/core/cortex_m/libarch__arm__core__cortex_m.a(fault_s.S.obj)
                              (--whole-archive)
zephyr/arch/arch/arm/core/cortex_m/libarch__arm__core__cortex_m.a(fpu.c.obj)
                              (--whole-archive)
zephyr/arch/arch/arm/core/cortex_m/libarch__arm__core__cortex_m.a(reset.S.obj)
                              (--whole-archive)
zephyr/arch/arch/arm/core/cortex_m/libarch__arm__core__cortex_m.a(scb.c.obj)
                              (--whole-archive)
zephyr/arch/arch/arm/core/cortex_m/libarch__arm__core__cortex_m.a(thread_abort.c.obj)
                              (--whole-archive)
zephyr/arch/arch/arm/core/cortex_m/libarch__arm__core__cortex_m.a(vector_table.S.obj)
                              (--whole-archive)
zephyr/arch/arch/arm/core/cortex_m/libarch__arm__core__cortex_m.a(swap_helper.S.obj)
                              (--whole-archive)
zephyr/arch/arch/arm/core/cortex_m/libarch__arm__core__cortex_m.a(irq_manage.c.obj)
                              (--whole-archive)
zephyr/arch/arch/arm/core/cortex_m/libarch__arm__core__cortex_m.a(prep_c.c.obj)
                              (--whole-archive)
zephyr/arch/arch/arm/core/cortex_m/libarch__arm__core__cortex_m.a(thread.c.obj)
[...]
Memory Configuration

Name             Origin             Length             Attributes
FLASH            0x0000000008000000 0x0000000000020000 xr
RAM              0x0000000020000000 0x0000000000005000 xw
SRAM0            0x0000000020000000 0x0000000000005000 rw
IDT_LIST         0x00000000ffff7fff 0x0000000000008000 xw
*default*        0x0000000000000000 0xffffffffffffffff

Linker script and memory map

                0x0000000008001d34                vfprintf = __l_vfprintf
                0x0000000000000000                vfscanf = __l_vfscanf
LOAD zephyr/CMakeFiles/zephyr_final.dir/misc/empty_file.c.obj
LOAD zephyr/CMakeFiles/zephyr_final.dir/isr_tables.c.obj
LOAD zephyr/CMakeFiles/offsets.dir/./arch/arm/core/offsets/offsets.c.obj
LOAD app/libapp.a
LOAD zephyr/libzephyr.a
LOAD zephyr/arch/common/libarch__common.a
LOAD zephyr/arch/arch/arm/core/libarch__arm__core.a
LOAD zephyr/arch/arch/arm/core/cortex_m/libarch__arm__core__cortex_m.a
LOAD zephyr/lib/libc/picolibc/liblib__libc__picolibc.a
LOAD zephyr/lib/libc/common/liblib__libc__common.a
LOAD zephyr/lib/posix/c_lib_ext/liblib__posix__c_lib_ext.a
LOAD zephyr/drivers/interrupt_controller/libdrivers__interrupt_controller.a
LOAD zephyr/drivers/clock_control/libdrivers__clock_control.a
LOAD zephyr/drivers/console/libdrivers__console.a
LOAD zephyr/drivers/gpio/libdrivers__gpio.a
LOAD zephyr/drivers/pinctrl/libdrivers__pinctrl.a
LOAD zephyr/drivers/reset/libdrivers__reset.a
LOAD zephyr/drivers/serial/libdrivers__serial.a
LOAD zephyr/drivers/timer/libdrivers__timer.a
LOAD modules/hal_stm32/stm32cube/lib..__modules__hal__stm32__stm32cube.a
LOAD zephyr/kernel/libkernel.a
LOAD zephyr/arch/common/libisr_tables.a
LOAD /Users/tylerfield/zephyr-sdk/zephyr-sdk-0.17.4/arm-zephyr-eabi/bin/../lib/gcc/../../picolibc/arm-zephyr-eabi/lib/thumb/v7-m/nofp/libc.a
LOAD /Users/tylerfield/zephyr-sdk/zephyr-sdk-0.17.4/arm-zephyr-eabi/bin/../lib/gcc/arm-zephyr-eabi/12.2.0/thumb/v7-m/nofp/libgcc.a
                0x0000000000000004                _region_min_align = 0x4

.rel.plt        0x0000000008000000        0x0
 *(SORT_BY_ALIGNMENT(.rel.plt))
                [!provide]                        PROVIDE (__rel_iplt_start = .)
 *(SORT_BY_ALIGNMENT(.rel.iplt))
 .rel.iplt      0x0000000008000000        0x0 zephyr/CMakeFiles/zephyr_final.dir/isr_tables.c.obj
                [!provide]                        PROVIDE (__rel_iplt_end = .)

.rela.plt       0x0000000000000000        0x0
 *(SORT_BY_ALIGNMENT(.rela.plt))
                [!provide]                        PROVIDE (__rela_iplt_start = .)
 *(SORT_BY_ALIGNMENT(.rela.iplt))
                [!provide]                        PROVIDE (__rela_iplt_end = .)

.rel.dyn
 *(SORT_BY_ALIGNMENT(.rel.*))

.rela.dyn
 *(SORT_BY_ALIGNMENT(.rela.*))

/DISCARD/
 *(SORT_BY_ALIGNMENT(.plt))

/DISCARD/
 *(SORT_BY_ALIGNMENT(.iplt))
                0x0000000008000000                __rom_region_start = 0x8000000

rom_start       0x0000000008000000       0xec
                0x0000000008000000                __rom_start_address = .
 FILL mask 0x00
                0x0000000008000000                . = (. + (0x0 - (. - __rom_start_address)))
                0x0000000008000000                . = ALIGN (0x4)
                0x0000000008000000                . = ALIGN (0x80)
                0x0000000008000000                . = ALIGN (0x100)
                0x0000000008000000                _vector_start = .
 *(SORT_BY_ALIGNMENT(.exc_vector_table))
 *(SORT_BY_ALIGNMENT(.exc_vector_table.*))
 .exc_vector_table._vector_table_section
                0x0000000008000000       0x40 zephyr/arch/arch/arm/core/cortex_m/libarch__arm__core__cortex_m.a(vector_table.S.obj)
                0x0000000008000000                _vector_table
 *(SORT_BY_ALIGNMENT(.vectors))
                0x00000000080000ec                _vector_end = .
                0x0000000008000040                . = ALIGN (0x4)
 *(SORT_BY_ALIGNMENT(.gnu.linkonce.irq_vector_table*))
 .gnu.linkonce.irq_vector_table
                0x0000000008000040       0xac zephyr/CMakeFiles/zephyr_final.dir/isr_tables.c.obj
                0x0000000008000040                _irq_vector_table
                0x00000000080000ec                _vector_end = .

text            0x00000000080000ec     0x2cf0
                0x00000000080000ec                __text_region_start = .
 *(SORT_BY_ALIGNMENT(.text))
 *(SORT_BY_ALIGNMENT(.text.*))
 .text.char_out
                0x00000000080000ec        0xc zephyr/libzephyr.a(printk.c.obj)
 .text.__printk_hook_install
                0x00000000080000f8        0xc zephyr/libzephyr.a(printk.c.obj)
                0x00000000080000f8                __printk_hook_install
 .text.vprintk  0x0000000008000104       0x30 zephyr/libzephyr.a(printk.c.obj)
                0x0000000008000104                vprintk
 .text.z_thread_entry
                0x0000000008000134       0x34 zephyr/libzephyr.a(thread_entry.c.obj)
                0x0000000008000134                z_thread_entry
 .text.st_stm32_common_config
                0x0000000008000168       0x24 zephyr/libzephyr.a(soc_config.c.obj)
 .text.soc_early_init_hook
                0x000000000800018c       0x20 zephyr/libzephyr.a(soc.c.obj)
                0x000000000800018c                soc_early_init_hook
 .text.arch_bss_zero
                0x00000000080001ac       0x18 zephyr/arch/common/libarch__common.a(init.c.obj)
                0x00000000080001ac                arch_bss_zero
 .text.arch_data_copy
                0x00000000080001c4       0x38 zephyr/arch/common/libarch__common.a(xip.c.obj)
                0x00000000080001c4                arch_data_copy
 .text.z_arm_fatal_error
                0x00000000080001fc       0x60 zephyr/arch/arch/arm/core/libarch__arm__core.a(fatal.c.obj)
                0x00000000080001fc                z_arm_fatal_error
 .text.z_SysNmiOnReset
                0x000000000800025c        0x8 zephyr/arch/arch/arm/core/libarch__arm__core.a(nmi_on_reset.S.obj)
                0x000000000800025c                z_SysNmiOnReset
 .text.arch_tls_stack_setup
                0x0000000008000264       0x40 zephyr/arch/arch/arm/core/libarch__arm__core.a(tls.c.obj)
                0x0000000008000264                arch_tls_stack_setup
 .text._HandlerModeExit
                0x00000000080002a4       0x20 zephyr/arch/arch/arm/core/cortex_m/libarch__arm__core__cortex_m.a(exc_exit.c.obj)
                0x00000000080002a4                z_arm_exc_exit
                0x00000000080002a4                z_arm_int_exit
 .text.usage_fault.constprop.0
                0x00000000080002c4       0x98 zephyr/arch/arch/arm/core/cortex_m/libarch__arm__core__cortex_m.a(fault.c.obj)
 .text.bus_fault.constprop.0
                0x000000000800035c       0xa4 zephyr/arch/arch/arm/core/cortex_m/libarch__arm__core__cortex_m.a(fault.c.obj)
 .text.mem_manage_fault.constprop.0
                0x0000000008000400       0x9c zephyr/arch/arch/arm/core/cortex_m/libarch__arm__core__cortex_m.a(fault.c.obj)
 .text.z_arm_fault
                0x000000000800049c      0x1a0 zephyr/arch/arch/arm/core/cortex_m/libarch__arm__core__cortex_m.a(fault.c.obj)
                0x000000000800049c                z_arm_fault
 .text.z_arm_fault_init
                0x000000000800063c       0x18 zephyr/arch/arch/arm/core/cortex_m/libarch__arm__core__cortex_m.a(fault.c.obj)
                0x000000000800063c                z_arm_fault_init
 .text.__fault  0x0000000008000654       0x14 zephyr/arch/arch/arm/core/cortex_m/libarch__arm__core__cortex_m.a(fault_s.S.obj)
                0x0000000008000654                z_arm_bus_fault
                0x0000000008000654                z_arm_usage_fault
                0x0000000008000654                z_arm_mpu_fault
                0x0000000008000654                z_arm_exc_spurious
                0x0000000008000654                z_arm_debug_monitor
                0x0000000008000654                z_arm_hard_fault
 .text._reset_section
                0x0000000008000668       0x34 zephyr/arch/arch/arm/core/cortex_m/libarch__arm__core__cortex_m.a(reset.S.obj)
                0x0000000008000668                z_arm_reset
                0x0000000008000668                __start
 .text.z_impl_k_thread_abort
                0x000000000800069c       0x2c zephyr/arch/arch/arm/core/cortex_m/libarch__arm__core__cortex_m.a(thread_abort.c.obj)
                0x000000000800069c                z_impl_k_thread_abort
 .text.z_arm_pendsv
                0x00000000080006c8       0x54 zephyr/arch/arch/arm/core/cortex_m/libarch__arm__core__cortex_m.a(swap_helper.S.obj)
                0x00000000080006c8                z_arm_pendsv
 .text.z_arm_svc
                0x000000000800071c       0x24 zephyr/arch/arch/arm/core/cortex_m/libarch__arm__core__cortex_m.a(swap_helper.S.obj)
                0x000000000800071c                z_arm_svc
 .text.arm_irq_enable
                0x0000000008000740       0x1c zephyr/arch/arch/arm/core/cortex_m/libarch__arm__core__cortex_m.a(irq_manage.c.obj)
                0x0000000008000740                arm_irq_enable
 .text.arm_irq_priority_set
                0x000000000800075c       0x2c zephyr/arch/arch/arm/core/cortex_m/libarch__arm__core__cortex_m.a(irq_manage.c.obj)
                0x000000000800075c                arm_irq_priority_set
 .text.relocate_vector_table
                0x0000000008000788       0x20 zephyr/arch/arch/arm/core/cortex_m/libarch__arm__core__cortex_m.a(prep_c.c.obj)
                0x0000000008000788                relocate_vector_table
 .text.arch_new_thread
                0x00000000080007a8       0x38 zephyr/arch/arch/arm/core/cortex_m/libarch__arm__core__cortex_m.a(thread.c.obj)
                0x00000000080007a8                arch_new_thread
 .text.arch_switch_to_main_thread
                0x00000000080007e0       0x38 zephyr/arch/arch/arm/core/cortex_m/libarch__arm__core__cortex_m.a(thread.c.obj)
                0x00000000080007e0                arch_switch_to_main_thread
 .text.z_arm_cpu_idle_init
                0x0000000008000818        0xc zephyr/arch/arch/arm/core/cortex_m/libarch__arm__core__cortex_m.a(cpu_idle.c.obj)
                0x0000000008000818                z_arm_cpu_idle_init
 .text.z_arm_interrupt_init
                0x0000000008000824       0x18 zephyr/arch/arch/arm/core/cortex_m/libarch__arm__core__cortex_m.a(irq_init.c.obj)
                0x0000000008000824                z_arm_interrupt_init
 .text._isr_wrapper
                0x000000000800083c       0x24 zephyr/arch/arch/arm/core/cortex_m/libarch__arm__core__cortex_m.a(isr_wrapper.c.obj)
                0x000000000800083c                _isr_wrapper
 .text.z_impl_zephyr_fputc
                0x0000000008000860       0x10 zephyr/lib/libc/picolibc/liblib__libc__picolibc.a(stdio.c.obj)
                0x0000000008000860                z_impl_zephyr_fputc
 .text.__stdout_hook_install
                0x0000000008000870       0x18 zephyr/lib/libc/picolibc/liblib__libc__picolibc.a(stdio.c.obj)
                0x0000000008000870                __stdout_hook_install
 .text.malloc_prepare
                0x0000000008000888       0x24 zephyr/lib/libc/common/liblib__libc__common.a(malloc.c.obj)
 .text.stm32_exti_is_pending
                0x00000000080008ac       0x20 zephyr/drivers/interrupt_controller/libdrivers__interrupt_controller.a(intc_exti_stm32.c.obj)
                0x00000000080008ac                stm32_exti_is_pending
 .text.stm32_exti_clear_pending
                0x00000000080008cc       0x20 zephyr/drivers/interrupt_controller/libdrivers__interrupt_controller.a(intc_exti_stm32.c.obj)
                0x00000000080008cc                stm32_exti_clear_pending
 .text.stm32_fill_irq_table
                0x00000000080008ec       0x18 zephyr/drivers/interrupt_controller/libdrivers__interrupt_controller.a(intc_gpio_stm32.c.obj)
 .text.stm32_intc_gpio_isr
                0x0000000008000904       0x4c zephyr/drivers/interrupt_controller/libdrivers__interrupt_controller.a(intc_gpio_stm32.c.obj)
 .text.stm32_gpio_intc_enable_line
                0x0000000008000950       0x2c zephyr/drivers/interrupt_controller/libdrivers__interrupt_controller.a(intc_gpio_stm32.c.obj)
                0x0000000008000950                stm32_gpio_intc_enable_line
 .text.stm32_gpio_intc_disable_line
                0x000000000800097c       0x10 zephyr/drivers/interrupt_controller/libdrivers__interrupt_controller.a(intc_gpio_stm32.c.obj)
                0x000000000800097c                stm32_gpio_intc_disable_line
 .text.stm32_gpio_intc_select_line_trigger
                0x000000000800098c       0x50 zephyr/drivers/interrupt_controller/libdrivers__interrupt_controller.a(intc_gpio_stm32.c.obj)
                0x000000000800098c                stm32_gpio_intc_select_line_trigger
 .text.stm32_gpio_intc_set_irq_callback
                0x00000000080009dc       0x40 zephyr/drivers/interrupt_controller/libdrivers__interrupt_controller.a(intc_gpio_stm32.c.obj)
                0x00000000080009dc                stm32_gpio_intc_set_irq_callback
 .text.stm32_gpio_intc_remove_irq_callback
                0x0000000008000a1c       0x24 zephyr/drivers/interrupt_controller/libdrivers__interrupt_controller.a(intc_gpio_stm32.c.obj)
                0x0000000008000a1c                stm32_gpio_intc_remove_irq_callback
 .text.stm32_exti_get_line_src_port
                0x0000000008000a40       0x30 zephyr/drivers/interrupt_controller/libdrivers__interrupt_controller.a(intc_gpio_stm32.c.obj)
                0x0000000008000a40                stm32_exti_get_line_src_port
 .text.stm32_clock_control_get_subsys_rate
                0x0000000008000a70       0x84 zephyr/drivers/clock_control/libdrivers__clock_control.a(clock_stm32_ll_common.c.obj)
 .text.stm32_clock_control_init
                0x0000000008000af4      0x100 zephyr/drivers/clock_control/libdrivers__clock_control.a(clock_stm32_ll_common.c.obj)
                0x0000000008000af4                stm32_clock_control_init
 .text.config_pll_sysclock
                0x0000000008000bf4       0x1c zephyr/drivers/clock_control/libdrivers__clock_control.a(clock_stm32f1.c.obj)
                0x0000000008000bf4                config_pll_sysclock
 .text.uart_console_init
                0x0000000008000c10       0x28 zephyr/drivers/console/libdrivers__console.a(uart_console.c.obj)
 .text.console_out
                0x0000000008000c38       0x28 zephyr/drivers/console/libdrivers__console.a(uart_console.c.obj)
 .text.gpio_stm32_pin_interrupt_configure
                0x0000000008000c60       0xb0 zephyr/drivers/gpio/libdrivers__gpio.a(gpio_stm32.c.obj)
 .text.gpio_stm32_init
                0x0000000008000d10       0x38 zephyr/drivers/gpio/libdrivers__gpio.a(gpio_stm32.c.obj)
 .text.pinctrl_configure_pins
                0x0000000008000d48       0xfc zephyr/drivers/pinctrl/libdrivers__pinctrl.a(pinctrl_stm32.c.obj)
                0x0000000008000d48                pinctrl_configure_pins
 .text.uart_stm32_parameters_set
                0x0000000008000e44      0x104 zephyr/drivers/serial/libdrivers__serial.a(uart_stm32.c.obj)
 .text.uart_stm32_configure
                0x0000000008000f48      0x134 zephyr/drivers/serial/libdrivers__serial.a(uart_stm32.c.obj)
 .text.elapsed  0x000000000800107c       0x4c zephyr/drivers/timer/libdrivers__timer.a(cortex_m_systick.c.obj)
 .text.sys_clock_driver_init
                0x00000000080010c8       0x34 zephyr/drivers/timer/libdrivers__timer.a(cortex_m_systick.c.obj)
 .text.sys_clock_isr
                0x00000000080010fc       0x60 zephyr/drivers/timer/libdrivers__timer.a(cortex_m_systick.c.obj)
                0x00000000080010fc                sys_clock_isr
 .text.sys_clock_set_timeout
                0x000000000800115c       0xfc zephyr/drivers/timer/libdrivers__timer.a(cortex_m_systick.c.obj)
                0x000000000800115c                sys_clock_set_timeout
 .text.sys_clock_elapsed
                0x0000000008001258       0x3c zephyr/drivers/timer/libdrivers__timer.a(cortex_m_systick.c.obj)
                0x0000000008001258                sys_clock_elapsed
 .text.HAL_RCC_GetSysClockFreq
                0x0000000008001294       0x4c modules/hal_stm32/stm32cube/lib..__modules__hal__stm32__stm32cube.a(stm32f1xx_hal_rcc.c.obj)
                0x0000000008001294                HAL_RCC_GetSysClockFreq
 .text.LL_SetFlashLatency
                0x00000000080012e0       0x4c modules/hal_stm32/stm32cube/lib..__modules__hal__stm32__stm32cube.a(stm32f1xx_ll_utils.c.obj)
                0x00000000080012e0                LL_SetFlashLatency
 .text.z_fatal_error
                0x000000000800132c       0x30 zephyr/kernel/libkernel.a(fatal.c.obj)
                0x000000000800132c                z_fatal_error
 .text.z_sys_init_run_level
                0x000000000800135c       0x30 zephyr/kernel/libkernel.a(init.c.obj)
 .text.bg_thread_main
                0x000000000800138c       0xdc zephyr/kernel/libkernel.a(init.c.obj)
 .text.z_init_cpu
                0x0000000008001468       0x68 zephyr/kernel/libkernel.a(init.c.obj)
                0x0000000008001468                z_init_cpu
 .text.z_cstart
                0x00000000080014d0       0xc4 zephyr/kernel/libkernel.a(init.c.obj)
                0x00000000080014d0                z_cstart
 .text.z_setup_new_thread
                0x0000000008001594       0x70 zephyr/kernel/libkernel.a(thread.c.obj)
                0x0000000008001594                z_setup_new_thread
 .text.z_dummy_thread_init
                0x0000000008001604       0x18 zephyr/kernel/libkernel.a(thread.c.obj)
                0x0000000008001604                z_dummy_thread_init
 .text.z_swap_irqlock
                0x000000000800161c       0x30 zephyr/kernel/libkernel.a(sched.c.obj)
 .text.ready_thread
                0x000000000800164c       0x84 zephyr/kernel/libkernel.a(sched.c.obj)
 .text.move_current_to_end_of_prio_q
                0x00000000080016d0       0x70 zephyr/kernel/libkernel.a(sched.c.obj)
                0x00000000080016d0                move_current_to_end_of_prio_q
 .text.z_reschedule
                0x0000000008001740       0x24 zephyr/kernel/libkernel.a(sched.c.obj)
                0x0000000008001740                z_reschedule
 .text.z_reschedule_irqlock
                0x0000000008001764       0x28 zephyr/kernel/libkernel.a(sched.c.obj)
                0x0000000008001764                z_reschedule_irqlock
 .text.k_sched_lock
                0x000000000800178c       0x28 zephyr/kernel/libkernel.a(sched.c.obj)
                0x000000000800178c                k_sched_lock
 .text.k_sched_unlock
                0x00000000080017b4       0x68 zephyr/kernel/libkernel.a(sched.c.obj)
                0x00000000080017b4                k_sched_unlock
 .text.z_sched_init
                0x000000000800181c       0x10 zephyr/kernel/libkernel.a(sched.c.obj)
                0x000000000800181c                z_sched_init
 .text.z_impl_k_wakeup
                0x000000000800182c       0x48 zephyr/kernel/libkernel.a(sched.c.obj)
                0x000000000800182c                z_impl_k_wakeup
 .text.z_impl_k_sched_current_thread_query
                0x0000000008001874        0xc zephyr/kernel/libkernel.a(sched.c.obj)
                0x0000000008001874                z_impl_k_sched_current_thread_query
 .text.z_thread_abort
                0x0000000008001880      0x140 zephyr/kernel/libkernel.a(sched.c.obj)
                0x0000000008001880                z_thread_abort
 .text.z_time_slice_size
                0x00000000080019c0       0x40 zephyr/kernel/libkernel.a(timeslicing.c.obj)
 .text.slice_timeout
                0x0000000008001a00       0x20 zephyr/kernel/libkernel.a(timeslicing.c.obj)
 .text.z_reset_time_slice
                0x0000000008001a20       0x44 zephyr/kernel/libkernel.a(timeslicing.c.obj)
                0x0000000008001a20                z_reset_time_slice
 .text.z_time_slice
                0x0000000008001a64       0x5c zephyr/kernel/libkernel.a(timeslicing.c.obj)
                0x0000000008001a64                z_time_slice
 .text.first    0x0000000008001ac0       0x10 zephyr/kernel/libkernel.a(timeout.c.obj)
 .text.elapsed  0x0000000008001ad0       0x14 zephyr/kernel/libkernel.a(timeout.c.obj)
 .text.remove_timeout
                0x0000000008001ae4       0x38 zephyr/kernel/libkernel.a(timeout.c.obj)
 .text.z_add_timeout
                0x0000000008001b1c      0x120 zephyr/kernel/libkernel.a(timeout.c.obj)
                0x0000000008001b1c                z_add_timeout
 .text.sys_clock_announce
                0x0000000008001c3c       0xbc zephyr/kernel/libkernel.a(timeout.c.obj)
                0x0000000008001c3c                sys_clock_announce
 .text.k_thread_system_pool_assign
                0x0000000008001cf8        0xc zephyr/kernel/libkernel.a(mempool.c.obj)
                0x0000000008001cf8                k_thread_system_pool_assign
 .text.boot_banner
                0x0000000008001d04        0xc zephyr/kernel/libkernel.a(banner.c.obj)
                0x0000000008001d04                boot_banner
 .text.statics_init
                0x0000000008001d10       0x24 zephyr/kernel/libkernel.a(kheap.c.obj)
 .text.__l_vfprintf
                0x0000000008001d34      0x4b8 /Users/tylerfield/zephyr-sdk/zephyr-sdk-0.17.4/arm-zephyr-eabi/bin/../lib/gcc/../../picolibc/arm-zephyr-eabi/lib/thumb/v7-m/nofp/libc.a(libc_tinystdio_vflprintf.c.o)
                0x0000000008001d34                __l_vfprintf
 .text._OffsetAbsSyms
                0x00000000080021ec        0x2 zephyr/CMakeFiles/offsets.dir/./arch/arm/core/offsets/offsets.c.obj
                0x00000000080021ec                _OffsetAbsSyms
 .text.chunk_size
                0x00000000080021ee        0xa zephyr/libzephyr.a(heap.c.obj)
 .text.free_list_add
                0x00000000080021f8       0x4e zephyr/libzephyr.a(heap.c.obj)
 .text.sys_heap_init
                0x0000000008002246       0x7a zephyr/libzephyr.a(heap.c.obj)
                0x0000000008002246                sys_heap_init
 .text.arch_printk_char_out
                0x00000000080022c0        0x4 zephyr/libzephyr.a(printk.c.obj)
                0x00000000080022c0                arch_printk_char_out
 .text.printk   0x00000000080022c4       0x1a zephyr/libzephyr.a(printk.c.obj)
                0x00000000080022c4                printk
 .text._ConfigAbsSyms
                0x00000000080022de        0x2 zephyr/libzephyr.a(configs.c.obj)
                0x00000000080022de                _ConfigAbsSyms
 .text.arch_early_memset
                0x00000000080022e0        0x4 zephyr/arch/common/libarch__common.a(init.c.obj)
                0x00000000080022e0                arch_early_memset
 .text.arch_early_memcpy
                0x00000000080022e4        0x4 zephyr/arch/common/libarch__common.a(init.c.obj)
                0x00000000080022e4                arch_early_memcpy
 .text.z_do_kernel_oops
                0x00000000080022e8        0x8 zephyr/arch/arch/arm/core/libarch__arm__core.a(fatal.c.obj)
                0x00000000080022e8                z_do_kernel_oops
 .text.z_arm_nmi
                0x00000000080022f0        0xe zephyr/arch/arch/arm/core/libarch__arm__core.a(nmi.c.obj)
                0x00000000080022f0                z_arm_nmi
 .text.z_irq_spurious
                0x00000000080022fe        0x8 zephyr/arch/arch/arm/core/cortex_m/libarch__arm__core__cortex_m.a(irq_manage.c.obj)
                0x00000000080022fe                z_irq_spurious
 .text.z_prep_c
                0x0000000008002306       0x16 zephyr/arch/arch/arm/core/cortex_m/libarch__arm__core__cortex_m.a(prep_c.c.obj)
                0x0000000008002306                z_prep_c
 .text.arch_coprocessors_disable
                0x000000000800231c        0x6 zephyr/arch/arch/arm/core/cortex_m/libarch__arm__core__cortex_m.a(thread.c.obj)
                0x000000000800231c                arch_coprocessors_disable
 .text.arch_irq_unlock_outlined
                0x0000000008002322        0xe zephyr/arch/arch/arm/core/cortex_m/libarch__arm__core__cortex_m.a(thread.c.obj)
                0x0000000008002322                arch_irq_unlock_outlined
 .text.arch_cpu_idle
                0x0000000008002330       0x1a zephyr/arch/arch/arm/core/cortex_m/libarch__arm__core__cortex_m.a(cpu_idle.c.obj)
                0x0000000008002330                arch_cpu_idle
 .text.picolibc_put
                0x000000000800234a        0xa zephyr/lib/libc/picolibc/liblib__libc__picolibc.a(stdio.c.obj)
 .text.stm32_exti_init
                0x0000000008002354        0x4 zephyr/drivers/interrupt_controller/libdrivers__interrupt_controller.a(intc_exti_stm32.c.obj)
 .text.stm32_exti_gpio_intc_init
                0x0000000008002358       0x92 zephyr/drivers/interrupt_controller/libdrivers__interrupt_controller.a(intc_gpio_stm32.c.obj)
 .text.stm32_gpio_intc_get_pin_irq_line
                0x00000000080023ea        0xa zephyr/drivers/interrupt_controller/libdrivers__interrupt_controller.a(intc_gpio_stm32.c.obj)
                0x00000000080023ea                stm32_gpio_intc_get_pin_irq_line
 .text.stm32_exti_set_line_src_port
                0x00000000080023f4       0x36 zephyr/drivers/interrupt_controller/libdrivers__interrupt_controller.a(intc_gpio_stm32.c.obj)
                0x00000000080023f4                stm32_exti_set_line_src_port
 .text.stm32_clock_control_on
                0x000000000800242a       0x44 zephyr/drivers/clock_control/libdrivers__clock_control.a(clock_stm32_ll_common.c.obj)
 .text.stm32_clock_control_off
                0x000000000800246e       0x2c zephyr/drivers/clock_control/libdrivers__clock_control.a(clock_stm32_ll_common.c.obj)
 .text.enabled_clock
                0x000000000800249a       0x1e zephyr/drivers/clock_control/libdrivers__clock_control.a(clock_stm32_ll_common.c.obj)
                0x000000000800249a                enabled_clock
 .text.stm32_clock_control_configure
                0x00000000080024b8       0x58 zephyr/drivers/clock_control/libdrivers__clock_control.a(clock_stm32_ll_common.c.obj)
 .text.stm32_clock_control_get_status
                0x0000000008002510       0x38 zephyr/drivers/clock_control/libdrivers__clock_control.a(clock_stm32_ll_common.c.obj)
 .text.config_regulator_voltage
                0x0000000008002548        0x2 zephyr/drivers/clock_control/libdrivers__clock_control.a(clock_stm32_ll_common.c.obj)
                0x0000000008002548                config_regulator_voltage
 .text.get_pllout_frequency
                0x000000000800254a        0x4 zephyr/drivers/clock_control/libdrivers__clock_control.a(clock_stm32f1.c.obj)
                0x000000000800254a                get_pllout_frequency
 .text.config_enable_default_clocks
                0x000000000800254e        0x2 zephyr/drivers/clock_control/libdrivers__clock_control.a(clock_stm32f1.c.obj)
                0x000000000800254e                config_enable_default_clocks
 .text.gpio_stm32_port_get_raw
                0x0000000008002550        0xc zephyr/drivers/gpio/libdrivers__gpio.a(gpio_stm32.c.obj)
 .text.gpio_stm32_port_set_masked_raw
                0x000000000800255c       0x12 zephyr/drivers/gpio/libdrivers__gpio.a(gpio_stm32.c.obj)
 .text.gpio_stm32_port_set_bits_raw
                0x000000000800256e        0xa zephyr/drivers/gpio/libdrivers__gpio.a(gpio_stm32.c.obj)
 .text.gpio_stm32_port_clear_bits_raw
                0x0000000008002578        0xa zephyr/drivers/gpio/libdrivers__gpio.a(gpio_stm32.c.obj)
 .text.gpio_stm32_port_toggle_bits
                0x0000000008002582        0xe zephyr/drivers/gpio/libdrivers__gpio.a(gpio_stm32.c.obj)
 .text.gpio_stm32_manage_callback
                0x0000000008002590       0x52 zephyr/drivers/gpio/libdrivers__gpio.a(gpio_stm32.c.obj)
 .text.LL_GPIO_SetPinMode
                0x00000000080025e2       0x2c zephyr/drivers/gpio/libdrivers__gpio.a(gpio_stm32.c.obj)
 .text.LL_GPIO_SetPinSpeed
                0x000000000800260e       0x2c zephyr/drivers/gpio/libdrivers__gpio.a(gpio_stm32.c.obj)
 .text.LL_GPIO_SetPinOutputType
                0x000000000800263a       0x2c zephyr/drivers/gpio/libdrivers__gpio.a(gpio_stm32.c.obj)
 .text.gpio_stm32_isr
                0x0000000008002666       0x2c zephyr/drivers/gpio/libdrivers__gpio.a(gpio_stm32.c.obj)
 .text.gpio_stm32_configure_raw.constprop.0.isra.0
                0x0000000008002692       0xaa zephyr/drivers/gpio/libdrivers__gpio.a(gpio_stm32.c.obj)
 .text.gpio_stm32_config
                0x000000000800273c       0xf2 zephyr/drivers/gpio/libdrivers__gpio.a(gpio_stm32.c.obj)
 .text.gpio_stm32_configure
                0x000000000800282e       0x2a zephyr/drivers/gpio/libdrivers__gpio.a(gpio_stm32.c.obj)
                0x000000000800282e                gpio_stm32_configure
 .text.pinctrl_lookup_state
                0x0000000008002858       0x26 zephyr/drivers/pinctrl/libdrivers__pinctrl.a(common.c.obj)
                0x0000000008002858                pinctrl_lookup_state
 .text.reset_stm32_status
                0x000000000800287e       0x20 zephyr/drivers/reset/libdrivers__reset.a(reset_stm32.c.obj)
 .text.reset_stm32_line_assert
                0x000000000800289e       0x1c zephyr/drivers/reset/libdrivers__reset.a(reset_stm32.c.obj)
 .text.reset_stm32_line_deassert
                0x00000000080028ba       0x1e zephyr/drivers/reset/libdrivers__reset.a(reset_stm32.c.obj)
 .text.reset_stm32_line_toggle
                0x00000000080028d8       0x16 zephyr/drivers/reset/libdrivers__reset.a(reset_stm32.c.obj)
 .text.LL_USART_ClearFlag_PE
                0x00000000080028ee       0x12 zephyr/drivers/serial/libdrivers__serial.a(uart_stm32.c.obj)
 .text.uart_stm32_err_check
                0x0000000008002900       0x5e zephyr/drivers/serial/libdrivers__serial.a(uart_stm32.c.obj)
 .text.uart_stm32_set_baudrate.isra.0
                0x000000000800295e       0x58 zephyr/drivers/serial/libdrivers__serial.a(uart_stm32.c.obj)
 .text.uart_stm32_poll_out
                0x00000000080029b6       0x36 zephyr/drivers/serial/libdrivers__serial.a(uart_stm32.c.obj)
 .text.uart_stm32_poll_in
                0x00000000080029ec       0x22 zephyr/drivers/serial/libdrivers__serial.a(uart_stm32.c.obj)
 .text.uart_stm32_init
                0x0000000008002a0e       0xb4 zephyr/drivers/serial/libdrivers__serial.a(uart_stm32.c.obj)
 .text.uart_stm32_config_get
                0x0000000008002ac2       0x8e zephyr/drivers/serial/libdrivers__serial.a(uart_stm32.c.obj)
 .text.do_device_init
                0x0000000008002b50       0x30 zephyr/kernel/libkernel.a(device.c.obj)
                0x0000000008002b50                do_device_init
 .text.z_impl_device_is_ready
                0x0000000008002b80       0x16 zephyr/kernel/libkernel.a(device.c.obj)
                0x0000000008002b80                z_impl_device_is_ready
 .text.arch_system_halt
                0x0000000008002b96       0x10 zephyr/kernel/libkernel.a(fatal.c.obj)
                0x0000000008002b96                arch_system_halt
 .text.k_sys_fatal_error_handler
                0x0000000008002ba6        0x6 zephyr/kernel/libkernel.a(fatal.c.obj)
                0x0000000008002ba6                k_sys_fatal_error_handler
 .text.idle     0x0000000008002bac       0x16 zephyr/kernel/libkernel.a(idle.c.obj)
                0x0000000008002bac                idle
 .text.sys_dlist_remove
                0x0000000008002bc2       0x10 zephyr/kernel/libkernel.a(sched.c.obj)
 .text.unpend_thread_no_timeout
                0x0000000008002bd2       0x14 zephyr/kernel/libkernel.a(sched.c.obj)
 .text.z_ready_thread
                0x0000000008002be6       0x1e zephyr/kernel/libkernel.a(sched.c.obj)
                0x0000000008002be6                z_ready_thread
 .text.z_sched_wake_thread
                0x0000000008002c04       0x3a zephyr/kernel/libkernel.a(sched.c.obj)
                0x0000000008002c04                z_sched_wake_thread
 .text.z_thread_timeout
                0x0000000008002c3e        0x8 zephyr/kernel/libkernel.a(sched.c.obj)
                0x0000000008002c3e                z_thread_timeout
 .text.next_timeout
                0x0000000008002c46       0x2e zephyr/kernel/libkernel.a(timeout.c.obj)
 .text.z_abort_timeout
                0x0000000008002c74       0x50 zephyr/kernel/libkernel.a(timeout.c.obj)
                0x0000000008002c74                z_abort_timeout
 .text.main     0x0000000008002cc4        0x6 zephyr/kernel/libkernel.a(main_weak.c.obj)
                0x0000000008002cc4                main
 .text.k_heap_init
                0x0000000008002cca       0x14 zephyr/kernel/libkernel.a(kheap.c.obj)
                0x0000000008002cca                k_heap_init
 .text.memcpy   0x0000000008002cde       0x1c /Users/tylerfield/zephyr-sdk/zephyr-sdk-0.17.4/arm-zephyr-eabi/bin/../lib/gcc/../../picolibc/arm-zephyr-eabi/lib/thumb/v7-m/nofp/libc.a(memcpy.c.o)
                0x0000000008002cde                memcpy
                0x0000000008002cde                __aeabi_memcpy
                0x0000000008002cde                __aeabi_memcpy4
                0x0000000008002cde                __aeabi_memcpy8
 .text.memset   0x0000000008002cfa       0x10 /Users/tylerfield/zephyr-sdk/zephyr-sdk-0.17.4/arm-zephyr-eabi/bin/../lib/gcc/../../picolibc/arm-zephyr-eabi/lib/thumb/v7-m/nofp/libc.a(memset.c.o)
                0x0000000008002cfa                memset
 .text.strnlen  0x0000000008002d0a       0x18 /Users/tylerfield/zephyr-sdk/zephyr-sdk-0.17.4/arm-zephyr-eabi/bin/../lib/gcc/../../picolibc/arm-zephyr-eabi/lib/thumb/v7-m/nofp/libc.a(libc_string_strnlen.c.o)
                0x0000000008002d0a                strnlen
 .text.__ultoa_invert
                0x0000000008002d22       0xae /Users/tylerfield/zephyr-sdk/zephyr-sdk-0.17.4/arm-zephyr-eabi/bin/../lib/gcc/../../picolibc/arm-zephyr-eabi/lib/thumb/v7-m/nofp/libc.a(libc_tinystdio_vflprintf.c.o)
 *(SORT_BY_ALIGNMENT(.TEXT.*))
 .TEXT.__aeabi_read_tp
                0x0000000008002dd0        0xc zephyr/arch/arch/arm/core/cortex_m/libarch__arm__core__cortex_m.a(__aeabi_read_tp.S.obj)
                0x0000000008002dd0                __aeabi_read_tp
 *(SORT_BY_ALIGNMENT(.gnu.linkonce.t.*))
 *(SORT_BY_ALIGNMENT(.glue_7t))
 .glue_7t       0x0000000008002ddc        0x0 linker stubs
 *(SORT_BY_ALIGNMENT(.glue_7))
 .glue_7        0x0000000008002ddc        0x0 linker stubs
 *(SORT_BY_ALIGNMENT(.vfp11_veneer))
 .vfp11_veneer  0x0000000008002ddc        0x0 linker stubs
 *(SORT_BY_ALIGNMENT(.v4_bx))
 .v4_bx         0x0000000008002ddc        0x0 linker stubs
                0x0000000008002ddc                . = ALIGN (0x4)
                0x0000000008002ddc                __text_region_end = .

.ARM.extab
 *(SORT_BY_ALIGNMENT(.ARM.extab*) SORT_BY_ALIGNMENT(.gnu.linkonce.armextab.*))

.ARM.exidx      0x0000000008002ddc        0x0
                0x0000000008002ddc                __exidx_start = .
 *(SORT_BY_ALIGNMENT(.ARM.exidx*) SORT_BY_ALIGNMENT(gnu.linkonce.armexidx.*))
                0x0000000008002ddc                __exidx_end = .
                0x0000000008002ddc                __rodata_region_start = .

initlevel       0x0000000008002ddc       0x80
                0x0000000008002ddc                __init_start = .
                0x0000000008002ddc                __init_EARLY_start = .
 *(SORT_BY_NAME(SORT_BY_ALIGNMENT(.z_init_EARLY_P_?_*)))
 *(SORT_BY_NAME(SORT_BY_ALIGNMENT(.z_init_EARLY_P_??_*)))
 *(SORT_BY_NAME(SORT_BY_ALIGNMENT(.z_init_EARLY_P_???_*)))
                0x0000000008002ddc                __init_PRE_KERNEL_1_start = .
 *(SORT_BY_NAME(SORT_BY_ALIGNMENT(.z_init_PRE_KERNEL_1_P_?_*)))
 .z_init_PRE_KERNEL_1_P_1_SUB_00009_
                0x0000000008002ddc        0x8 zephyr/drivers/clock_control/libdrivers__clock_control.a(clock_stm32_ll_common.c.obj)
 .z_init_PRE_KERNEL_1_P_1_SUB_0_
                0x0000000008002de4        0x8 zephyr/libzephyr.a(soc_config.c.obj)
 *(SORT_BY_NAME(SORT_BY_ALIGNMENT(.z_init_PRE_KERNEL_1_P_??_*)))
 .z_init_PRE_KERNEL_1_P_30_SUB_0_
                0x0000000008002dec        0x8 zephyr/kernel/libkernel.a(kheap.c.obj)
 .z_init_PRE_KERNEL_1_P_35_SUB_00046_
                0x0000000008002df4        0x8 zephyr/drivers/reset/libdrivers__reset.a(reset_stm32.c.obj)
 .z_init_PRE_KERNEL_1_P_40_SUB_00030_
                0x0000000008002dfc        0x8 zephyr/drivers/gpio/libdrivers__gpio.a(gpio_stm32.c.obj)
 .z_init_PRE_KERNEL_1_P_40_SUB_00033_
                0x0000000008002e04        0x8 zephyr/drivers/gpio/libdrivers__gpio.a(gpio_stm32.c.obj)
 .z_init_PRE_KERNEL_1_P_40_SUB_00042_
                0x0000000008002e0c        0x8 zephyr/drivers/interrupt_controller/libdrivers__interrupt_controller.a(intc_exti_stm32.c.obj)
 .z_init_PRE_KERNEL_1_P_40_SUB_00059_
                0x0000000008002e14        0x8 zephyr/drivers/gpio/libdrivers__gpio.a(gpio_stm32.c.obj)
 .z_init_PRE_KERNEL_1_P_40_SUB_00076_
                0x0000000008002e1c        0x8 zephyr/drivers/gpio/libdrivers__gpio.a(gpio_stm32.c.obj)
 .z_init_PRE_KERNEL_1_P_40_SUB_00077_
                0x0000000008002e24        0x8 zephyr/drivers/gpio/libdrivers__gpio.a(gpio_stm32.c.obj)
 .z_init_PRE_KERNEL_1_P_40_SUB_0_
                0x0000000008002e2c        0x8 zephyr/drivers/interrupt_controller/libdrivers__interrupt_controller.a(intc_gpio_stm32.c.obj)
 .z_init_PRE_KERNEL_1_P_50_SUB_00047_
                0x0000000008002e34        0x8 zephyr/drivers/serial/libdrivers__serial.a(uart_stm32.c.obj)
 .z_init_PRE_KERNEL_1_P_50_SUB_00053_
                0x0000000008002e3c        0x8 zephyr/drivers/serial/libdrivers__serial.a(uart_stm32.c.obj)
 .z_init_PRE_KERNEL_1_P_60_SUB_0_
                0x0000000008002e44        0x8 zephyr/drivers/console/libdrivers__console.a(uart_console.c.obj)
 *(SORT_BY_NAME(SORT_BY_ALIGNMENT(.z_init_PRE_KERNEL_1_P_???_*)))
                0x0000000008002e4c                __init_PRE_KERNEL_2_start = .
 *(SORT_BY_NAME(SORT_BY_ALIGNMENT(.z_init_PRE_KERNEL_2_P_?_*)))
 .z_init_PRE_KERNEL_2_P_0_SUB_0_
                0x0000000008002e4c        0x8 zephyr/drivers/timer/libdrivers__timer.a(cortex_m_systick.c.obj)
 *(SORT_BY_NAME(SORT_BY_ALIGNMENT(.z_init_PRE_KERNEL_2_P_??_*)))
 *(SORT_BY_NAME(SORT_BY_ALIGNMENT(.z_init_PRE_KERNEL_2_P_???_*)))
                0x0000000008002e54                __init_POST_KERNEL_start = .
 *(SORT_BY_NAME(SORT_BY_ALIGNMENT(.z_init_POST_KERNEL_P_?_*)))
 *(SORT_BY_NAME(SORT_BY_ALIGNMENT(.z_init_POST_KERNEL_P_??_*)))
 .z_init_POST_KERNEL_P_35_SUB_0_
                0x0000000008002e54        0x8 zephyr/lib/libc/common/liblib__libc__common.a(malloc.c.obj)
 *(SORT_BY_NAME(SORT_BY_ALIGNMENT(.z_init_POST_KERNEL_P_???_*)))
                0x0000000008002e5c                __init_APPLICATION_start = .
 *(SORT_BY_NAME(SORT_BY_ALIGNMENT(.z_init_APPLICATION_P_?_*)))
 *(SORT_BY_NAME(SORT_BY_ALIGNMENT(.z_init_APPLICATION_P_??_*)))
 *(SORT_BY_NAME(SORT_BY_ALIGNMENT(.z_init_APPLICATION_P_???_*)))
                0x0000000008002e5c                __init_SMP_start = .
 *(SORT_BY_NAME(SORT_BY_ALIGNMENT(.z_init_SMP_P_?_*)))
 *(SORT_BY_NAME(SORT_BY_ALIGNMENT(.z_init_SMP_P_??_*)))
 *(SORT_BY_NAME(SORT_BY_ALIGNMENT(.z_init_SMP_P_???_*)))
                0x0000000008002e5c                __init_end = .

device_area     0x0000000008002e5c      0x118
                0x0000000008002e5c                _device_list_start = .
 *(SORT_BY_NAME(SORT_BY_ALIGNMENT(._device.static.*_?_*)))
 ._device.static.1_1_
                0x0000000008002e5c       0x1c zephyr/drivers/clock_control/libdrivers__clock_control.a(clock_stm32_ll_common.c.obj)
                0x0000000008002e5c                __device_dts_ord_9
 *(SORT_BY_NAME(SORT_BY_ALIGNMENT(._device.static.*_??_*)))
 ._device.static.1_35_
                0x0000000008002e78       0x1c zephyr/drivers/reset/libdrivers__reset.a(reset_stm32.c.obj)
                0x0000000008002e78                __device_dts_ord_46
 ._device.static.1_40_
                0x0000000008002e94       0x1c zephyr/drivers/interrupt_controller/libdrivers__interrupt_controller.a(intc_exti_stm32.c.obj)
                0x0000000008002e94                __device_dts_ord_42
 ._device.static.1_40_
                0x0000000008002eb0       0x8c zephyr/drivers/gpio/libdrivers__gpio.a(gpio_stm32.c.obj)
                0x0000000008002eb0                __device_dts_ord_77
                0x0000000008002ecc                __device_dts_ord_76
                0x0000000008002ee8                __device_dts_ord_30
                0x0000000008002f04                __device_dts_ord_59
                0x0000000008002f20                __device_dts_ord_33
 ._device.static.1_50_
                0x0000000008002f3c       0x38 zephyr/drivers/serial/libdrivers__serial.a(uart_stm32.c.obj)
                0x0000000008002f3c                __device_dts_ord_47
                0x0000000008002f58                __device_dts_ord_53
 *(SORT_BY_NAME(SORT_BY_ALIGNMENT(._device.static.*_???_*)))
 *(SORT_BY_NAME(SORT_BY_ALIGNMENT(._device.static.*_????_*)))
 *(SORT_BY_NAME(SORT_BY_ALIGNMENT(._device.static.*_?????_*)))
                0x0000000008002f74                _device_list_end = .

sw_isr_table    0x0000000008002f74      0x158
                0x0000000008002f74                . = ALIGN (0x4)
 *(SORT_BY_ALIGNMENT(.gnu.linkonce.sw_isr_table*))
 .gnu.linkonce.sw_isr_table
                0x0000000008002f74      0x158 zephyr/CMakeFiles/zephyr_final.dir/isr_tables.c.obj
                0x0000000008002f74                _sw_isr_table

initlevel_error
                0x0000000008002ddc        0x0
 *(SORT_BY_NAME(SORT_BY_ALIGNMENT(.z_init_*)))
                0x0000000000000001                ASSERT ((SIZEOF (initlevel_error) == 0x0), Undefined initialization levels used.)

app_shmem_regions
                0x00000000080030cc        0x0
                0x00000000080030cc                __app_shmem_regions_start = .
 *(SORT_BY_NAME(SORT_BY_ALIGNMENT(.app_regions.*)))
                0x00000000080030cc                __app_shmem_regions_end = .

k_p4wq_initparam_area
                0x00000000080030cc        0x0
                0x00000000080030cc                _k_p4wq_initparam_list_start = .
 *(SORT_BY_NAME(SORT_BY_ALIGNMENT(._k_p4wq_initparam.static.*)))
                0x00000000080030cc                _k_p4wq_initparam_list_end = .

_static_thread_data_area
                0x00000000080030cc        0x0
                0x00000000080030cc                __static_thread_data_list_start = .
 *(SORT_BY_NAME(SORT_BY_ALIGNMENT(.__static_thread_data.static.*)))
                0x00000000080030cc                __static_thread_data_list_end = .

device_deps     0x00000000080030cc        0x0
                0x00000000080030cc                __device_deps_start = .
 *(SORT_BY_NAME(SORT_BY_ALIGNMENT(.__device_deps_pass2*)))
                0x00000000080030cc                __device_deps_end = .

gpio_driver_api_area
                0x00000000080030cc       0x24
                0x00000000080030cc                _gpio_driver_api_list_start = .
 *(SORT_BY_NAME(SORT_BY_ALIGNMENT(._gpio_driver_api.static.*)))
 ._gpio_driver_api.static.gpio_stm32_driver_
                0x00000000080030cc       0x24 zephyr/drivers/gpio/libdrivers__gpio.a(gpio_stm32.c.obj)
                0x00000000080030f0                _gpio_driver_api_list_end = .

reset_driver_api_area
                0x00000000080030f0       0x10
                0x00000000080030f0                _reset_driver_api_list_start = .
 *(SORT_BY_NAME(SORT_BY_ALIGNMENT(._reset_driver_api.static.*)))
 ._reset_driver_api.static.reset_stm32_driver_api_
                0x00000000080030f0       0x10 zephyr/drivers/reset/libdrivers__reset.a(reset_stm32.c.obj)
                0x0000000008003100                _reset_driver_api_list_end = .

shared_irq_driver_api_area
                0x0000000008003100        0x0
                0x0000000008003100                _shared_irq_driver_api_list_start = .
 *(SORT_BY_NAME(SORT_BY_ALIGNMENT(._shared_irq_driver_api.static.*)))
                0x0000000008003100                _shared_irq_driver_api_list_end = .

crypto_driver_api_area
                0x0000000008003100        0x0
                0x0000000008003100                _crypto_driver_api_list_start = .
 *(SORT_BY_NAME(SORT_BY_ALIGNMENT(._crypto_driver_api.static.*)))
                0x0000000008003100                _crypto_driver_api_list_end = .

adc_driver_api_area
                0x0000000008003100        0x0
                0x0000000008003100                _adc_driver_api_list_start = .
 *(SORT_BY_NAME(SORT_BY_ALIGNMENT(._adc_driver_api.static.*)))
                0x0000000008003100                _adc_driver_api_list_end = .

auxdisplay_driver_api_area
                0x0000000008003100        0x0
                0x0000000008003100                _auxdisplay_driver_api_list_start = .
 *(SORT_BY_NAME(SORT_BY_ALIGNMENT(._auxdisplay_driver_api.static.*)))
                0x0000000008003100                _auxdisplay_driver_api_list_end = .

bbram_driver_api_area
                0x0000000008003100        0x0
                0x0000000008003100                _bbram_driver_api_list_start = .
 *(SORT_BY_NAME(SORT_BY_ALIGNMENT(._bbram_driver_api.static.*)))
                0x0000000008003100                _bbram_driver_api_list_end = .

bt_hci_driver_api_area
                0x0000000008003100        0x0
                0x0000000008003100                _bt_hci_driver_api_list_start = .
 *(SORT_BY_NAME(SORT_BY_ALIGNMENT(._bt_hci_driver_api.static.*)))
                0x0000000008003100                _bt_hci_driver_api_list_end = .

can_driver_api_area
                0x0000000008003100        0x0
                0x0000000008003100                _can_driver_api_list_start = .
 *(SORT_BY_NAME(SORT_BY_ALIGNMENT(._can_driver_api.static.*)))
                0x0000000008003100                _can_driver_api_list_end = .

cellular_driver_api_area
                0x0000000008003100        0x0
                0x0000000008003100                _cellular_driver_api_list_start = .
 *(SORT_BY_NAME(SORT_BY_ALIGNMENT(._cellular_driver_api.static.*)))
                0x0000000008003100                _cellular_driver_api_list_end = .

charger_driver_api_area
                0x0000000008003100        0x0
                0x0000000008003100                _charger_driver_api_list_start = .
 *(SORT_BY_NAME(SORT_BY_ALIGNMENT(._charger_driver_api.static.*)))
                0x0000000008003100                _charger_driver_api_list_end = .

clock_control_driver_api_area
                0x0000000008003100       0x1c
                0x0000000008003100                _clock_control_driver_api_list_start = .
 *(SORT_BY_NAME(SORT_BY_ALIGNMENT(._clock_control_driver_api.static.*)))
 ._clock_control_driver_api.static.stm32_clock_control_api_
                0x0000000008003100       0x1c zephyr/drivers/clock_control/libdrivers__clock_control.a(clock_stm32_ll_common.c.obj)
                0x000000000800311c                _clock_control_driver_api_list_end = .

comparator_driver_api_area
                0x000000000800311c        0x0
                0x000000000800311c                _comparator_driver_api_list_start = .
 *(SORT_BY_NAME(SORT_BY_ALIGNMENT(._comparator_driver_api.static.*)))
                0x000000000800311c                _comparator_driver_api_list_end = .

coredump_driver_api_area
                0x000000000800311c        0x0
                0x000000000800311c                _coredump_driver_api_list_start = .
 *(SORT_BY_NAME(SORT_BY_ALIGNMENT(._coredump_driver_api.static.*)))
                0x000000000800311c                _coredump_driver_api_list_end = .

counter_driver_api_area
                0x000000000800311c        0x0
                0x000000000800311c                _counter_driver_api_list_start = .
 *(SORT_BY_NAME(SORT_BY_ALIGNMENT(._counter_driver_api.static.*)))
                0x000000000800311c                _counter_driver_api_list_end = .

crc_driver_api_area
                0x000000000800311c        0x0
                0x000000000800311c                _crc_driver_api_list_start = .
 *(SORT_BY_NAME(SORT_BY_ALIGNMENT(._crc_driver_api.static.*)))
                0x000000000800311c                _crc_driver_api_list_end = .

dac_driver_api_area
                0x000000000800311c        0x0
                0x000000000800311c                _dac_driver_api_list_start = .
 *(SORT_BY_NAME(SORT_BY_ALIGNMENT(._dac_driver_api.static.*)))
                0x000000000800311c                _dac_driver_api_list_end = .

dai_driver_api_area
                0x000000000800311c        0x0
                0x000000000800311c                _dai_driver_api_list_start = .
 *(SORT_BY_NAME(SORT_BY_ALIGNMENT(._dai_driver_api.static.*)))
                0x000000000800311c                _dai_driver_api_list_end = .

display_driver_api_area
                0x000000000800311c        0x0
                0x000000000800311c                _display_driver_api_list_start = .
 *(SORT_BY_NAME(SORT_BY_ALIGNMENT(._display_driver_api.static.*)))
                0x000000000800311c                _display_driver_api_list_end = .

dma_driver_api_area
                0x000000000800311c        0x0
                0x000000000800311c                _dma_driver_api_list_start = .
 *(SORT_BY_NAME(SORT_BY_ALIGNMENT(._dma_driver_api.static.*)))
                0x000000000800311c                _dma_driver_api_list_end = .

edac_driver_api_area
                0x000000000800311c        0x0
                0x000000000800311c                _edac_driver_api_list_start = .
 *(SORT_BY_NAME(SORT_BY_ALIGNMENT(._edac_driver_api.static.*)))
                0x000000000800311c                _edac_driver_api_list_end = .

eeprom_driver_api_area
                0x000000000800311c        0x0
                0x000000000800311c                _eeprom_driver_api_list_start = .
 *(SORT_BY_NAME(SORT_BY_ALIGNMENT(._eeprom_driver_api.static.*)))
                0x000000000800311c                _eeprom_driver_api_list_end = .

emul_bbram_driver_api_area
                0x000000000800311c        0x0
                0x000000000800311c                _emul_bbram_driver_api_list_start = .
 *(SORT_BY_NAME(SORT_BY_ALIGNMENT(._emul_bbram_driver_api.static.*)))
                0x000000000800311c                _emul_bbram_driver_api_list_end = .

fuel_gauge_emul_driver_api_area
                0x000000000800311c        0x0
                0x000000000800311c                _fuel_gauge_emul_driver_api_list_start = .
 *(SORT_BY_NAME(SORT_BY_ALIGNMENT(._fuel_gauge_emul_driver_api.static.*)))
                0x000000000800311c                _fuel_gauge_emul_driver_api_list_end = .

emul_sensor_driver_api_area
                0x000000000800311c        0x0
                0x000000000800311c                _emul_sensor_driver_api_list_start = .
 *(SORT_BY_NAME(SORT_BY_ALIGNMENT(._emul_sensor_driver_api.static.*)))
                0x000000000800311c                _emul_sensor_driver_api_list_end = .

entropy_driver_api_area
                0x000000000800311c        0x0
                0x000000000800311c                _entropy_driver_api_list_start = .
 *(SORT_BY_NAME(SORT_BY_ALIGNMENT(._entropy_driver_api.static.*)))
                0x000000000800311c                _entropy_driver_api_list_end = .

espi_driver_api_area
                0x000000000800311c        0x0
                0x000000000800311c                _espi_driver_api_list_start = .
 *(SORT_BY_NAME(SORT_BY_ALIGNMENT(._espi_driver_api.static.*)))
                0x000000000800311c                _espi_driver_api_list_end = .

espi_saf_driver_api_area
                0x000000000800311c        0x0
                0x000000000800311c                _espi_saf_driver_api_list_start = .
 *(SORT_BY_NAME(SORT_BY_ALIGNMENT(._espi_saf_driver_api.static.*)))
                0x000000000800311c                _espi_saf_driver_api_list_end = .

flash_driver_api_area
                0x000000000800311c        0x0
                0x000000000800311c                _flash_driver_api_list_start = .
 *(SORT_BY_NAME(SORT_BY_ALIGNMENT(._flash_driver_api.static.*)))
                0x000000000800311c                _flash_driver_api_list_end = .

fpga_driver_api_area
                0x000000000800311c        0x0
                0x000000000800311c                _fpga_driver_api_list_start = .
 *(SORT_BY_NAME(SORT_BY_ALIGNMENT(._fpga_driver_api.static.*)))
                0x000000000800311c                _fpga_driver_api_list_end = .

fuel_gauge_driver_api_area
                0x000000000800311c        0x0
                0x000000000800311c                _fuel_gauge_driver_api_list_start = .
 *(SORT_BY_NAME(SORT_BY_ALIGNMENT(._fuel_gauge_driver_api.static.*)))
                0x000000000800311c                _fuel_gauge_driver_api_list_end = .

gnss_driver_api_area
                0x000000000800311c        0x0
                0x000000000800311c                _gnss_driver_api_list_start = .
 *(SORT_BY_NAME(SORT_BY_ALIGNMENT(._gnss_driver_api.static.*)))
                0x000000000800311c                _gnss_driver_api_list_end = .

haptics_driver_api_area
                0x000000000800311c        0x0
                0x000000000800311c                _haptics_driver_api_list_start = .
 *(SORT_BY_NAME(SORT_BY_ALIGNMENT(._haptics_driver_api.static.*)))
                0x000000000800311c                _haptics_driver_api_list_end = .

hwspinlock_driver_api_area
                0x000000000800311c        0x0
                0x000000000800311c                _hwspinlock_driver_api_list_start = .
 *(SORT_BY_NAME(SORT_BY_ALIGNMENT(._hwspinlock_driver_api.static.*)))
                0x000000000800311c                _hwspinlock_driver_api_list_end = .

i2c_driver_api_area
                0x000000000800311c        0x0
                0x000000000800311c                _i2c_driver_api_list_start = .
 *(SORT_BY_NAME(SORT_BY_ALIGNMENT(._i2c_driver_api.static.*)))
                0x000000000800311c                _i2c_driver_api_list_end = .

i2c_target_driver_api_area
                0x000000000800311c        0x0
                0x000000000800311c                _i2c_target_driver_api_list_start = .
 *(SORT_BY_NAME(SORT_BY_ALIGNMENT(._i2c_target_driver_api.static.*)))
                0x000000000800311c                _i2c_target_driver_api_list_end = .

i2s_driver_api_area
                0x000000000800311c        0x0
                0x000000000800311c                _i2s_driver_api_list_start = .
 *(SORT_BY_NAME(SORT_BY_ALIGNMENT(._i2s_driver_api.static.*)))
                0x000000000800311c                _i2s_driver_api_list_end = .

i3c_driver_api_area
                0x000000000800311c        0x0
                0x000000000800311c                _i3c_driver_api_list_start = .
 *(SORT_BY_NAME(SORT_BY_ALIGNMENT(._i3c_driver_api.static.*)))
                0x000000000800311c                _i3c_driver_api_list_end = .

ipm_driver_api_area
                0x000000000800311c        0x0
                0x000000000800311c                _ipm_driver_api_list_start = .
 *(SORT_BY_NAME(SORT_BY_ALIGNMENT(._ipm_driver_api.static.*)))
                0x000000000800311c                _ipm_driver_api_list_end = .

led_driver_api_area
                0x000000000800311c        0x0
                0x000000000800311c                _led_driver_api_list_start = .
 *(SORT_BY_NAME(SORT_BY_ALIGNMENT(._led_driver_api.static.*)))
                0x000000000800311c                _led_driver_api_list_end = .

led_strip_driver_api_area
                0x000000000800311c        0x0
                0x000000000800311c                _led_strip_driver_api_list_start = .
 *(SORT_BY_NAME(SORT_BY_ALIGNMENT(._led_strip_driver_api.static.*)))
                0x000000000800311c                _led_strip_driver_api_list_end = .

lora_driver_api_area
                0x000000000800311c        0x0
                0x000000000800311c                _lora_driver_api_list_start = .
 *(SORT_BY_NAME(SORT_BY_ALIGNMENT(._lora_driver_api.static.*)))
                0x000000000800311c                _lora_driver_api_list_end = .

mbox_driver_api_area
                0x000000000800311c        0x0
                0x000000000800311c                _mbox_driver_api_list_start = .
 *(SORT_BY_NAME(SORT_BY_ALIGNMENT(._mbox_driver_api.static.*)))
                0x000000000800311c                _mbox_driver_api_list_end = .

mdio_driver_api_area
                0x000000000800311c        0x0
                0x000000000800311c                _mdio_driver_api_list_start = .
 *(SORT_BY_NAME(SORT_BY_ALIGNMENT(._mdio_driver_api.static.*)))
                0x000000000800311c                _mdio_driver_api_list_end = .

mipi_dbi_driver_api_area
                0x000000000800311c        0x0
                0x000000000800311c                _mipi_dbi_driver_api_list_start = .
 *(SORT_BY_NAME(SORT_BY_ALIGNMENT(._mipi_dbi_driver_api.static.*)))
                0x000000000800311c                _mipi_dbi_driver_api_list_end = .

mipi_dsi_driver_api_area
                0x000000000800311c        0x0
                0x000000000800311c                _mipi_dsi_driver_api_list_start = .
 *(SORT_BY_NAME(SORT_BY_ALIGNMENT(._mipi_dsi_driver_api.static.*)))
                0x000000000800311c                _mipi_dsi_driver_api_list_end = .

mspi_driver_api_area
                0x000000000800311c        0x0
                0x000000000800311c                _mspi_driver_api_list_start = .
 *(SORT_BY_NAME(SORT_BY_ALIGNMENT(._mspi_driver_api.static.*)))
                0x000000000800311c                _mspi_driver_api_list_end = .

opamp_driver_api_area
                0x000000000800311c        0x0
                0x000000000800311c                _opamp_driver_api_list_start = .
 *(SORT_BY_NAME(SORT_BY_ALIGNMENT(._opamp_driver_api.static.*)))
                0x000000000800311c                _opamp_driver_api_list_end = .

otp_driver_api_area
                0x000000000800311c        0x0
                0x000000000800311c                _otp_driver_api_list_start = .
 *(SORT_BY_NAME(SORT_BY_ALIGNMENT(._otp_driver_api.static.*)))
                0x000000000800311c                _otp_driver_api_list_end = .

peci_driver_api_area
                0x000000000800311c        0x0
                0x000000000800311c                _peci_driver_api_list_start = .
 *(SORT_BY_NAME(SORT_BY_ALIGNMENT(._peci_driver_api.static.*)))
                0x000000000800311c                _peci_driver_api_list_end = .

ps2_driver_api_area
                0x000000000800311c        0x0
                0x000000000800311c                _ps2_driver_api_list_start = .
 *(SORT_BY_NAME(SORT_BY_ALIGNMENT(._ps2_driver_api.static.*)))
                0x000000000800311c                _ps2_driver_api_list_end = .

ptp_clock_driver_api_area
                0x000000000800311c        0x0
                0x000000000800311c                _ptp_clock_driver_api_list_start = .
 *(SORT_BY_NAME(SORT_BY_ALIGNMENT(._ptp_clock_driver_api.static.*)))
                0x000000000800311c                _ptp_clock_driver_api_list_end = .

pwm_driver_api_area
                0x000000000800311c        0x0
                0x000000000800311c                _pwm_driver_api_list_start = .
 *(SORT_BY_NAME(SORT_BY_ALIGNMENT(._pwm_driver_api.static.*)))
                0x000000000800311c                _pwm_driver_api_list_end = .

regulator_parent_driver_api_area
                0x000000000800311c        0x0
                0x000000000800311c                _regulator_parent_driver_api_list_start = .
 *(SORT_BY_NAME(SORT_BY_ALIGNMENT(._regulator_parent_driver_api.static.*)))
                0x000000000800311c                _regulator_parent_driver_api_list_end = .

regulator_driver_api_area
                0x000000000800311c        0x0
                0x000000000800311c                _regulator_driver_api_list_start = .
 *(SORT_BY_NAME(SORT_BY_ALIGNMENT(._regulator_driver_api.static.*)))
                0x000000000800311c                _regulator_driver_api_list_end = .

retained_mem_driver_api_area
                0x000000000800311c        0x0
                0x000000000800311c                _retained_mem_driver_api_list_start = .
 *(SORT_BY_NAME(SORT_BY_ALIGNMENT(._retained_mem_driver_api.static.*)))
                0x000000000800311c                _retained_mem_driver_api_list_end = .

rtc_driver_api_area
                0x000000000800311c        0x0
                0x000000000800311c                _rtc_driver_api_list_start = .
 *(SORT_BY_NAME(SORT_BY_ALIGNMENT(._rtc_driver_api.static.*)))
                0x000000000800311c                _rtc_driver_api_list_end = .

sdhc_driver_api_area
                0x000000000800311c        0x0
                0x000000000800311c                _sdhc_driver_api_list_start = .
 *(SORT_BY_NAME(SORT_BY_ALIGNMENT(._sdhc_driver_api.static.*)))
                0x000000000800311c                _sdhc_driver_api_list_end = .

sensor_driver_api_area
                0x000000000800311c        0x0
                0x000000000800311c                _sensor_driver_api_list_start = .
 *(SORT_BY_NAME(SORT_BY_ALIGNMENT(._sensor_driver_api.static.*)))
                0x000000000800311c                _sensor_driver_api_list_end = .

smbus_driver_api_area
                0x000000000800311c        0x0
                0x000000000800311c                _smbus_driver_api_list_start = .
 *(SORT_BY_NAME(SORT_BY_ALIGNMENT(._smbus_driver_api.static.*)))
                0x000000000800311c                _smbus_driver_api_list_end = .

spi_driver_api_area
                0x000000000800311c        0x0
                0x000000000800311c                _spi_driver_api_list_start = .
 *(SORT_BY_NAME(SORT_BY_ALIGNMENT(._spi_driver_api.static.*)))
                0x000000000800311c                _spi_driver_api_list_end = .

stepper_driver_api_area
                0x000000000800311c        0x0
                0x000000000800311c                _stepper_driver_api_list_start = .
 *(SORT_BY_NAME(SORT_BY_ALIGNMENT(._stepper_driver_api.static.*)))
                0x000000000800311c                _stepper_driver_api_list_end = .

stepper_drv_driver_api_area
                0x000000000800311c        0x0
                0x000000000800311c                _stepper_drv_driver_api_list_start = .
 *(SORT_BY_NAME(SORT_BY_ALIGNMENT(._stepper_drv_driver_api.static.*)))
                0x000000000800311c                _stepper_drv_driver_api_list_end = .

syscon_driver_api_area
                0x000000000800311c        0x0
                0x000000000800311c                _syscon_driver_api_list_start = .
 *(SORT_BY_NAME(SORT_BY_ALIGNMENT(._syscon_driver_api.static.*)))
                0x000000000800311c                _syscon_driver_api_list_end = .

tee_driver_api_area
                0x000000000800311c        0x0
                0x000000000800311c                _tee_driver_api_list_start = .
 *(SORT_BY_NAME(SORT_BY_ALIGNMENT(._tee_driver_api.static.*)))
                0x000000000800311c                _tee_driver_api_list_end = .

video_driver_api_area
                0x000000000800311c        0x0
                0x000000000800311c                _video_driver_api_list_start = .
 *(SORT_BY_NAME(SORT_BY_ALIGNMENT(._video_driver_api.static.*)))
                0x000000000800311c                _video_driver_api_list_end = .

virtio_driver_api_area
                0x000000000800311c        0x0
                0x000000000800311c                _virtio_driver_api_list_start = .
 *(SORT_BY_NAME(SORT_BY_ALIGNMENT(._virtio_driver_api.static.*)))
                0x000000000800311c                _virtio_driver_api_list_end = .

w1_driver_api_area
                0x000000000800311c        0x0
                0x000000000800311c                _w1_driver_api_list_start = .
 *(SORT_BY_NAME(SORT_BY_ALIGNMENT(._w1_driver_api.static.*)))
                0x000000000800311c                _w1_driver_api_list_end = .

wdt_driver_api_area
                0x000000000800311c        0x0
                0x000000000800311c                _wdt_driver_api_list_start = .
 *(SORT_BY_NAME(SORT_BY_ALIGNMENT(._wdt_driver_api.static.*)))
                0x000000000800311c                _wdt_driver_api_list_end = .

can_transceiver_driver_api_area
                0x000000000800311c        0x0
                0x000000000800311c                _can_transceiver_driver_api_list_start = .
 *(SORT_BY_NAME(SORT_BY_ALIGNMENT(._can_transceiver_driver_api.static.*)))
                0x000000000800311c                _can_transceiver_driver_api_list_end = .

nrf_clock_control_driver_api_area
                0x000000000800311c        0x0
                0x000000000800311c                _nrf_clock_control_driver_api_list_start = .
 *(SORT_BY_NAME(SORT_BY_ALIGNMENT(._nrf_clock_control_driver_api.static.*)))
                0x000000000800311c                _nrf_clock_control_driver_api_list_end = .

i3c_target_driver_api_area
                0x000000000800311c        0x0
                0x000000000800311c                _i3c_target_driver_api_list_start = .
 *(SORT_BY_NAME(SORT_BY_ALIGNMENT(._i3c_target_driver_api.static.*)))
                0x000000000800311c                _i3c_target_driver_api_list_end = .

its_driver_api_area
                0x000000000800311c        0x0
                0x000000000800311c                _its_driver_api_list_start = .
 *(SORT_BY_NAME(SORT_BY_ALIGNMENT(._its_driver_api.static.*)))
                0x000000000800311c                _its_driver_api_list_end = .

vtd_driver_api_area
                0x000000000800311c        0x0
                0x000000000800311c                _vtd_driver_api_list_start = .
 *(SORT_BY_NAME(SORT_BY_ALIGNMENT(._vtd_driver_api.static.*)))
                0x000000000800311c                _vtd_driver_api_list_end = .

renesas_elc_driver_api_area
                0x000000000800311c        0x0
                0x000000000800311c                _renesas_elc_driver_api_list_start = .
 *(SORT_BY_NAME(SORT_BY_ALIGNMENT(._renesas_elc_driver_api.static.*)))
                0x000000000800311c                _renesas_elc_driver_api_list_end = .

tgpio_driver_api_area
                0x000000000800311c        0x0
                0x000000000800311c                _tgpio_driver_api_list_start = .
 *(SORT_BY_NAME(SORT_BY_ALIGNMENT(._tgpio_driver_api.static.*)))
                0x000000000800311c                _tgpio_driver_api_list_end = .

pcie_ctrl_driver_api_area
                0x000000000800311c        0x0
                0x000000000800311c                _pcie_ctrl_driver_api_list_start = .
 *(SORT_BY_NAME(SORT_BY_ALIGNMENT(._pcie_ctrl_driver_api.static.*)))
                0x000000000800311c                _pcie_ctrl_driver_api_list_end = .

pcie_ep_driver_api_area
                0x000000000800311c        0x0
                0x000000000800311c                _pcie_ep_driver_api_list_start = .
 *(SORT_BY_NAME(SORT_BY_ALIGNMENT(._pcie_ep_driver_api.static.*)))
                0x000000000800311c                _pcie_ep_driver_api_list_end = .

psi5_driver_api_area
                0x000000000800311c        0x0
                0x000000000800311c                _psi5_driver_api_list_start = .
 *(SORT_BY_NAME(SORT_BY_ALIGNMENT(._psi5_driver_api.static.*)))
                0x000000000800311c                _psi5_driver_api_list_end = .

sent_driver_api_area
                0x000000000800311c        0x0
                0x000000000800311c                _sent_driver_api_list_start = .
 *(SORT_BY_NAME(SORT_BY_ALIGNMENT(._sent_driver_api.static.*)))
                0x000000000800311c                _sent_driver_api_list_end = .

svc_driver_api_area
                0x000000000800311c        0x0
                0x000000000800311c                _svc_driver_api_list_start = .
 *(SORT_BY_NAME(SORT_BY_ALIGNMENT(._svc_driver_api.static.*)))
                0x000000000800311c                _svc_driver_api_list_end = .

uart_driver_api_area
                0x000000000800311c       0x14
                0x000000000800311c                _uart_driver_api_list_start = .
 *(SORT_BY_NAME(SORT_BY_ALIGNMENT(._uart_driver_api.static.*)))
 ._uart_driver_api.static.uart_stm32_driver_api_
                0x000000000800311c       0x14 zephyr/drivers/serial/libdrivers__serial.a(uart_stm32.c.obj)
                0x0000000008003130                _uart_driver_api_list_end = .

bc12_emul_driver_api_area
                0x0000000008003130        0x0
                0x0000000008003130                _bc12_emul_driver_api_list_start = .
 *(SORT_BY_NAME(SORT_BY_ALIGNMENT(._bc12_emul_driver_api.static.*)))
                0x0000000008003130                _bc12_emul_driver_api_list_end = .

bc12_driver_api_area
                0x0000000008003130        0x0
                0x0000000008003130                _bc12_driver_api_list_start = .
 *(SORT_BY_NAME(SORT_BY_ALIGNMENT(._bc12_driver_api.static.*)))
                0x0000000008003130                _bc12_driver_api_list_end = .

usbc_ppc_driver_api_area
                0x0000000008003130        0x0
                0x0000000008003130                _usbc_ppc_driver_api_list_start = .
 *(SORT_BY_NAME(SORT_BY_ALIGNMENT(._usbc_ppc_driver_api.static.*)))
                0x0000000008003130                _usbc_ppc_driver_api_list_end = .

tcpc_driver_api_area
                0x0000000008003130        0x0
                0x0000000008003130                _tcpc_driver_api_list_start = .
 *(SORT_BY_NAME(SORT_BY_ALIGNMENT(._tcpc_driver_api.static.*)))
                0x0000000008003130                _tcpc_driver_api_list_end = .

usbc_vbus_driver_api_area
                0x0000000008003130        0x0
                0x0000000008003130                _usbc_vbus_driver_api_list_start = .
 *(SORT_BY_NAME(SORT_BY_ALIGNMENT(._usbc_vbus_driver_api.static.*)))
                0x0000000008003130                _usbc_vbus_driver_api_list_end = .

ivshmem_driver_api_area
                0x0000000008003130        0x0
                0x0000000008003130                _ivshmem_driver_api_list_start = .
 *(SORT_BY_NAME(SORT_BY_ALIGNMENT(._ivshmem_driver_api.static.*)))
                0x0000000008003130                _ivshmem_driver_api_list_end = .

ethphy_driver_api_area
                0x0000000008003130        0x0
                0x0000000008003130                _ethphy_driver_api_list_start = .
 *(SORT_BY_NAME(SORT_BY_ALIGNMENT(._ethphy_driver_api.static.*)))
                0x0000000008003130                _ethphy_driver_api_list_end = .

ztest           0x0000000008003130        0x0
                0x0000000008003130                _ztest_expected_result_entry_list_start = .
 *(SORT_BY_NAME(SORT_BY_ALIGNMENT(._ztest_expected_result_entry.static.*)))
                0x0000000008003130                _ztest_expected_result_entry_list_end = .
                0x0000000008003130                _ztest_suite_node_list_start = .
 *(SORT_BY_NAME(SORT_BY_ALIGNMENT(._ztest_suite_node.static.*)))
                0x0000000008003130                _ztest_suite_node_list_end = .
                0x0000000008003130                _ztest_unit_test_list_start = .
 *(SORT_BY_NAME(SORT_BY_ALIGNMENT(._ztest_unit_test.static.*)))
                0x0000000008003130                _ztest_unit_test_list_end = .
                0x0000000008003130                _ztest_test_rule_list_start = .
 *(SORT_BY_NAME(SORT_BY_ALIGNMENT(._ztest_test_rule.static.*)))
                0x0000000008003130                _ztest_test_rule_list_end = .

init_array      0x0000000008003130        0x0
                0x0000000008003130                __zephyr_init_array_start = .
 *(SORT_BY_INIT_PRIORITY(.init_array.*) SORT_BY_INIT_PRIORITY(.ctors.*))
 *(SORT_BY_ALIGNMENT(.init_array) SORT_BY_ALIGNMENT(.ctors))
                0x0000000008003130                __zephyr_init_array_end = .

bt_l2cap_fixed_chan_area
                0x0000000008003130        0x0
                0x0000000008003130                _bt_l2cap_fixed_chan_list_start = .
 *(SORT_BY_NAME(SORT_BY_ALIGNMENT(._bt_l2cap_fixed_chan.static.*)))
                0x0000000008003130                _bt_l2cap_fixed_chan_list_end = .

bt_gatt_service_static_area
                0x0000000008003130        0x0
                0x0000000008003130                _bt_gatt_service_static_list_start = .
 *(SORT_BY_NAME(SORT_BY_ALIGNMENT(._bt_gatt_service_static.static.*)))
                0x0000000008003130                _bt_gatt_service_static_list_end = .

log_strings_area
                0x0000000008003130        0x0
                0x0000000008003130                _log_strings_list_start = .
 *(SORT_BY_NAME(SORT_BY_ALIGNMENT(._log_strings.static.*)))
                0x0000000008003130                _log_strings_list_end = .

log_stmesp_ptr_area
                0x0000000008003130        0x0
                0x0000000008003130                _log_stmesp_ptr_list_start = .
 *(SORT_BY_NAME(SORT_BY_ALIGNMENT(._log_stmesp_ptr.static.*)))
                0x0000000008003130                _log_stmesp_ptr_list_end = .

log_stmesp_str_area
                0x0000000008003130        0x0
                0x0000000008003130                _log_stmesp_str_list_start = .
 *(SORT_BY_NAME(SORT_BY_ALIGNMENT(._log_stmesp_str.static.*)))
                0x0000000008003130                _log_stmesp_str_list_end = .

log_const_area  0x0000000008003130        0x0
                0x0000000008003130                _log_const_list_start = .
 *(SORT_BY_NAME(SORT_BY_ALIGNMENT(._log_const.static.*)))
                0x0000000008003130                _log_const_list_end = .

log_backend_area
                0x0000000008003130        0x0
                0x0000000008003130                _log_backend_list_start = .
 *(SORT_BY_NAME(SORT_BY_ALIGNMENT(._log_backend.static.*)))
                0x0000000008003130                _log_backend_list_end = .

log_link_area   0x0000000008003130        0x0
                0x0000000008003130                _log_link_list_start = .
 *(SORT_BY_NAME(SORT_BY_ALIGNMENT(._log_link.static.*)))
                0x0000000008003130                _log_link_list_end = .

tracing_backend_area
                0x0000000008003130        0x0
                0x0000000008003130                _tracing_backend_list_start = .
 *(SORT_BY_NAME(SORT_BY_ALIGNMENT(._tracing_backend.static.*)))
                0x0000000008003130                _tracing_backend_list_end = .

zephyr_dbg_info
 *(SORT_BY_ALIGNMENT(.dbg_thread_info))

intc_table_area
                0x0000000008003130        0x0
                0x0000000008003130                _intc_table_list_start = .
 *(SORT_BY_NAME(SORT_BY_ALIGNMENT(._intc_table.static.*)))
                0x0000000008003130                _intc_table_list_end = .

symbol_to_keep  0x0000000008003130        0x0
                0x0000000008003130                __symbol_to_keep_start = .
 *(SORT_BY_NAME(SORT_BY_ALIGNMENT(.symbol_to_keep*)))
                0x0000000008003130                __symbol_to_keep_end = .

shell_area      0x0000000008003130        0x0
                0x0000000008003130                _shell_list_start = .
 *(SORT_BY_NAME(SORT_BY_ALIGNMENT(._shell.static.*)))
                0x0000000008003130                _shell_list_end = .

shell_root_cmds_area
                0x0000000008003130        0x0
                0x0000000008003130                _shell_root_cmds_list_start = .
 *(SORT_BY_NAME(SORT_BY_ALIGNMENT(._shell_root_cmds.static.*)))
                0x0000000008003130                _shell_root_cmds_list_end = .

shell_subcmds_area
                0x0000000008003130        0x0
                0x0000000008003130                _shell_subcmds_list_start = .
 *(SORT_BY_NAME(SORT_BY_ALIGNMENT(._shell_subcmds.static.*)))
                0x0000000008003130                _shell_subcmds_list_end = .

shell_dynamic_subcmds_area
                0x0000000008003130        0x0
                0x0000000008003130                _shell_dynamic_subcmds_list_start = .
 *(SORT_BY_NAME(SORT_BY_ALIGNMENT(._shell_dynamic_subcmds.static.*)))
                0x0000000008003130                _shell_dynamic_subcmds_list_end = .

cfb_font_area   0x0000000008003130        0x0
                0x0000000008003130                _cfb_font_list_start = .
 *(SORT_BY_NAME(SORT_BY_ALIGNMENT(._cfb_font.static.*)))
                0x0000000008003130                _cfb_font_list_end = .

tdata           0x0000000008003130        0x0
 *(SORT_BY_ALIGNMENT(.tdata) SORT_BY_ALIGNMENT(.tdata.*) SORT_BY_ALIGNMENT(.gnu.linkonce.td.*))

tbss            0x0000000008003130        0x4
 *(SORT_BY_ALIGNMENT(.tbss) SORT_BY_ALIGNMENT(.tbss.*) SORT_BY_ALIGNMENT(.gnu.linkonce.tb.*) SORT_BY_ALIGNMENT(.tcommon))
 .tbss.z_tls_current
                0x0000000008003130        0x4 zephyr/libzephyr.a(thread_entry.c.obj)
                0x0000000008003130                z_tls_current
                0x0000000008003130                PROVIDE (__tdata_start = LOADADDR (tdata))
                0x0000000000000001                PROVIDE (__tdata_align = ALIGNOF (tdata))
                0x0000000000000000                PROVIDE (__tdata_size = (((SIZEOF (tdata) + __tdata_align) - 0x1) & ~ ((__tdata_align - 0x1))))
                [!provide]                        PROVIDE (__tdata_end = (__tdata_start + __tdata_size))
                0x0000000000000004                PROVIDE (__tbss_align = ALIGNOF (tbss))
                [!provide]                        PROVIDE (__tbss_start = ADDR (tbss))
                0x0000000000000004                PROVIDE (__tbss_size = (((SIZEOF (tbss) + __tbss_align) - 0x1) & ~ ((__tbss_align - 0x1))))
                [!provide]                        PROVIDE (__tbss_end = (__tbss_start + __tbss_size))
                [!provide]                        PROVIDE (__tls_start = __tdata_start)
                [!provide]                        PROVIDE (__tls_end = __tbss_end)
                [!provide]                        PROVIDE (__tls_size = (__tbss_end - __tdata_start))

rodata          0x0000000008003130      0x68c
 *(SORT_BY_ALIGNMENT(.rodata))
 *(SORT_BY_ALIGNMENT(.rodata.*))
 .rodata.gpio_stm32_cfg_e
                0x0000000008003130       0x14 zephyr/drivers/gpio/libdrivers__gpio.a(gpio_stm32.c.obj)
 .rodata.gpio_stm32_cfg_d
                0x0000000008003144       0x14 zephyr/drivers/gpio/libdrivers__gpio.a(gpio_stm32.c.obj)
 .rodata.gpio_stm32_cfg_c
                0x0000000008003158       0x14 zephyr/drivers/gpio/libdrivers__gpio.a(gpio_stm32.c.obj)
 .rodata.gpio_stm32_cfg_b
                0x000000000800316c       0x14 zephyr/drivers/gpio/libdrivers__gpio.a(gpio_stm32.c.obj)
 .rodata.gpio_stm32_cfg_a
                0x0000000008003180       0x14 zephyr/drivers/gpio/libdrivers__gpio.a(gpio_stm32.c.obj)
 .rodata.gpio_ports
                0x0000000008003194       0x68 zephyr/drivers/pinctrl/libdrivers__pinctrl.a(pinctrl_stm32.c.obj)
 .rodata.reset_stm32_config
                0x00000000080031fc        0x4 zephyr/drivers/reset/libdrivers__reset.a(reset_stm32.c.obj)
 .rodata.uart_stm32_cfg_1
                0x0000000008003200       0x28 zephyr/drivers/serial/libdrivers__serial.a(uart_stm32.c.obj)
 .rodata.pclken_1
                0x0000000008003228        0x8 zephyr/drivers/serial/libdrivers__serial.a(uart_stm32.c.obj)
 .rodata.__pinctrl_dev_config__device_dts_ord_47
                0x0000000008003230        0x8 zephyr/drivers/serial/libdrivers__serial.a(uart_stm32.c.obj)
 .rodata.__pinctrl_states__device_dts_ord_47
                0x0000000008003238        0x8 zephyr/drivers/serial/libdrivers__serial.a(uart_stm32.c.obj)
 .rodata.__pinctrl_state_pins_0__device_dts_ord_47
                0x0000000008003240       0x10 zephyr/drivers/serial/libdrivers__serial.a(uart_stm32.c.obj)
 .rodata.uart_stm32_cfg_0
                0x0000000008003250       0x28 zephyr/drivers/serial/libdrivers__serial.a(uart_stm32.c.obj)
 .rodata.pclken_0
                0x0000000008003278        0x8 zephyr/drivers/serial/libdrivers__serial.a(uart_stm32.c.obj)
 .rodata.__pinctrl_dev_config__device_dts_ord_53
                0x0000000008003280        0x8 zephyr/drivers/serial/libdrivers__serial.a(uart_stm32.c.obj)
 .rodata.__pinctrl_states__device_dts_ord_53
                0x0000000008003288        0x8 zephyr/drivers/serial/libdrivers__serial.a(uart_stm32.c.obj)
 .rodata.__pinctrl_state_pins_0__device_dts_ord_53
                0x0000000008003290       0x10 zephyr/drivers/serial/libdrivers__serial.a(uart_stm32.c.obj)
 .rodata.levels.0
                0x00000000080032a0       0x18 zephyr/kernel/libkernel.a(init.c.obj)
 .rodata.CSWTCH.73
                0x00000000080032b8        0x6 zephyr/drivers/serial/libdrivers__serial.a(uart_stm32.c.obj)
 .rodata.z_arm_fatal_error.str1.1
                0x00000000080032be       0xb3 zephyr/arch/arch/arm/core/libarch__arm__core.a(fatal.c.obj)
 .rodata.usage_fault.constprop.0.str1.1
                0x0000000008003371       0xd4 zephyr/arch/arch/arm/core/cortex_m/libarch__arm__core__cortex_m.a(fault.c.obj)
 .rodata.bus_fault.constprop.0.str1.1
                0x0000000008003445       0xa2 zephyr/arch/arch/arm/core/cortex_m/libarch__arm__core__cortex_m.a(fault.c.obj)
 .rodata.mem_manage_fault.constprop.0.str1.1
                0x00000000080034e7       0x9b zephyr/arch/arch/arm/core/cortex_m/libarch__arm__core__cortex_m.a(fault.c.obj)
 .rodata.z_arm_fault.str1.1
                0x0000000008003582      0x119 zephyr/arch/arch/arm/core/cortex_m/libarch__arm__core__cortex_m.a(fault.c.obj)
 .rodata.str1.1
                0x000000000800369b       0x1e zephyr/drivers/interrupt_controller/libdrivers__interrupt_controller.a(intc_exti_stm32.c.obj)
 .rodata.line_range_6.0
                0x00000000080036b9        0x2 zephyr/drivers/interrupt_controller/libdrivers__interrupt_controller.a(intc_gpio_stm32.c.obj)
 .rodata.line_range_5.1
                0x00000000080036bb        0x2 zephyr/drivers/interrupt_controller/libdrivers__interrupt_controller.a(intc_gpio_stm32.c.obj)
 .rodata.line_range_4.2
                0x00000000080036bd        0x2 zephyr/drivers/interrupt_controller/libdrivers__interrupt_controller.a(intc_gpio_stm32.c.obj)
 .rodata.line_range_3.3
                0x00000000080036bf        0x2 zephyr/drivers/interrupt_controller/libdrivers__interrupt_controller.a(intc_gpio_stm32.c.obj)
 .rodata.line_range_2.4
                0x00000000080036c1        0x2 zephyr/drivers/interrupt_controller/libdrivers__interrupt_controller.a(intc_gpio_stm32.c.obj)
 .rodata.line_range_1.5
                0x00000000080036c3        0x2 zephyr/drivers/interrupt_controller/libdrivers__interrupt_controller.a(intc_gpio_stm32.c.obj)
 .rodata.line_range_0.6
                0x00000000080036c5        0x2 zephyr/drivers/interrupt_controller/libdrivers__interrupt_controller.a(intc_gpio_stm32.c.obj)
 .rodata.str1.1
                0x00000000080036c7        0xd zephyr/drivers/clock_control/libdrivers__clock_control.a(clock_stm32_ll_common.c.obj)
 .rodata.str1.1
                0x00000000080036d4       0x46 zephyr/drivers/gpio/libdrivers__gpio.a(gpio_stm32.c.obj)
 .rodata.str1.1
                0x000000000800371a       0x11 zephyr/drivers/reset/libdrivers__reset.a(reset_stm32.c.obj)
 .rodata.str1.1
                0x000000000800372b       0x20 zephyr/drivers/serial/libdrivers__serial.a(uart_stm32.c.obj)
 .rodata.AHBPrescTable
                0x000000000800374b       0x10 modules/hal_stm32/stm32cube/lib..__modules__hal__stm32__stm32cube.a(system_stm32f1xx.c.obj)
                0x000000000800374b                AHBPrescTable
 .rodata.aPredivFactorTable.0
                0x000000000800375b        0x2 modules/hal_stm32/stm32cube/lib..__modules__hal__stm32__stm32cube.a(stm32f1xx_hal_rcc.c.obj)
 .rodata.aPLLMULFactorTable.1
                0x000000000800375d       0x10 modules/hal_stm32/stm32cube/lib..__modules__hal__stm32__stm32cube.a(stm32f1xx_hal_rcc.c.obj)
 .rodata.z_cstart.str1.1
                0x000000000800376d        0x5 zephyr/kernel/libkernel.a(init.c.obj)
 .rodata.boot_banner.str1.1
                0x0000000008003772       0x3b zephyr/kernel/libkernel.a(banner.c.obj)
 .rodata.__l_vfprintf.str1.1
                0x00000000080037ad        0xf /Users/tylerfield/zephyr-sdk/zephyr-sdk-0.17.4/arm-zephyr-eabi/bin/../lib/gcc/../../picolibc/arm-zephyr-eabi/lib/thumb/v7-m/nofp/libc.a(libc_tinystdio_vflprintf.c.o)
 *(SORT_BY_ALIGNMENT(.gnu.linkonce.r.*))
                0x00000000080037bc                . = ALIGN (0x4)

.gcc_except_table
 *(SORT_BY_ALIGNMENT(.gcc_except_table) SORT_BY_ALIGNMENT(.gcc_except_table.*))
                [!provide]                        PROVIDE (__eh_frame_start = 0x0)
                [!provide]                        PROVIDE (__eh_frame_end = 0x0)
                [!provide]                        PROVIDE (__eh_frame_hdr_start = 0x0)
                [!provide]                        PROVIDE (__eh_frame_hdr_end = 0x0)

/DISCARD/
 *(SORT_BY_ALIGNMENT(.eh_frame))
                0x00000000080037bc                __rodata_region_end = .
                0x00000000080037bc                . = ALIGN (_region_min_align)
                0x00000000080037bc                __rom_region_end = ((__rom_region_start + .) - ADDR (rom_start))
                0x00000000000037bc                __rom_region_size = (__rom_region_end - __rom_region_start)

/DISCARD/
 *(SORT_BY_ALIGNMENT(.got.plt))
 *(SORT_BY_ALIGNMENT(.igot.plt))
 *(SORT_BY_ALIGNMENT(.got))
 *(SORT_BY_ALIGNMENT(.igot))
                0x0000000020000000                . = 0x20000000
                0x0000000020000000                . = ALIGN (_region_min_align)
                0x0000000020000000                _image_ram_start = .

.ramfunc        0x0000000020000000        0x0 load address 0x00000000080037bc
                0x0000000020000000                __ramfunc_region_start = .
                0x0000000020000000                . = ALIGN (_region_min_align)
                0x0000000020000000                __ramfunc_start = .
 *(SORT_BY_ALIGNMENT(.ramfunc))
 *(SORT_BY_ALIGNMENT(.ramfunc.*))
                0x0000000020000000                . = ALIGN (_region_min_align)
                0x0000000020000000                __ramfunc_end = .
                0x0000000000000000                __ramfunc_size = (__ramfunc_end - __ramfunc_start)
                0x00000000080037bc                __ramfunc_load_start = LOADADDR (.ramfunc)

datas           0x0000000020000000       0x4c load address 0x00000000080037bc
                0x0000000020000000                __data_region_start = .
                0x0000000020000000                __data_start = .
 *(SORT_BY_ALIGNMENT(.data))
 *(SORT_BY_ALIGNMENT(.data.*))
 .data._char_out
                0x0000000020000000        0x4 zephyr/libzephyr.a(printk.c.obj)
 .data.__stdout
                0x0000000020000004       0x10 zephyr/lib/libc/picolibc/liblib__libc__picolibc.a(stdio.c.obj)
 .data.uart_stm32_data_1
                0x0000000020000014        0x4 zephyr/drivers/serial/libdrivers__serial.a(uart_stm32.c.obj)
 .data.uart_cfg_1
                0x0000000020000018        0x8 zephyr/drivers/serial/libdrivers__serial.a(uart_stm32.c.obj)
 .data.uart_stm32_data_0
                0x0000000020000020        0x4 zephyr/drivers/serial/libdrivers__serial.a(uart_stm32.c.obj)
 .data.uart_cfg_0
                0x0000000020000024        0x8 zephyr/drivers/serial/libdrivers__serial.a(uart_stm32.c.obj)
 .data.SystemCoreClock
                0x000000002000002c        0x4 modules/hal_stm32/stm32cube/lib..__modules__hal__stm32__stm32cube.a(system_stm32f1xx.c.obj)
                0x000000002000002c                SystemCoreClock
 .data.slice_ticks
                0x0000000020000030        0x4 zephyr/kernel/libkernel.a(timeslicing.c.obj)
 .data.timeout_list
                0x0000000020000034        0x8 zephyr/kernel/libkernel.a(timeout.c.obj)
 .data.exti_irq_table
                0x000000002000003c       0x10 zephyr/drivers/interrupt_controller/libdrivers__interrupt_controller.a(intc_gpio_stm32.c.obj)
 *(SORT_BY_ALIGNMENT(.kernel.*))
                0x000000002000004c                __data_end = .
                0x000000000000004c                __data_size = (__data_end - __data_start)
                0x00000000080037bc                __data_load_start = LOADADDR (datas)
                0x00000000080037bc                __data_region_load_start = LOADADDR (datas)

device_states   0x000000002000004c       0x14 load address 0x0000000008003808
                0x000000002000004c                . = ALIGN (0x4)
                0x000000002000004c                __device_states_start = .
 *(SORT_BY_ALIGNMENT(.z_devstate))
 .z_devstate    0x000000002000004c        0x2 zephyr/drivers/interrupt_controller/libdrivers__interrupt_controller.a(intc_exti_stm32.c.obj)
 .z_devstate    0x000000002000004e        0x2 zephyr/drivers/clock_control/libdrivers__clock_control.a(clock_stm32_ll_common.c.obj)
 .z_devstate    0x0000000020000050        0xa zephyr/drivers/gpio/libdrivers__gpio.a(gpio_stm32.c.obj)
 .z_devstate    0x000000002000005a        0x2 zephyr/drivers/reset/libdrivers__reset.a(reset_stm32.c.obj)
 .z_devstate    0x000000002000005c        0x4 zephyr/drivers/serial/libdrivers__serial.a(uart_stm32.c.obj)
 *(SORT_BY_ALIGNMENT(.z_devstate.*))
                0x0000000020000060                __device_states_end = .
                0x0000000020000060                . = ALIGN (0x4)

log_mpsc_pbuf_area
                0x0000000020000060        0x0 load address 0x000000000800381c
                0x0000000020000060                _log_mpsc_pbuf_list_start = .
 *(SORT_BY_NAME(SORT_BY_ALIGNMENT(._log_mpsc_pbuf.static.*)))
                0x0000000020000060                _log_mpsc_pbuf_list_end = .

log_msg_ptr_area
                0x0000000020000060        0x0 load address 0x000000000800381c
                0x0000000020000060                _log_msg_ptr_list_start = .
 *(SORT_BY_NAME(SORT_BY_ALIGNMENT(._log_msg_ptr.static.*)))
                0x0000000020000060                _log_msg_ptr_list_end = .

log_dynamic_area
                0x0000000020000060        0x0 load address 0x000000000800381c
                0x0000000020000060                _log_dynamic_list_start = .
 *(SORT_BY_NAME(SORT_BY_ALIGNMENT(._log_dynamic.static.*)))
                0x0000000020000060                _log_dynamic_list_end = .

k_timer_area    0x0000000020000060        0x0 load address 0x000000000800381c
                0x0000000020000060                _k_timer_list_start = .
 *(SORT_BY_NAME(SORT_BY_ALIGNMENT(._k_timer.static.*)))
                0x0000000020000060                _k_timer_list_end = .

k_mem_slab_area
                0x0000000020000060        0x0 load address 0x000000000800381c
                0x0000000020000060                _k_mem_slab_list_start = .
 *(SORT_BY_NAME(SORT_BY_ALIGNMENT(._k_mem_slab.static.*)))
                0x0000000020000060                _k_mem_slab_list_end = .

k_heap_area     0x0000000020000060       0x18 load address 0x000000000800381c
                0x0000000020000060                _k_heap_list_start = .
 *(SORT_BY_NAME(SORT_BY_ALIGNMENT(._k_heap.static.*)))
 ._k_heap.static._system_heap_
                0x0000000020000060       0x18 zephyr/kernel/libkernel.a(mempool.c.obj)
                0x0000000020000060                _system_heap
                0x0000000020000078                _k_heap_list_end = .

k_mutex_area    0x0000000020000078        0x0 load address 0x0000000008003834
                0x0000000020000078                _k_mutex_list_start = .
 *(SORT_BY_NAME(SORT_BY_ALIGNMENT(._k_mutex.static.*)))
                0x0000000020000078                _k_mutex_list_end = .

k_stack_area    0x0000000020000078        0x0 load address 0x0000000008003834
                0x0000000020000078                _k_stack_list_start = .
 *(SORT_BY_NAME(SORT_BY_ALIGNMENT(._k_stack.static.*)))
                0x0000000020000078                _k_stack_list_end = .

k_msgq_area     0x0000000020000078        0x0 load address 0x0000000008003834
                0x0000000020000078                _k_msgq_list_start = .
 *(SORT_BY_NAME(SORT_BY_ALIGNMENT(._k_msgq.static.*)))
                0x0000000020000078                _k_msgq_list_end = .

k_mbox_area     0x0000000020000078        0x0 load address 0x0000000008003834
                0x0000000020000078                _k_mbox_list_start = .
 *(SORT_BY_NAME(SORT_BY_ALIGNMENT(._k_mbox.static.*)))
                0x0000000020000078                _k_mbox_list_end = .

k_pipe_area     0x0000000020000078        0x0 load address 0x0000000008003834
                0x0000000020000078                _k_pipe_list_start = .
 *(SORT_BY_NAME(SORT_BY_ALIGNMENT(._k_pipe.static.*)))
                0x0000000020000078                _k_pipe_list_end = .

k_sem_area      0x0000000020000078        0x0 load address 0x0000000008003834
                0x0000000020000078                _k_sem_list_start = .
 *(SORT_BY_NAME(SORT_BY_ALIGNMENT(._k_sem.static.*)))
                0x0000000020000078                _k_sem_list_end = .

k_event_area    0x0000000020000078        0x0 load address 0x0000000008003834
                0x0000000020000078                _k_event_list_start = .
 *(SORT_BY_NAME(SORT_BY_ALIGNMENT(._k_event.static.*)))
                0x0000000020000078                _k_event_list_end = .

k_queue_area    0x0000000020000078        0x0 load address 0x0000000008003834
                0x0000000020000078                _k_queue_list_start = .
 *(SORT_BY_NAME(SORT_BY_ALIGNMENT(._k_queue.static.*)))
                0x0000000020000078                _k_queue_list_end = .

k_fifo_area     0x0000000020000078        0x0 load address 0x0000000008003834
                0x0000000020000078                _k_fifo_list_start = .
 *(SORT_BY_NAME(SORT_BY_ALIGNMENT(._k_fifo.static.*)))
                0x0000000020000078                _k_fifo_list_end = .

k_lifo_area     0x0000000020000078        0x0 load address 0x0000000008003834
                0x0000000020000078                _k_lifo_list_start = .
 *(SORT_BY_NAME(SORT_BY_ALIGNMENT(._k_lifo.static.*)))
                0x0000000020000078                _k_lifo_list_end = .

k_condvar_area  0x0000000020000078        0x0 load address 0x0000000008003834
                0x0000000020000078                _k_condvar_list_start = .
 *(SORT_BY_NAME(SORT_BY_ALIGNMENT(._k_condvar.static.*)))
                0x0000000020000078                _k_condvar_list_end = .

sys_mem_blocks_ptr_area
                0x0000000020000078        0x0 load address 0x0000000008003834
                0x0000000020000078                _sys_mem_blocks_ptr_list_start = .
 *(SORT_BY_NAME(SORT_BY_ALIGNMENT(._sys_mem_blocks_ptr.static.*)))
                0x0000000020000078                _sys_mem_blocks_ptr_list_end = .

net_buf_pool_area
                0x0000000020000078        0x0 load address 0x0000000008003834
                0x0000000020000078                _net_buf_pool_list_start = .
 *(SORT_BY_NAME(SORT_BY_ALIGNMENT(._net_buf_pool.static.*)))