Archive member included to satisfy reference by file (symbol)

app/libapp.a(main.cpp.obj)    (--whole-archive)
app/libapp.a(radio.cpp.obj)   (--whole-archive)
app/libapp.a(radio_hal.cpp.obj)
                              (--whole-archive)
zephyr/libzephyr.a(validate_libc.c.obj)
                              (--whole-archive)
zephyr/libzephyr.a(cpp_dtors.c.obj)
                              (--whole-archive)
zephyr/libzephyr.a(cpp_virtual.c.obj)
                              (--whole-archive)
zephyr/libzephyr.a(cpp_vtable.cpp.obj)
                              (--whole-archive)
zephyr/libzephyr.a(cpp_new.cpp.obj)
                              (--whole-archive)
zephyr/libzephyr.a(heap.c.obj)
                              (--whole-archive)
zephyr/libzephyr.a(cbprintf_packaged.c.obj)
                              (--whole-archive)
zephyr/libzephyr.a(clock.c.obj)
                              (--whole-archive)
zephyr/libzephyr.a(printk.c.obj)
                              (--whole-archive)
zephyr/libzephyr.a(sem.c.obj)
                              (--whole-archive)
zephyr/libzephyr.a(thread_entry.c.obj)
                              (--whole-archive)
zephyr/libzephyr.a(cbprintf_complete.c.obj)
                              (--whole-archive)
zephyr/libzephyr.a(cbprintf.c.obj)
                              (--whole-archive)
zephyr/libzephyr.a(assert.c.obj)
                              (--whole-archive)
zephyr/libzephyr.a(dec.c.obj)
                              (--whole-archive)
zephyr/libzephyr.a(hex.c.obj)
                              (--whole-archive)
zephyr/libzephyr.a(rb.c.obj)  (--whole-archive)
zephyr/libzephyr.a(timeutil.c.obj)
                              (--whole-archive)
zephyr/libzephyr.a(bitarray.c.obj)
                              (--whole-archive)
zephyr/libzephyr.a(bitmask.c.obj)
                              (--whole-archive)
zephyr/libzephyr.a(getopt.c.obj)
                              (--whole-archive)
zephyr/libzephyr.a(getopt_common.c.obj)
                              (--whole-archive)
zephyr/libzephyr.a(ring_buffer.c.obj)
                              (--whole-archive)
zephyr/libzephyr.a(last_section_id.c.obj)
                              (--whole-archive)
zephyr/libzephyr.a(configs.c.obj)
                              (--whole-archive)
zephyr/libzephyr.a(stm32cube_hal.c.obj)
                              (--whole-archive)
zephyr/libzephyr.a(soc_config.c.obj)
                              (--whole-archive)
zephyr/libzephyr.a(stm32_backup_domain.c.obj)
                              (--whole-archive)
zephyr/libzephyr.a(soc.c.obj)
                              (--whole-archive)
zephyr/libzephyr.a(tracing_none.c.obj)
                              (--whole-archive)
zephyr/arch/common/libarch__common.a(sw_isr_common.c.obj)
                              (--whole-archive)
zephyr/arch/common/libarch__common.a(init.c.obj)
                              (--whole-archive)
zephyr/arch/common/libarch__common.a(xip.c.obj)
                              (--whole-archive)
zephyr/arch/arch/arm/core/libarch__arm__core.a(fatal.c.obj)
                              (--whole-archive)
zephyr/arch/arch/arm/core/libarch__arm__core.a(nmi.c.obj)
                              (--whole-archive)
zephyr/arch/arch/arm/core/libarch__arm__core.a(nmi_on_reset.S.obj)
                              (--whole-archive)
zephyr/arch/arch/arm/core/libarch__arm__core.a(__aeabi_atexit.c.obj)
                              (--whole-archive)
zephyr/arch/arch/arm/core/cortex_m/libarch__arm__core__cortex_m.a(exc_exit.c.obj)
                              (--whole-archive)
zephyr/arch/arch/arm/core/cortex_m/libarch__arm__core__cortex_m.a(fault.c.obj)
                              (--whole-archive)
zephyr/arch/arch/arm/core/cortex_m/libarch__arm__core__cortex_m.a(fault_s.S.obj)
                              (--whole-archive)
zephyr/arch/arch/arm/core/cortex_m/libarch__arm__core__cortex_m.a(fpu.c.obj)
                              (--whole-archive)
zephyr/arch/arch/arm/core/cortex_m/libarch__arm__core__cortex_m.a(reset.S.obj)
                              (--whole-archive)
zephyr/arch/arch/arm/core/cortex_m/libarch__arm__core__cortex_m.a(scb.c.obj)
                              (--whole-archive)
zephyr/arch/arch/arm/core/cortex_m/libarch__arm__core__cortex_m.a(thread_abort.c.obj)
                              (--whole-archive)
zephyr/arch/arch/arm/core/cortex_m/libarch__arm__core__cortex_m.a(vector_table.S.obj)
                              (--whole-archive)
zephyr/arch/arch/arm/core/cortex_m/libarch__arm__core__cortex_m.a(swap_helper.S.obj)
                              (--whole-archive)
zephyr/arch/arch/arm/core/cortex_m/libarch__arm__core__cortex_m.a(irq_manage.c.obj)
                              (--whole-archive)
zephyr/arch/arch/arm/core/cortex_m/libarch__arm__core__cortex_m.a(prep_c.c.obj)
                              (--whole-archive)
zephyr/arch/arch/arm/core/cortex_m/libarch__arm__core__cortex_m.a(thread.c.obj)
[...]
Memory Configuration

Name             Origin             Length             Attributes
FLASH            0x0000000008000000 0x0000000000020000 xr
RAM              0x0000000020000000 0x0000000000005000 xw
SRAM0            0x0000000020000000 0x0000000000005000 rw
IDT_LIST         0x00000000ffff7fff 0x0000000000008000 xw
*default*        0x0000000000000000 0xffffffffffffffff

Linker script and memory map

LOAD zephyr/CMakeFiles/zephyr_pre0.dir/misc/empty_file.c.obj
LOAD zephyr/CMakeFiles/offsets.dir/./arch/arm/core/offsets/offsets.c.obj
LOAD app/libapp.a
LOAD zephyr/libzephyr.a
LOAD zephyr/arch/common/libarch__common.a
LOAD zephyr/arch/arch/arm/core/libarch__arm__core.a
LOAD zephyr/arch/arch/arm/core/cortex_m/libarch__arm__core__cortex_m.a
LOAD zephyr/lib/libc/newlib/liblib__libc__newlib.a
LOAD zephyr/lib/libc/common/liblib__libc__common.a
LOAD zephyr/lib/posix/c_lib_ext/liblib__posix__c_lib_ext.a
LOAD zephyr/drivers/interrupt_controller/libdrivers__interrupt_controller.a
LOAD zephyr/drivers/clock_control/libdrivers__clock_control.a
LOAD zephyr/drivers/console/libdrivers__console.a
LOAD zephyr/drivers/gpio/libdrivers__gpio.a
LOAD zephyr/drivers/pinctrl/libdrivers__pinctrl.a
LOAD zephyr/drivers/reset/libdrivers__reset.a
LOAD zephyr/drivers/serial/libdrivers__serial.a
LOAD zephyr/drivers/spi/libdrivers__spi.a
LOAD zephyr/drivers/timer/libdrivers__timer.a
LOAD modules/hal_stm32/stm32cube/lib..__modules__hal__stm32__stm32cube.a
LOAD zephyr/kernel/libkernel.a
LOAD libradiolib.a
LOAD zephyr/arch/common/libisr_tables.a
LOAD /Users/tylerfield/zephyr-sdk/zephyr-sdk-0.17.4/arm-zephyr-eabi/arm-zephyr-eabi/lib/thumb/v7-m/nofp/libm.a
LOAD /Users/tylerfield/zephyr-sdk/zephyr-sdk-0.17.4/arm-zephyr-eabi/arm-zephyr-eabi/lib/thumb/v7-m/nofp/libc.a
LOAD /Users/tylerfield/zephyr-sdk/zephyr-sdk-0.17.4/arm-zephyr-eabi/bin/../lib/gcc/arm-zephyr-eabi/12.2.0/thumb/v7-m/nofp/libgcc.a
LOAD /Users/tylerfield/zephyr-sdk/zephyr-sdk-0.17.4/arm-zephyr-eabi/arm-zephyr-eabi/lib/thumb/v7-m/nofp/libc.a
                0x0000000000000004                _region_min_align = 0x4

.rel.plt        0x0000000008000000        0x0
 *(SORT_BY_ALIGNMENT(.rel.plt))
                [!provide]                        PROVIDE (__rel_iplt_start = .)
 *(SORT_BY_ALIGNMENT(.rel.iplt))
 .rel.iplt      0x0000000008000000        0x0 app/libapp.a(main.cpp.obj)
                [!provide]                        PROVIDE (__rel_iplt_end = .)

.rela.plt       0x0000000000000000        0x0
 *(SORT_BY_ALIGNMENT(.rela.plt))
                [!provide]                        PROVIDE (__rela_iplt_start = .)
 *(SORT_BY_ALIGNMENT(.rela.iplt))
                [!provide]                        PROVIDE (__rela_iplt_end = .)

.rel.dyn
 *(SORT_BY_ALIGNMENT(.rel.*))

.rela.dyn
 *(SORT_BY_ALIGNMENT(.rela.*))

/DISCARD/
 *(SORT_BY_ALIGNMENT(.plt))

/DISCARD/
 *(SORT_BY_ALIGNMENT(.iplt))
                0x0000000008000000                __rom_region_start = 0x8000000

rom_start       0x0000000008000000       0xec
                0x0000000008000000                __rom_start_address = .
 FILL mask 0x00
                0x0000000008000000                . = (. + (0x0 - (. - __rom_start_address)))
                0x0000000008000000                . = ALIGN (0x4)
                0x0000000008000000                . = ALIGN (0x80)
                0x0000000008000000                . = ALIGN (0x100)
                0x0000000008000000                _vector_start = .
 *(SORT_BY_ALIGNMENT(.exc_vector_table))
 *(SORT_BY_ALIGNMENT(.exc_vector_table.*))
 .exc_vector_table._vector_table_section
                0x0000000008000000       0x40 zephyr/arch/arch/arm/core/cortex_m/libarch__arm__core__cortex_m.a(vector_table.S.obj)
                0x0000000008000000                _vector_table
 *(SORT_BY_ALIGNMENT(.vectors))
                0x00000000080000ec                _vector_end = .
                0x0000000008000040                . = ALIGN (0x4)
 *(SORT_BY_ALIGNMENT(.gnu.linkonce.irq_vector_table*))
 .gnu.linkonce.irq_vector_table
                0x0000000008000040       0xac zephyr/arch/common/libisr_tables.a(isr_tables.c.obj)
                0x0000000008000040                _irq_vector_table
                0x00000000080000ec                _vector_end = .

text            0x00000000080000f0    0x11208
                0x00000000080000f0                __text_region_start = .
 *(SORT_BY_ALIGNMENT(.text))
 .text          0x00000000080000f0       0xec /Users/tylerfield/zephyr-sdk/zephyr-sdk-0.17.4/arm-zephyr-eabi/arm-zephyr-eabi/lib/thumb/v7-m/nofp/libc.a(lib_a-memcpy.o)
                0x00000000080000f0                memcpy
 .text          0x00000000080001dc      0x378 /Users/tylerfield/zephyr-sdk/zephyr-sdk-0.17.4/arm-zephyr-eabi/bin/../lib/gcc/arm-zephyr-eabi/12.2.0/thumb/v7-m/nofp/libgcc.a(_arm_addsubdf3.o)
                0x00000000080001dc                __aeabi_drsub
                0x00000000080001e4                __subdf3
                0x00000000080001e4                __aeabi_dsub
                0x00000000080001e8                __aeabi_dadd
                0x00000000080001e8                __adddf3
                0x0000000008000460                __aeabi_ui2d
                0x0000000008000460                __floatunsidf
                0x0000000008000480                __floatsidf
                0x0000000008000480                __aeabi_i2d
                0x00000000080004a4                __extendsfdf2
                0x00000000080004a4                __aeabi_f2d
                0x00000000080004e8                __aeabi_ul2d
                0x00000000080004e8                __floatundidf
                0x00000000080004f8                __aeabi_l2d
                0x00000000080004f8                __floatdidf
 .text          0x0000000008000554      0x424 /Users/tylerfield/zephyr-sdk/zephyr-sdk-0.17.4/arm-zephyr-eabi/bin/../lib/gcc/arm-zephyr-eabi/12.2.0/thumb/v7-m/nofp/libgcc.a(_arm_muldivdf3.o)
                0x0000000008000554                __aeabi_dmul
                0x0000000008000554                __muldf3
                0x00000000080007a8                __aeabi_ddiv
                0x00000000080007a8                __divdf3
 .text          0x0000000008000978      0x110 /Users/tylerfield/zephyr-sdk/zephyr-sdk-0.17.4/arm-zephyr-eabi/bin/../lib/gcc/arm-zephyr-eabi/12.2.0/thumb/v7-m/nofp/libgcc.a(_arm_cmpdf2.o)
                0x0000000008000978                __gedf2
                0x0000000008000978                __gtdf2
                0x0000000008000980                __ledf2
                0x0000000008000980                __ltdf2
                0x0000000008000988                __cmpdf2
                0x0000000008000988                __eqdf2
                0x0000000008000988                __nedf2
                0x0000000008000a04                __aeabi_cdrcmple
                0x0000000008000a14                __aeabi_cdcmple
                0x0000000008000a14                __aeabi_cdcmpeq
                0x0000000008000a24                __aeabi_dcmpeq
                0x0000000008000a38                __aeabi_dcmplt
                0x0000000008000a4c                __aeabi_dcmple
                0x0000000008000a60                __aeabi_dcmpge
                0x0000000008000a74                __aeabi_dcmpgt
 .text          0x0000000008000a88       0x2c /Users/tylerfield/zephyr-sdk/zephyr-sdk-0.17.4/arm-zephyr-eabi/bin/../lib/gcc/arm-zephyr-eabi/12.2.0/thumb/v7-m/nofp/libgcc.a(_arm_unorddf2.o)
                0x0000000008000a88                __aeabi_dcmpun
                0x0000000008000a88                __unorddf2
 .text          0x0000000008000ab4       0x50 /Users/tylerfield/zephyr-sdk/zephyr-sdk-0.17.4/arm-zephyr-eabi/bin/../lib/gcc/arm-zephyr-eabi/12.2.0/thumb/v7-m/nofp/libgcc.a(_arm_fixdfsi.o)
                0x0000000008000ab4                __fixdfsi
                0x0000000008000ab4                __aeabi_d2iz
 .text          0x0000000008000b04       0x40 /Users/tylerfield/zephyr-sdk/zephyr-sdk-0.17.4/arm-zephyr-eabi/bin/../lib/gcc/arm-zephyr-eabi/12.2.0/thumb/v7-m/nofp/libgcc.a(_arm_fixunsdfsi.o)
                0x0000000008000b04                __fixunsdfsi
                0x0000000008000b04                __aeabi_d2uiz
 .text          0x0000000008000b44       0xa0 /Users/tylerfield/zephyr-sdk/zephyr-sdk-0.17.4/arm-zephyr-eabi/bin/../lib/gcc/arm-zephyr-eabi/12.2.0/thumb/v7-m/nofp/libgcc.a(_arm_truncdfsf2.o)
                0x0000000008000b44                __aeabi_d2f
                0x0000000008000b44                __truncdfsf2
 .text          0x0000000008000be4      0x21c /Users/tylerfield/zephyr-sdk/zephyr-sdk-0.17.4/arm-zephyr-eabi/bin/../lib/gcc/arm-zephyr-eabi/12.2.0/thumb/v7-m/nofp/libgcc.a(_arm_addsubsf3.o)
                0x0000000008000be4                __aeabi_frsub
                0x0000000008000bec                __aeabi_fsub
                0x0000000008000bec                __subsf3
                0x0000000008000bf0                __aeabi_fadd
                0x0000000008000bf0                __addsf3
                0x0000000008000d50                __aeabi_ui2f
                0x0000000008000d50                __floatunsisf
                0x0000000008000d58                __floatsisf
                0x0000000008000d58                __aeabi_i2f
                0x0000000008000d74                __aeabi_ul2f
                0x0000000008000d74                __floatundisf
                0x0000000008000d84                __aeabi_l2f
                0x0000000008000d84                __floatdisf
 .text          0x0000000008000e00      0x2a0 /Users/tylerfield/zephyr-sdk/zephyr-sdk-0.17.4/arm-zephyr-eabi/bin/../lib/gcc/arm-zephyr-eabi/12.2.0/thumb/v7-m/nofp/libgcc.a(_arm_muldivsf3.o)
                0x0000000008000e00                __mulsf3
                0x0000000008000e00                __aeabi_fmul
                0x0000000008000f68                __divsf3
                0x0000000008000f68                __aeabi_fdiv
 .text          0x00000000080010a0       0xec /Users/tylerfield/zephyr-sdk/zephyr-sdk-0.17.4/arm-zephyr-eabi/bin/../lib/gcc/arm-zephyr-eabi/12.2.0/thumb/v7-m/nofp/libgcc.a(_arm_cmpsf2.o)
                0x00000000080010a0                __gesf2
                0x00000000080010a0                __gtsf2
                0x00000000080010a8                __ltsf2
                0x00000000080010a8                __lesf2
                0x00000000080010b0                __nesf2
                0x00000000080010b0                __eqsf2
                0x00000000080010b0                __cmpsf2
                0x0000000008001110                __aeabi_cfrcmple
                0x0000000008001118                __aeabi_cfcmpeq
                0x0000000008001118                __aeabi_cfcmple
                0x0000000008001128                __aeabi_fcmpeq
                0x000000000800113c                __aeabi_fcmplt
                0x0000000008001150                __aeabi_fcmple
                0x0000000008001164                __aeabi_fcmpge
                0x0000000008001178                __aeabi_fcmpgt
 .text          0x000000000800118c       0x4c /Users/tylerfield/zephyr-sdk/zephyr-sdk-0.17.4/arm-zephyr-eabi/bin/../lib/gcc/arm-zephyr-eabi/12.2.0/thumb/v7-m/nofp/libgcc.a(_arm_fixsfsi.o)
                0x000000000800118c                __fixsfsi
                0x000000000800118c                __aeabi_f2iz
 .text          0x00000000080011d8       0x40 /Users/tylerfield/zephyr-sdk/zephyr-sdk-0.17.4/arm-zephyr-eabi/bin/../lib/gcc/arm-zephyr-eabi/12.2.0/thumb/v7-m/nofp/libgcc.a(_arm_fixunssfsi.o)
                0x00000000080011d8                __aeabi_f2uiz
                0x00000000080011d8                __fixunssfsi
 .text          0x0000000008001218       0x30 /Users/tylerfield/zephyr-sdk/zephyr-sdk-0.17.4/arm-zephyr-eabi/bin/../lib/gcc/arm-zephyr-eabi/12.2.0/thumb/v7-m/nofp/libgcc.a(_aeabi_uldivmod.o)
                0x0000000008001218                __aeabi_uldivmod
 .text          0x0000000008001248        0x4 /Users/tylerfield/zephyr-sdk/zephyr-sdk-0.17.4/arm-zephyr-eabi/bin/../lib/gcc/arm-zephyr-eabi/12.2.0/thumb/v7-m/nofp/libgcc.a(_dvmd_tls.o)
                0x0000000008001248                __aeabi_ldiv0
                0x0000000008001248                __aeabi_idiv0
 .text          0x000000000800124c      0x2a0 /Users/tylerfield/zephyr-sdk/zephyr-sdk-0.17.4/arm-zephyr-eabi/bin/../lib/gcc/arm-zephyr-eabi/12.2.0/thumb/v7-m/nofp/libgcc.a(_udivmoddi4.o)
                0x000000000800124c                __udivmoddi4
 *(SORT_BY_ALIGNMENT(.text.*))
 *fill*         0x00000000080014ec        0x4 
 .text.ceil     0x00000000080014f0      0x100 /Users/tylerfield/zephyr-sdk/zephyr-sdk-0.17.4/arm-zephyr-eabi/arm-zephyr-eabi/lib/thumb/v7-m/nofp/libm.a(lib_a-s_ceil.o)
                0x00000000080014f0                ceil
 .text.floor    0x00000000080015f0      0x108 /Users/tylerfield/zephyr-sdk/zephyr-sdk-0.17.4/arm-zephyr-eabi/arm-zephyr-eabi/lib/thumb/v7-m/nofp/libm.a(lib_a-s_floor.o)
                0x00000000080015f0                floor
 .text._dtoa_r  0x00000000080016f8      0xe54 /Users/tylerfield/zephyr-sdk/zephyr-sdk-0.17.4/arm-zephyr-eabi/arm-zephyr-eabi/lib/thumb/v7-m/nofp/libc.a(lib_a-dtoa.o)
                0x00000000080016f8                _dtoa_r
 .text._ZL16zephyrGeneralISRPK6deviceP13gpio_callbackj
                0x000000000800254c       0x28 app/libapp.a(main.cpp.obj)
 .text._ZN11STMRadioHal8spiBeginEv
                0x0000000008002574       0x1c app/libapp.a(main.cpp.obj)
                0x0000000008002574                STMRadioHal::spiBegin()
 .text._ZN11STMRadioHal11spiTransferEPhjS0_
                0x0000000008002590       0xc0 app/libapp.a(main.cpp.obj)
                0x0000000008002590                STMRadioHal::spiTransfer(unsigned char*, unsigned int, unsigned char*)
 .text._ZN11STMRadioHal15attachInterruptEjPFvvEj
                0x0000000008002650       0xb4 app/libapp.a(main.cpp.obj)
                0x0000000008002650                STMRadioHal::attachInterrupt(unsigned int, void (*)(), unsigned int)
 .text._ZN11STMRadioHal15detachInterruptEj
                0x0000000008002704       0x48 app/libapp.a(main.cpp.obj)
                0x0000000008002704                STMRadioHal::detachInterrupt(unsigned int)
 .text.main     0x000000000800274c      0x308 app/libapp.a(main.cpp.obj)
                0x000000000800274c                main
 .text.char_out
                0x0000000008002a54        0xc zephyr/libzephyr.a(printk.c.obj)
 .text.__printk_hook_install
                0x0000000008002a60        0xc zephyr/libzephyr.a(printk.c.obj)
                0x0000000008002a60                __printk_hook_install
 .text.vprintk  0x0000000008002a6c       0x1c zephyr/libzephyr.a(printk.c.obj)
                0x0000000008002a6c                vprintk
 .text.extract_decimal
                0x0000000008002a88       0x2c zephyr/libzephyr.a(cbprintf_complete.c.obj)
 .text.encode_uint
                0x0000000008002ab4       0x9c zephyr/libzephyr.a(cbprintf_complete.c.obj)
 .text.z_cbvprintf_impl
                0x0000000008002b50      0x768 zephyr/libzephyr.a(cbprintf_complete.c.obj)
                0x0000000008002b50                z_cbvprintf_impl
 .text.st_stm32_common_config
                0x00000000080032b8       0x24 zephyr/libzephyr.a(soc_config.c.obj)
 .text.soc_early_init_hook
                0x00000000080032dc       0x20 zephyr/libzephyr.a(soc.c.obj)
                0x00000000080032dc                soc_early_init_hook
 .text.arch_bss_zero
                0x00000000080032fc       0x18 zephyr/arch/common/libarch__common.a(init.c.obj)
                0x00000000080032fc                arch_bss_zero
 .text.arch_data_copy
                0x0000000008003314       0x38 zephyr/arch/common/libarch__common.a(xip.c.obj)
                0x0000000008003314                arch_data_copy
 .text.z_arm_fatal_error
                0x000000000800334c       0x60 zephyr/arch/arch/arm/core/libarch__arm__core.a(fatal.c.obj)
                0x000000000800334c                z_arm_fatal_error
 .text.z_SysNmiOnReset
                0x00000000080033ac        0x8 zephyr/arch/arch/arm/core/libarch__arm__core.a(nmi_on_reset.S.obj)
                0x00000000080033ac                z_SysNmiOnReset
 .text._HandlerModeExit
                0x00000000080033b4       0x20 zephyr/arch/arch/arm/core/cortex_m/libarch__arm__core__cortex_m.a(exc_exit.c.obj)
                0x00000000080033b4                z_arm_exc_exit
                0x00000000080033b4                z_arm_int_exit
 .text.usage_fault.constprop.0
                0x00000000080033d4       0x98 zephyr/arch/arch/arm/core/cortex_m/libarch__arm__core__cortex_m.a(fault.c.obj)
 .text.bus_fault.constprop.0
                0x000000000800346c       0xa4 zephyr/arch/arch/arm/core/cortex_m/libarch__arm__core__cortex_m.a(fault.c.obj)
 .text.mem_manage_fault.constprop.0
                0x0000000008003510       0x9c zephyr/arch/arch/arm/core/cortex_m/libarch__arm__core__cortex_m.a(fault.c.obj)
 .text.z_arm_fault
                0x00000000080035ac      0x1a0 zephyr/arch/arch/arm/core/cortex_m/libarch__arm__core__cortex_m.a(fault.c.obj)
                0x00000000080035ac                z_arm_fault
 .text.z_arm_fault_init
                0x000000000800374c       0x18 zephyr/arch/arch/arm/core/cortex_m/libarch__arm__core__cortex_m.a(fault.c.obj)
                0x000000000800374c                z_arm_fault_init
 .text.__fault  0x0000000008003764       0x14 zephyr/arch/arch/arm/core/cortex_m/libarch__arm__core__cortex_m.a(fault_s.S.obj)
                0x0000000008003764                z_arm_bus_fault
                0x0000000008003764                z_arm_usage_fault
                0x0000000008003764                z_arm_mpu_fault
                0x0000000008003764                z_arm_exc_spurious
                0x0000000008003764                z_arm_debug_monitor
                0x0000000008003764                z_arm_hard_fault
 .text._reset_section
                0x0000000008003778       0x34 zephyr/arch/arch/arm/core/cortex_m/libarch__arm__core__cortex_m.a(reset.S.obj)
                0x0000000008003778                z_arm_reset
                0x0000000008003778                __start
 .text.z_impl_k_thread_abort
                0x00000000080037ac       0x2c zephyr/arch/arch/arm/core/cortex_m/libarch__arm__core__cortex_m.a(thread_abort.c.obj)
                0x00000000080037ac                z_impl_k_thread_abort
 .text.z_arm_pendsv
                0x00000000080037d8       0x48 zephyr/arch/arch/arm/core/cortex_m/libarch__arm__core__cortex_m.a(swap_helper.S.obj)
                0x00000000080037d8                z_arm_pendsv
 .text.z_arm_svc
                0x0000000008003820       0x24 zephyr/arch/arch/arm/core/cortex_m/libarch__arm__core__cortex_m.a(swap_helper.S.obj)
                0x0000000008003820                z_arm_svc
 .text.arm_irq_enable
                0x0000000008003844       0x1c zephyr/arch/arch/arm/core/cortex_m/libarch__arm__core__cortex_m.a(irq_manage.c.obj)
                0x0000000008003844                arm_irq_enable
 .text.arm_irq_priority_set
                0x0000000008003860       0x2c zephyr/arch/arch/arm/core/cortex_m/libarch__arm__core__cortex_m.a(irq_manage.c.obj)
                0x0000000008003860                arm_irq_priority_set
 .text.relocate_vector_table
                0x000000000800388c       0x20 zephyr/arch/arch/arm/core/cortex_m/libarch__arm__core__cortex_m.a(prep_c.c.obj)
                0x000000000800388c                relocate_vector_table
 .text.arch_new_thread
                0x00000000080038ac       0x38 zephyr/arch/arch/arm/core/cortex_m/libarch__arm__core__cortex_m.a(thread.c.obj)
                0x00000000080038ac                arch_new_thread
 .text.arch_switch_to_main_thread
                0x00000000080038e4       0x30 zephyr/arch/arch/arm/core/cortex_m/libarch__arm__core__cortex_m.a(thread.c.obj)
                0x00000000080038e4                arch_switch_to_main_thread
 .text.z_arm_cpu_idle_init
                0x0000000008003914        0xc zephyr/arch/arch/arm/core/cortex_m/libarch__arm__core__cortex_m.a(cpu_idle.c.obj)
                0x0000000008003914                z_arm_cpu_idle_init
 .text.z_arm_interrupt_init
                0x0000000008003920       0x18 zephyr/arch/arch/arm/core/cortex_m/libarch__arm__core__cortex_m.a(irq_init.c.obj)
                0x0000000008003920                z_arm_interrupt_init
 .text._isr_wrapper
                0x0000000008003938       0x24 zephyr/arch/arch/arm/core/cortex_m/libarch__arm__core__cortex_m.a(isr_wrapper.c.obj)
                0x0000000008003938                _isr_wrapper
 .text.__stdout_hook_install
                0x000000000800395c        0xc zephyr/lib/libc/newlib/liblib__libc__newlib.a(libc-hooks.c.obj)
                0x000000000800395c                __stdout_hook_install
 .text.z_impl_zephyr_read_stdin
                0x0000000008003968       0x28 zephyr/lib/libc/newlib/liblib__libc__newlib.a(libc-hooks.c.obj)
                0x0000000008003968                z_impl_zephyr_read_stdin
 .text.z_impl_zephyr_write_stdout
                0x0000000008003990       0x30 zephyr/lib/libc/newlib/liblib__libc__newlib.a(libc-hooks.c.obj)
                0x0000000008003990                z_impl_zephyr_write_stdout
 .text._sbrk    0x00000000080039c0       0x28 zephyr/lib/libc/newlib/liblib__libc__newlib.a(libc-hooks.c.obj)
                0x00000000080039c0                _sbrk
                0x00000000080039c0                sbrk
 .text.abort    0x00000000080039e8       0x1c zephyr/lib/libc/common/liblib__libc__common.a(abort.c.obj)
                0x00000000080039e8                abort
 .text.stm32_exti_is_pending
                0x0000000008003a04       0x20 zephyr/drivers/interrupt_controller/libdrivers__interrupt_controller.a(intc_exti_stm32.c.obj)
                0x0000000008003a04                stm32_exti_is_pending
 .text.stm32_exti_clear_pending
                0x0000000008003a24       0x20 zephyr/drivers/interrupt_controller/libdrivers__interrupt_controller.a(intc_exti_stm32.c.obj)
                0x0000000008003a24                stm32_exti_clear_pending
 .text.stm32_fill_irq_table
                0x0000000008003a44       0x18 zephyr/drivers/interrupt_controller/libdrivers__interrupt_controller.a(intc_gpio_stm32.c.obj)
 .text.stm32_intc_gpio_isr
                0x0000000008003a5c       0x4c zephyr/drivers/interrupt_controller/libdrivers__interrupt_controller.a(intc_gpio_stm32.c.obj)
 .text.stm32_gpio_intc_enable_line
                0x0000000008003aa8       0x2c zephyr/drivers/interrupt_controller/libdrivers__interrupt_controller.a(intc_gpio_stm32.c.obj)
                0x0000000008003aa8                stm32_gpio_intc_enable_line
 .text.stm32_gpio_intc_disable_line
                0x0000000008003ad4       0x10 zephyr/drivers/interrupt_controller/libdrivers__interrupt_controller.a(intc_gpio_stm32.c.obj)
                0x0000000008003ad4                stm32_gpio_intc_disable_line
 .text.stm32_gpio_intc_select_line_trigger
                0x0000000008003ae4       0x50 zephyr/drivers/interrupt_controller/libdrivers__interrupt_controller.a(intc_gpio_stm32.c.obj)
                0x0000000008003ae4                stm32_gpio_intc_select_line_trigger
 .text.stm32_gpio_intc_set_irq_callback
                0x0000000008003b34       0x40 zephyr/drivers/interrupt_controller/libdrivers__interrupt_controller.a(intc_gpio_stm32.c.obj)
                0x0000000008003b34                stm32_gpio_intc_set_irq_callback
 .text.stm32_gpio_intc_remove_irq_callback
                0x0000000008003b74       0x24 zephyr/drivers/interrupt_controller/libdrivers__interrupt_controller.a(intc_gpio_stm32.c.obj)
                0x0000000008003b74                stm32_gpio_intc_remove_irq_callback
 .text.stm32_exti_get_line_src_port
                0x0000000008003b98       0x30 zephyr/drivers/interrupt_controller/libdrivers__interrupt_controller.a(intc_gpio_stm32.c.obj)
                0x0000000008003b98                stm32_exti_get_line_src_port
 .text.stm32_clock_control_get_subsys_rate
                0x0000000008003bc8       0x84 zephyr/drivers/clock_control/libdrivers__clock_control.a(clock_stm32_ll_common.c.obj)
 .text.stm32_clock_control_init
                0x0000000008003c4c      0x100 zephyr/drivers/clock_control/libdrivers__clock_control.a(clock_stm32_ll_common.c.obj)
                0x0000000008003c4c                stm32_clock_control_init
 .text.config_pll_sysclock
                0x0000000008003d4c       0x1c zephyr/drivers/clock_control/libdrivers__clock_control.a(clock_stm32f1.c.obj)
                0x0000000008003d4c                config_pll_sysclock
 .text.uart_console_init
                0x0000000008003d68       0x28 zephyr/drivers/console/libdrivers__console.a(uart_console.c.obj)
 .text.console_out
                0x0000000008003d90       0x28 zephyr/drivers/console/libdrivers__console.a(uart_console.c.obj)
 .text.gpio_stm32_pin_interrupt_configure
                0x0000000008003db8       0xb0 zephyr/drivers/gpio/libdrivers__gpio.a(gpio_stm32.c.obj)
 .text.gpio_stm32_init
                0x0000000008003e68       0x38 zephyr/drivers/gpio/libdrivers__gpio.a(gpio_stm32.c.obj)
 .text.pinctrl_configure_pins
                0x0000000008003ea0       0xfc zephyr/drivers/pinctrl/libdrivers__pinctrl.a(pinctrl_stm32.c.obj)
                0x0000000008003ea0                pinctrl_configure_pins
 .text.uart_stm32_parameters_set
                0x0000000008003f9c      0x104 zephyr/drivers/serial/libdrivers__serial.a(uart_stm32.c.obj)
 .text.uart_stm32_configure
                0x00000000080040a0      0x134 zephyr/drivers/serial/libdrivers__serial.a(uart_stm32.c.obj)
 .text.spi_stm32_init
                0x00000000080041d4       0xd8 zephyr/drivers/spi/libdrivers__spi.a(spi_stm32.c.obj)
 .text.spi_stm32_transceive
                0x00000000080042ac      0x500 zephyr/drivers/spi/libdrivers__spi.a(spi_stm32.c.obj)
 .text.elapsed  0x00000000080047ac       0x4c zephyr/drivers/timer/libdrivers__timer.a(cortex_m_systick.c.obj)
 .text.sys_clock_driver_init
                0x00000000080047f8       0x34 zephyr/drivers/timer/libdrivers__timer.a(cortex_m_systick.c.obj)
 .text.sys_clock_isr
                0x000000000800482c       0x60 zephyr/drivers/timer/libdrivers__timer.a(cortex_m_systick.c.obj)
                0x000000000800482c                sys_clock_isr
 .text.sys_clock_set_timeout
                0x000000000800488c       0xfc zephyr/drivers/timer/libdrivers__timer.a(cortex_m_systick.c.obj)
                0x000000000800488c                sys_clock_set_timeout
 .text.sys_clock_elapsed
                0x0000000008004988       0x3c zephyr/drivers/timer/libdrivers__timer.a(cortex_m_systick.c.obj)
                0x0000000008004988                sys_clock_elapsed
 .text.sys_clock_cycle_get_32
                0x00000000080049c4       0x28 zephyr/drivers/timer/libdrivers__timer.a(cortex_m_systick.c.obj)
                0x00000000080049c4                sys_clock_cycle_get_32
 .text.HAL_RCC_GetSysClockFreq
                0x00000000080049ec       0x4c modules/hal_stm32/stm32cube/lib..__modules__hal__stm32__stm32cube.a(stm32f1xx_hal_rcc.c.obj)
                0x00000000080049ec                HAL_RCC_GetSysClockFreq
 .text.LL_SetFlashLatency
                0x0000000008004a38       0x4c modules/hal_stm32/stm32cube/lib..__modules__hal__stm32__stm32cube.a(stm32f1xx_ll_utils.c.obj)
                0x0000000008004a38                LL_SetFlashLatency
 .text.z_fatal_error
                0x0000000008004a84       0x30 zephyr/kernel/libkernel.a(fatal.c.obj)
                0x0000000008004a84                z_fatal_error
 .text.z_sys_init_run_level
                0x0000000008004ab4       0x30 zephyr/kernel/libkernel.a(init.c.obj)
 .text.bg_thread_main
                0x0000000008004ae4       0xdc zephyr/kernel/libkernel.a(init.c.obj)
 .text.z_init_cpu
                0x0000000008004bc0       0x68 zephyr/kernel/libkernel.a(init.c.obj)
                0x0000000008004bc0                z_init_cpu
 .text.z_cstart
                0x0000000008004c28       0xc4 zephyr/kernel/libkernel.a(init.c.obj)
                0x0000000008004c28                z_cstart
 .text.z_impl_k_mutex_lock
                0x0000000008004cec       0xf0 zephyr/kernel/libkernel.a(mutex.c.obj)
                0x0000000008004cec                z_impl_k_mutex_lock
 .text.z_impl_k_mutex_unlock
                0x0000000008004ddc       0xa0 zephyr/kernel/libkernel.a(mutex.c.obj)
                0x0000000008004ddc                z_impl_k_mutex_unlock
 .text.z_impl_k_sem_give
                0x0000000008004e7c       0x68 zephyr/kernel/libkernel.a(sem.c.obj)
                0x0000000008004e7c                z_impl_k_sem_give
 .text.z_impl_k_sem_take
                0x0000000008004ee4       0x4c zephyr/kernel/libkernel.a(sem.c.obj)
                0x0000000008004ee4                z_impl_k_sem_take
 .text.z_setup_new_thread
                0x0000000008004f30       0x54 zephyr/kernel/libkernel.a(thread.c.obj)
                0x0000000008004f30                z_setup_new_thread
 .text.z_dummy_thread_init
                0x0000000008004f84       0x18 zephyr/kernel/libkernel.a(thread.c.obj)
                0x0000000008004f84                z_dummy_thread_init
 .text.z_swap_irqlock
                0x0000000008004f9c       0x30 zephyr/kernel/libkernel.a(sched.c.obj)
 .text.ready_thread
                0x0000000008004fcc       0x84 zephyr/kernel/libkernel.a(sched.c.obj)
 .text.unready_thread
                0x0000000008005050       0x54 zephyr/kernel/libkernel.a(sched.c.obj)
 .text.add_thread_timeout
                0x00000000080050a4       0x1c zephyr/kernel/libkernel.a(sched.c.obj)
 .text.move_current_to_end_of_prio_q
                0x00000000080050c0       0x70 zephyr/kernel/libkernel.a(sched.c.obj)
                0x00000000080050c0                move_current_to_end_of_prio_q
 .text.z_pend_curr
                0x0000000008005130       0x44 zephyr/kernel/libkernel.a(sched.c.obj)
                0x0000000008005130                z_pend_curr
 .text.z_thread_prio_set
                0x0000000008005174       0xe4 zephyr/kernel/libkernel.a(sched.c.obj)
                0x0000000008005174                z_thread_prio_set
 .text.z_reschedule
                0x0000000008005258       0x24 zephyr/kernel/libkernel.a(sched.c.obj)
                0x0000000008005258                z_reschedule
 .text.z_reschedule_irqlock
                0x000000000800527c       0x28 zephyr/kernel/libkernel.a(sched.c.obj)
                0x000000000800527c                z_reschedule_irqlock
 .text.k_sched_lock
                0x00000000080052a4       0x28 zephyr/kernel/libkernel.a(sched.c.obj)
                0x00000000080052a4                k_sched_lock
 .text.k_sched_unlock
                0x00000000080052cc       0x68 zephyr/kernel/libkernel.a(sched.c.obj)
                0x00000000080052cc                k_sched_unlock
 .text.z_sched_init
                0x0000000008005334       0x10 zephyr/kernel/libkernel.a(sched.c.obj)
                0x0000000008005334                z_sched_init
 .text.z_impl_k_yield
                0x0000000008005344       0x88 zephyr/kernel/libkernel.a(sched.c.obj)
                0x0000000008005344                z_impl_k_yield
 .text.z_tick_sleep
                0x00000000080053cc       0x78 zephyr/kernel/libkernel.a(sched.c.obj)
 .text.z_impl_k_wakeup
                0x0000000008005444       0x48 zephyr/kernel/libkernel.a(sched.c.obj)
                0x0000000008005444                z_impl_k_wakeup
 .text.z_impl_k_sched_current_thread_query
                0x000000000800548c        0xc zephyr/kernel/libkernel.a(sched.c.obj)
                0x000000000800548c                z_impl_k_sched_current_thread_query
 .text.z_thread_abort
                0x0000000008005498      0x140 zephyr/kernel/libkernel.a(sched.c.obj)
                0x0000000008005498                z_thread_abort
 .text.z_time_slice_size
                0x00000000080055d8       0x40 zephyr/kernel/libkernel.a(timeslicing.c.obj)
 .text.slice_timeout
                0x0000000008005618       0x20 zephyr/kernel/libkernel.a(timeslicing.c.obj)
 .text.z_reset_time_slice
                0x0000000008005638       0x44 zephyr/kernel/libkernel.a(timeslicing.c.obj)
                0x0000000008005638                z_reset_time_slice
 .text.z_time_slice
                0x000000000800567c       0x5c zephyr/kernel/libkernel.a(timeslicing.c.obj)
                0x000000000800567c                z_time_slice
 .text.first    0x00000000080056d8       0x10 zephyr/kernel/libkernel.a(timeout.c.obj)
 .text.elapsed  0x00000000080056e8       0x14 zephyr/kernel/libkernel.a(timeout.c.obj)
 .text.remove_timeout
                0x00000000080056fc       0x38 zephyr/kernel/libkernel.a(timeout.c.obj)
 .text.z_add_timeout
                0x0000000008005734      0x120 zephyr/kernel/libkernel.a(timeout.c.obj)
                0x0000000008005734                z_add_timeout
 .text.sys_clock_announce
                0x0000000008005854       0xbc zephyr/kernel/libkernel.a(timeout.c.obj)
                0x0000000008005854                sys_clock_announce
 .text.sys_clock_tick_get
                0x0000000008005910       0x30 zephyr/kernel/libkernel.a(timeout.c.obj)
                0x0000000008005910                sys_clock_tick_get
 .text.k_thread_system_pool_assign
                0x0000000008005940        0xc zephyr/kernel/libkernel.a(mempool.c.obj)
                0x0000000008005940                k_thread_system_pool_assign
 .text.boot_banner
                0x000000000800594c        0xc zephyr/kernel/libkernel.a(banner.c.obj)
                0x000000000800594c                boot_banner
 .text.statics_init
                0x0000000008005958       0x24 zephyr/kernel/libkernel.a(kheap.c.obj)
 .text._ZN11RadioLibHalC2Ejjjjjj
                0x000000000800597c       0x2c libradiolib.a(Hal.cpp.obj)
                0x000000000800597c                RadioLibHal::RadioLibHal(unsigned int, unsigned int, unsigned int, unsigned int, unsigned int, unsigned int)
                0x000000000800597c                RadioLibHal::RadioLibHal(unsigned int, unsigned int, unsigned int, unsigned int, unsigned int, unsigned int)
 .text._ZN6ModuleC2EP11RadioLibHaljjjj
                0x00000000080059a8       0x4c libradiolib.a(Module.cpp.obj)
                0x00000000080059a8                Module::Module(RadioLibHal*, unsigned int, unsigned int, unsigned int, unsigned int)
                0x00000000080059a8                Module::Module(RadioLibHal*, unsigned int, unsigned int, unsigned int, unsigned int)
 .text._ZN6SX1268C2EP6Module
                0x00000000080059f4       0x20 libradiolib.a(SX1268.cpp.obj)
                0x00000000080059f4                SX1268::SX1268(Module*)
                0x00000000080059f4                SX1268::SX1268(Module*)
 .text._ZN6SX12688setModemE11ModemType_t
                0x0000000008005a14       0x90 libradiolib.a(SX1268.cpp.obj)
                0x0000000008005a14                SX1268::setModem(ModemType_t)
 .text._ZN6SX126812setFrequencyEfb
                0x0000000008005aa4       0x64 libradiolib.a(SX1268.cpp.obj)
                0x0000000008005aa4                SX1268::setFrequency(float, bool)
 .text._ZN6SX126814setOutputPowerEab
                0x0000000008005b08       0x48 libradiolib.a(SX1268.cpp.obj)
                0x0000000008005b08                SX1268::setOutputPower(signed char, bool)
 .text._ZN6SX126x11scanChannelEv
                0x0000000008005b50       0x24 libradiolib.a(SX126x.cpp.obj)
                0x0000000008005b50                SX126x::scanChannel()
 .text._ZN6SX126x16startChannelScanEv
                0x0000000008005b74       0x24 libradiolib.a(SX126x.cpp.obj)
                0x0000000008005b74                SX126x::startChannelScan()
 .text._ZN6SX126x18calculateTimeOnAirE11ModemType_t10DataRate_t14PacketConfig_tj
                0x0000000008005b98      0x194 libradiolib.a(SX126x.cpp.obj)
                0x0000000008005b98                SX126x::calculateTimeOnAir(ModemType_t, DataRate_t, PacketConfig_t, unsigned int)
 .text._ZN6SX126x18calculateRxTimeoutEm
                0x0000000008005d2c       0x18 libradiolib.a(SX126x.cpp.obj)
                0x0000000008005d2c                SX126x::calculateRxTimeout(unsigned long)
 .text._ZN6SX126x14SPIparseStatusEh
                0x0000000008005d44       0x38 libradiolib.a(SX126x.cpp.obj)
                0x0000000008005d44                SX126x::SPIparseStatus(unsigned char)
 .text._ZN6SX126x12getTimeOnAirEj
                0x0000000008005d7c      0x138 libradiolib.a(SX126x.cpp.obj)
                0x0000000008005d7c                SX126x::getTimeOnAir(unsigned int)
 .text._ZN6SX126x20getChannelScanResultEv
                0x0000000008005eb4       0x38 libradiolib.a(SX126x.cpp.obj)
                0x0000000008005eb4                SX126x::getChannelScanResult()
 .text._ZN6SX126x6getSNREv
                0x0000000008005eec       0x40 libradiolib.a(SX126x.cpp.obj)
                0x0000000008005eec                SX126x::getSNR()
 .text._ZN6SX126x7receiveEPhjm
                0x0000000008005f2c       0xf8 libradiolib.a(SX126x.cpp.obj)
                0x0000000008005f2c                SX126x::receive(unsigned char*, unsigned int, unsigned long)
 .text._ZN6SX126xC2EP6Module
                0x0000000008006024       0xe0 libradiolib.a(SX126x.cpp.obj)
                0x0000000008006024                SX126x::SX126x(Module*)
                0x0000000008006024                SX126x::SX126x(Module*)
 .text._ZN6SX126x8transmitEPKhjh
                0x0000000008006104      0x124 libradiolib.a(SX126x.cpp.obj)
                0x0000000008006104                SX126x::transmit(unsigned char const*, unsigned int, unsigned char)
 .text._ZN6SX126x7getRSSIEb
                0x0000000008006228       0x50 libradiolib.a(SX126x.cpp.obj)
                0x0000000008006228                SX126x::getRSSI(bool)
 .text._ZN6SX126x14fixSensitivityEv
                0x0000000008006278       0x68 libradiolib.a(SX126x.cpp.obj)
                0x0000000008006278                SX126x::fixSensitivity()
 .text._ZN6SX126x8modSetupEfbh
                0x00000000080062e0      0x130 libradiolib.a(SX126x.cpp.obj)
                0x00000000080062e0                SX126x::modSetup(float, bool, unsigned char)
 .text._ZN6SX126x5beginEhhtfb
                0x0000000008006410       0xac libradiolib.a(SX126x.cpp.obj)
                0x0000000008006410                SX126x::begin(unsigned char, unsigned char, unsigned short, float, bool)
 .text._ZN6SX126x8beginFSKEffftfb
                0x00000000080064bc       0xe8 libradiolib.a(SX126x.cpp.obj)
                0x00000000080064bc                SX126x::beginFSK(float, float, float, unsigned short, float, bool)
 .text._ZN6SX126x11beginLRFHSSEhhbfb
                0x00000000080065a4       0x98 libradiolib.a(SX126x.cpp.obj)
                0x00000000080065a4                SX126x::beginLRFHSS(unsigned char, unsigned char, bool, float, bool)
 .text._ZN6SX126x17buildLRFHSSPacketEPKhjPhPjS3_S3_
                0x000000000800663c      0x4f4 libradiolib.a(SX126x_LR_FHSS.cpp.obj)
                0x000000000800663c                SX126x::buildLRFHSSPacket(unsigned char const*, unsigned int, unsigned char*, unsigned int*, unsigned int*, unsigned int*)
 .text._ZN6SX126x11resetLRFHSSEv
                0x0000000008006b30      0x12c libradiolib.a(SX126x_LR_FHSS.cpp.obj)
                0x0000000008006b30                SX126x::resetLRFHSS()
 .text._ZN6SX126x6setCadEhhhhm
                0x0000000008006c5c       0x9c libradiolib.a(SX126x_commands.cpp.obj)
                0x0000000008006c5c                SX126x::setCad(unsigned char, unsigned char, unsigned char, unsigned char, unsigned long)
 .text._ZN6SX126x15getPacketStatusEv
                0x0000000008006cf8       0x44 libradiolib.a(SX126x_commands.cpp.obj)
                0x0000000008006cf8                SX126x::getPacketStatus()
 .text._ZN6SX126x12setBandwidthEf
                0x0000000008006d3c       0xcc libradiolib.a(SX126x_config.cpp.obj)
                0x0000000008006d3c                SX126x::setBandwidth(float)
 .text._ZN6SX126x15setCurrentLimitEf
                0x0000000008006e08       0x4c libradiolib.a(SX126x_config.cpp.obj)
                0x0000000008006e08                SX126x::setCurrentLimit(float)
 .text._ZN6SX126x21setFrequencyDeviationEf
                0x0000000008006e54       0x80 libradiolib.a(SX126x_config.cpp.obj)
                0x0000000008006e54                SX126x::setFrequencyDeviation(float)
 .text._ZN6SX126x10setBitRateEf
                0x0000000008006ed4       0xcc libradiolib.a(SX126x_config.cpp.obj)
                0x0000000008006ed4                SX126x::setBitRate(float)
 .text._ZN6SX126x13checkDataRateE10DataRate_t11ModemType_t
                0x0000000008006fa0       0xc0 libradiolib.a(SX126x_config.cpp.obj)
                0x0000000008006fa0                SX126x::checkDataRate(DataRate_t, ModemType_t)
 .text._ZN6SX126x14setRxBandwidthEf
                0x0000000008007060      0x2cc libradiolib.a(SX126x_config.cpp.obj)
                0x0000000008007060                SX126x::setRxBandwidth(float)
 .text._ZN6SX126x7setTCXOEfj
                0x000000000800732c      0x17c libradiolib.a(SX126x_config.cpp.obj)
                0x000000000800732c                SX126x::setTCXO(float, unsigned int)
 .text._ZN13PhysicalLayer7getRSSIEv
                0x00000000080074a8        0x8 libradiolib.a(PhysicalLayer.cpp.obj)
                0x00000000080074a8                PhysicalLayer::getRSSI()
                0x00000000080074a8                PhysicalLayer::getSNR()
 .text._ZN13PhysicalLayerC2Ev
                0x00000000080074b0       0x48 libradiolib.a(PhysicalLayer.cpp.obj)
                0x00000000080074b0                PhysicalLayer::PhysicalLayer()
                0x00000000080074b0                PhysicalLayer::PhysicalLayer()
 .text._GLOBAL__sub_I__ZN11RadioLibCRCC2Ev
                0x00000000080074f8        0xc libradiolib.a(CRC.cpp.obj)
 .text._ZN16RadioLibConvCode6encodeEPKhjPhPj
                0x0000000008007504       0xf4 libradiolib.a(FEC.cpp.obj)
                0x0000000008007504                RadioLibConvCode::encode(unsigned char const*, unsigned int, unsigned char*, unsigned int*)
 .text._GLOBAL__sub_I__ZN11RadioLibBCHC2Ev
                0x00000000080075f8       0x30 libradiolib.a(FEC.cpp.obj)
 .text.malloc   0x0000000008007628       0x10 /Users/tylerfield/zephyr-sdk/zephyr-sdk-0.17.4/arm-zephyr-eabi/arm-zephyr-eabi/lib/thumb/v7-m/nofp/libc.a(lib_a-malloc.o)
                0x0000000008007628                malloc
 .text.free     0x0000000008007638       0x10 /Users/tylerfield/zephyr-sdk/zephyr-sdk-0.17.4/arm-zephyr-eabi/arm-zephyr-eabi/lib/thumb/v7-m/nofp/libc.a(lib_a-malloc.o)
                0x0000000008007638                free
 .text._malloc_r
                0x0000000008007648      0x578 /Users/tylerfield/zephyr-sdk/zephyr-sdk-0.17.4/arm-zephyr-eabi/arm-zephyr-eabi/lib/thumb/v7-m/nofp/libc.a(lib_a-mallocr.o)
                0x0000000008007648                _malloc_r
 .text.memset   0x0000000008007bc0       0xa0 /Users/tylerfield/zephyr-sdk/zephyr-sdk-0.17.4/arm-zephyr-eabi/arm-zephyr-eabi/lib/thumb/v7-m/nofp/libc.a(lib_a-memset.o)
                0x0000000008007bc0                memset
 .text.__malloc_lock
                0x0000000008007c60        0xc /Users/tylerfield/zephyr-sdk/zephyr-sdk-0.17.4/arm-zephyr-eabi/arm-zephyr-eabi/lib/thumb/v7-m/nofp/libc.a(lib_a-mlock.o)
                0x0000000008007c60                __malloc_lock
 .text.__malloc_unlock
                0x0000000008007c6c        0xc /Users/tylerfield/zephyr-sdk/zephyr-sdk-0.17.4/arm-zephyr-eabi/arm-zephyr-eabi/lib/thumb/v7-m/nofp/libc.a(lib_a-mlock.o)
                0x0000000008007c6c                __malloc_unlock
 .text.printf   0x0000000008007c78       0x28 /Users/tylerfield/zephyr-sdk/zephyr-sdk-0.17.4/arm-zephyr-eabi/arm-zephyr-eabi/lib/thumb/v7-m/nofp/libc.a(lib_a-printf.o)
                0x0000000008007c78                printf
 .text._puts_r  0x0000000008007ca0       0x80 /Users/tylerfield/zephyr-sdk/zephyr-sdk-0.17.4/arm-zephyr-eabi/arm-zephyr-eabi/lib/thumb/v7-m/nofp/libc.a(lib_a-puts.o)
                0x0000000008007ca0                _puts_r
 .text.puts     0x0000000008007d20       0x10 /Users/tylerfield/zephyr-sdk/zephyr-sdk-0.17.4/arm-zephyr-eabi/arm-zephyr-eabi/lib/thumb/v7-m/nofp/libc.a(lib_a-puts.o)
                0x0000000008007d20                puts
 .text._sbrk_r  0x0000000008007d30       0x24 /Users/tylerfield/zephyr-sdk/zephyr-sdk-0.17.4/arm-zephyr-eabi/arm-zephyr-eabi/lib/thumb/v7-m/nofp/libc.a(lib_a-sbrkr.o)
                0x0000000008007d30                _sbrk_r
 .text.snprintf
                0x0000000008007d54       0x84 /Users/tylerfield/zephyr-sdk/zephyr-sdk-0.17.4/arm-zephyr-eabi/arm-zephyr-eabi/lib/thumb/v7-m/nofp/libc.a(lib_a-snprintf.o)
                0x0000000008007d54                snprintf
 .text.strlen   0x0000000008007dd8       0x5c /Users/tylerfield/zephyr-sdk/zephyr-sdk-0.17.4/arm-zephyr-eabi/arm-zephyr-eabi/lib/thumb/v7-m/nofp/libc.a(lib_a-strlen-stub.o)
                0x0000000008007dd8                strlen
 .text.strncmp  0x0000000008007e34       0x84 /Users/tylerfield/zephyr-sdk/zephyr-sdk-0.17.4/arm-zephyr-eabi/arm-zephyr-eabi/lib/thumb/v7-m/nofp/libc.a(lib_a-strncmp.o)
                0x0000000008007e34                strncmp
 .text.strnlen  0x0000000008007eb8       0x24 /Users/tylerfield/zephyr-sdk/zephyr-sdk-0.17.4/arm-zephyr-eabi/arm-zephyr-eabi/lib/thumb/v7-m/nofp/libc.a(lib_a-strnlen.o)
                0x0000000008007eb8                strnlen
 .text._svfprintf_r
                0x0000000008007edc     0x1a58 /Users/tylerfield/zephyr-sdk/zephyr-sdk-0.17.4/arm-zephyr-eabi/arm-zephyr-eabi/lib/thumb/v7-m/nofp/libc.a(lib_a-svfprintf.o)
                0x0000000008007edc                _svfprintf_r
 .text._vfprintf_r
                0x0000000008009934     0x1aec /Users/tylerfield/zephyr-sdk/zephyr-sdk-0.17.4/arm-zephyr-eabi/arm-zephyr-eabi/lib/thumb/v7-m/nofp/libc.a(lib_a-vfprintf.o)
                0x0000000008009934                _vfprintf_r
 .text.__sbprintf
                0x000000000800b420       0x80 /Users/tylerfield/zephyr-sdk/zephyr-sdk-0.17.4/arm-zephyr-eabi/arm-zephyr-eabi/lib/thumb/v7-m/nofp/libc.a(lib_a-vfprintf.o)
 .text.__swsetup_r
                0x000000000800b4a0       0xc4 /Users/tylerfield/zephyr-sdk/zephyr-sdk-0.17.4/arm-zephyr-eabi/arm-zephyr-eabi/lib/thumb/v7-m/nofp/libc.a(lib_a-wsetup.o)
                0x000000000800b4a0                __swsetup_r
 .text.quorem   0x000000000800b564      0x13c /Users/tylerfield/zephyr-sdk/zephyr-sdk-0.17.4/arm-zephyr-eabi/arm-zephyr-eabi/lib/thumb/v7-m/nofp/libc.a(lib_a-dtoa.o)
 .text.__sflush_r
                0x000000000800b6a0      0x110 /Users/tylerfield/zephyr-sdk/zephyr-sdk-0.17.4/arm-zephyr-eabi/arm-zephyr-eabi/lib/thumb/v7-m/nofp/libc.a(lib_a-fflush.o)
                0x000000000800b6a0                __sflush_r
 .text._fflush_r
                0x000000000800b7b0       0x5c /Users/tylerfield/zephyr-sdk/zephyr-sdk-0.17.4/arm-zephyr-eabi/arm-zephyr-eabi/lib/thumb/v7-m/nofp/libc.a(lib_a-fflush.o)
                0x000000000800b7b0                _fflush_r
 .text._cleanup_r
                0x000000000800b80c        0xc /Users/tylerfield/zephyr-sdk/zephyr-sdk-0.17.4/arm-zephyr-eabi/arm-zephyr-eabi/lib/thumb/v7-m/nofp/libc.a(lib_a-findfp.o)
                0x000000000800b80c                _cleanup_r
 .text.__sinit  0x000000000800b818      0x10c /Users/tylerfield/zephyr-sdk/zephyr-sdk-0.17.4/arm-zephyr-eabi/arm-zephyr-eabi/lib/thumb/v7-m/nofp/libc.a(lib_a-findfp.o)
                0x000000000800b818                __sinit
 .text._malloc_trim_r
                0x000000000800b924       0x9c /Users/tylerfield/zephyr-sdk/zephyr-sdk-0.17.4/arm-zephyr-eabi/arm-zephyr-eabi/lib/thumb/v7-m/nofp/libc.a(lib_a-freer.o)
                0x000000000800b924                _malloc_trim_r
 .text._free_r  0x000000000800b9c0      0x1fc /Users/tylerfield/zephyr-sdk/zephyr-sdk-0.17.4/arm-zephyr-eabi/arm-zephyr-eabi/lib/thumb/v7-m/nofp/libc.a(lib_a-freer.o)
                0x000000000800b9c0                _free_r
 .text.__sfvwrite_r
                0x000000000800bbbc      0x2ec /Users/tylerfield/zephyr-sdk/zephyr-sdk-0.17.4/arm-zephyr-eabi/arm-zephyr-eabi/lib/thumb/v7-m/nofp/libc.a(lib_a-fvwrite.o)
                0x000000000800bbbc                __sfvwrite_r
 .text._fwalk_reent
                0x000000000800bea8       0x48 /Users/tylerfield/zephyr-sdk/zephyr-sdk-0.17.4/arm-zephyr-eabi/arm-zephyr-eabi/lib/thumb/v7-m/nofp/libc.a(lib_a-fwalk.o)
                0x000000000800bea8                _fwalk_reent
 .text._localeconv_r
                0x000000000800bef0        0x8 /Users/tylerfield/zephyr-sdk/zephyr-sdk-0.17.4/arm-zephyr-eabi/arm-zephyr-eabi/lib/thumb/v7-m/nofp/libc.a(lib_a-localeconv.o)
                0x000000000800bef0                _localeconv_r
 .text.__smakebuf_r
                0x000000000800bef8       0xc4 /Users/tylerfield/zephyr-sdk/zephyr-sdk-0.17.4/arm-zephyr-eabi/arm-zephyr-eabi/lib/thumb/v7-m/nofp/libc.a(lib_a-makebuf.o)
                0x000000000800bef8                __smakebuf_r
 .text.memchr   0x000000000800bfbc       0x98 /Users/tylerfield/zephyr-sdk/zephyr-sdk-0.17.4/arm-zephyr-eabi/arm-zephyr-eabi/lib/thumb/v7-m/nofp/libc.a(lib_a-memchr-stub.o)
                0x000000000800bfbc                memchr
 .text.memmove  0x000000000800c054       0xfc /Users/tylerfield/zephyr-sdk/zephyr-sdk-0.17.4/arm-zephyr-eabi/arm-zephyr-eabi/lib/thumb/v7-m/nofp/libc.a(lib_a-memmove.o)
                0x000000000800c054                memmove
 .text._Balloc  0x000000000800c150       0x4c /Users/tylerfield/zephyr-sdk/zephyr-sdk-0.17.4/arm-zephyr-eabi/arm-zephyr-eabi/lib/thumb/v7-m/nofp/libc.a(lib_a-mprec.o)
                0x000000000800c150                _Balloc
 .text._Bfree   0x000000000800c19c       0x14 /Users/tylerfield/zephyr-sdk/zephyr-sdk-0.17.4/arm-zephyr-eabi/arm-zephyr-eabi/lib/thumb/v7-m/nofp/libc.a(lib_a-mprec.o)
                0x000000000800c19c                _Bfree
 .text.__multadd
                0x000000000800c1b0       0xa4 /Users/tylerfield/zephyr-sdk/zephyr-sdk-0.17.4/arm-zephyr-eabi/arm-zephyr-eabi/lib/thumb/v7-m/nofp/libc.a(lib_a-mprec.o)
                0x000000000800c1b0                __multadd
 .text.__hi0bits
                0x000000000800c254       0x44 /Users/tylerfield/zephyr-sdk/zephyr-sdk-0.17.4/arm-zephyr-eabi/arm-zephyr-eabi/lib/thumb/v7-m/nofp/libc.a(lib_a-mprec.o)
                0x000000000800c254                __hi0bits
 .text.__lo0bits
                0x000000000800c298       0x5c /Users/tylerfield/zephyr-sdk/zephyr-sdk-0.17.4/arm-zephyr-eabi/arm-zephyr-eabi/lib/thumb/v7-m/nofp/libc.a(lib_a-mprec.o)
                0x000000000800c298                __lo0bits
 .text.__i2b    0x000000000800c2f4       0x5c /Users/tylerfield/zephyr-sdk/zephyr-sdk-0.17.4/arm-zephyr-eabi/arm-zephyr-eabi/lib/thumb/v7-m/nofp/libc.a(lib_a-mprec.o)
                0x000000000800c2f4                __i2b
 .text.__multiply
                0x000000000800c350      0x164 /Users/tylerfield/zephyr-sdk/zephyr-sdk-0.17.4/arm-zephyr-eabi/arm-zephyr-eabi/lib/thumb/v7-m/nofp/libc.a(lib_a-mprec.o)
                0x000000000800c350                __multiply
 .text.__pow5mult
                0x000000000800c4b4       0xb4 /Users/tylerfield/zephyr-sdk/zephyr-sdk-0.17.4/arm-zephyr-eabi/arm-zephyr-eabi/lib/thumb/v7-m/nofp/libc.a(lib_a-mprec.o)
                0x000000000800c4b4                __pow5mult
 .text.__lshift
                0x000000000800c568       0xec /Users/tylerfield/zephyr-sdk/zephyr-sdk-0.17.4/arm-zephyr-eabi/arm-zephyr-eabi/lib/thumb/v7-m/nofp/libc.a(lib_a-mprec.o)
                0x000000000800c568                __lshift
 .text.__mcmp   0x000000000800c654       0x40 /Users/tylerfield/zephyr-sdk/zephyr-sdk-0.17.4/arm-zephyr-eabi/arm-zephyr-eabi/lib/thumb/v7-m/nofp/libc.a(lib_a-mprec.o)
                0x000000000800c654                __mcmp
 .text.__mdiff  0x000000000800c694      0x160 /Users/tylerfield/zephyr-sdk/zephyr-sdk-0.17.4/arm-zephyr-eabi/arm-zephyr-eabi/lib/thumb/v7-m/nofp/libc.a(lib_a-mprec.o)
                0x000000000800c694                __mdiff
 .text.__d2b    0x000000000800c7f4       0xbc /Users/tylerfield/zephyr-sdk/zephyr-sdk-0.17.4/arm-zephyr-eabi/arm-zephyr-eabi/lib/thumb/v7-m/nofp/libc.a(lib_a-mprec.o)
                0x000000000800c7f4                __d2b
 .text._realloc_r
                0x000000000800c8b0      0x34c /Users/tylerfield/zephyr-sdk/zephyr-sdk-0.17.4/arm-zephyr-eabi/arm-zephyr-eabi/lib/thumb/v7-m/nofp/libc.a(lib_a-reallocr.o)
                0x000000000800c8b0                _realloc_r
 .text.frexp    0x000000000800cbfc       0x70 /Users/tylerfield/zephyr-sdk/zephyr-sdk-0.17.4/arm-zephyr-eabi/arm-zephyr-eabi/lib/thumb/v7-m/nofp/libc.a(lib_a-s_frexp.o)
                0x000000000800cbfc                frexp
 .text.__sread  0x000000000800cc6c       0x24 /Users/tylerfield/zephyr-sdk/zephyr-sdk-0.17.4/arm-zephyr-eabi/arm-zephyr-eabi/lib/thumb/v7-m/nofp/libc.a(lib_a-stdio.o)
                0x000000000800cc6c                __sread
 .text.__swrite
                0x000000000800cc90       0x40 /Users/tylerfield/zephyr-sdk/zephyr-sdk-0.17.4/arm-zephyr-eabi/arm-zephyr-eabi/lib/thumb/v7-m/nofp/libc.a(lib_a-stdio.o)
                0x000000000800cc90                __swrite
 .text.__sseek  0x000000000800ccd0       0x24 /Users/tylerfield/zephyr-sdk/zephyr-sdk-0.17.4/arm-zephyr-eabi/arm-zephyr-eabi/lib/thumb/v7-m/nofp/libc.a(lib_a-stdio.o)
                0x000000000800ccd0                __sseek
 .text.__sclose
                0x000000000800ccf4        0x8 /Users/tylerfield/zephyr-sdk/zephyr-sdk-0.17.4/arm-zephyr-eabi/arm-zephyr-eabi/lib/thumb/v7-m/nofp/libc.a(lib_a-stdio.o)
                0x000000000800ccf4                __sclose
 .text.strncpy  0x000000000800ccfc       0x6c /Users/tylerfield/zephyr-sdk/zephyr-sdk-0.17.4/arm-zephyr-eabi/arm-zephyr-eabi/lib/thumb/v7-m/nofp/libc.a(lib_a-strncpy.o)
                0x000000000800ccfc                strncpy
 .text.__ssprint_r
                0x000000000800cd68      0x110 /Users/tylerfield/zephyr-sdk/zephyr-sdk-0.17.4/arm-zephyr-eabi/arm-zephyr-eabi/lib/thumb/v7-m/nofp/libc.a(lib_a-svfiprintf.o)
                0x000000000800cd68                __ssprint_r
 .text.__sprint_r
                0x000000000800ce78       0x20 /Users/tylerfield/zephyr-sdk/zephyr-sdk-0.17.4/arm-zephyr-eabi/arm-zephyr-eabi/lib/thumb/v7-m/nofp/libc.a(lib_a-vfiprintf.o)
                0x000000000800ce78                __sprint_r
 .text._vfiprintf_r
                0x000000000800ce98      0xd90 /Users/tylerfield/zephyr-sdk/zephyr-sdk-0.17.4/arm-zephyr-eabi/arm-zephyr-eabi/lib/thumb/v7-m/nofp/libc.a(lib_a-vfiprintf.o)
                0x000000000800ce98                _vfiprintf_r
 .text.__sbprintf
                0x000000000800dc28       0x80 /Users/tylerfield/zephyr-sdk/zephyr-sdk-0.17.4/arm-zephyr-eabi/arm-zephyr-eabi/lib/thumb/v7-m/nofp/libc.a(lib_a-vfiprintf.o)
 .text._write_r
                0x000000000800dca8       0x2c /Users/tylerfield/zephyr-sdk/zephyr-sdk-0.17.4/arm-zephyr-eabi/arm-zephyr-eabi/lib/thumb/v7-m/nofp/libc.a(lib_a-writer.o)
                0x000000000800dca8                _write_r
 .text.__assert_func
                0x000000000800dcd4       0x40 /Users/tylerfield/zephyr-sdk/zephyr-sdk-0.17.4/arm-zephyr-eabi/arm-zephyr-eabi/lib/thumb/v7-m/nofp/libc.a(lib_a-assert.o)
                0x000000000800dcd4                __assert_func
 .text._calloc_r
                0x000000000800dd14       0x60 /Users/tylerfield/zephyr-sdk/zephyr-sdk-0.17.4/arm-zephyr-eabi/arm-zephyr-eabi/lib/thumb/v7-m/nofp/libc.a(lib_a-callocr.o)
                0x000000000800dd14                _calloc_r
 .text._close_r
                0x000000000800dd74       0x24 /Users/tylerfield/zephyr-sdk/zephyr-sdk-0.17.4/arm-zephyr-eabi/arm-zephyr-eabi/lib/thumb/v7-m/nofp/libc.a(lib_a-closer.o)
                0x000000000800dd74                _close_r
 .text.fiprintf
                0x000000000800dd98       0x28 /Users/tylerfield/zephyr-sdk/zephyr-sdk-0.17.4/arm-zephyr-eabi/arm-zephyr-eabi/lib/thumb/v7-m/nofp/libc.a(lib_a-fiprintf.o)
                0x000000000800dd98                fiprintf
 .text._fstat_r
                0x000000000800ddc0       0x28 /Users/tylerfield/zephyr-sdk/zephyr-sdk-0.17.4/arm-zephyr-eabi/arm-zephyr-eabi/lib/thumb/v7-m/nofp/libc.a(lib_a-fstatr.o)
                0x000000000800ddc0                _fstat_r
 .text._isatty_r
                0x000000000800dde8       0x24 /Users/tylerfield/zephyr-sdk/zephyr-sdk-0.17.4/arm-zephyr-eabi/arm-zephyr-eabi/lib/thumb/v7-m/nofp/libc.a(lib_a-isattyr.o)
                0x000000000800dde8                _isatty_r
 .text._lseek_r
                0x000000000800de0c       0x2c /Users/tylerfield/zephyr-sdk/zephyr-sdk-0.17.4/arm-zephyr-eabi/arm-zephyr-eabi/lib/thumb/v7-m/nofp/libc.a(lib_a-lseekr.o)
                0x000000000800de0c                _lseek_r
 .text.__ascii_mbtowc
                0x000000000800de38       0x2c /Users/tylerfield/zephyr-sdk/zephyr-sdk-0.17.4/arm-zephyr-eabi/arm-zephyr-eabi/lib/thumb/v7-m/nofp/libc.a(lib_a-mbtowc_r.o)
                0x000000000800de38                __ascii_mbtowc
 .text._read_r  0x000000000800de64       0x2c /Users/tylerfield/zephyr-sdk/zephyr-sdk-0.17.4/arm-zephyr-eabi/arm-zephyr-eabi/lib/thumb/v7-m/nofp/libc.a(lib_a-readr.o)
                0x000000000800de64                _read_r
 .text.__ascii_wctomb
                0x000000000800de90       0x1c /Users/tylerfield/zephyr-sdk/zephyr-sdk-0.17.4/arm-zephyr-eabi/arm-zephyr-eabi/lib/thumb/v7-m/nofp/libc.a(lib_a-wctomb_r.o)
                0x000000000800de90                __ascii_wctomb
 .text._OffsetAbsSyms
                0x000000000800deac        0x2 zephyr/CMakeFiles/offsets.dir/./arch/arm/core/offsets/offsets.c.obj
                0x000000000800deac                _OffsetAbsSyms
 .text.gpio_pin_get
                0x000000000800deae       0x28 app/libapp.a(main.cpp.obj)
 .text.spi_transceive
                0x000000000800ded6        0xc app/libapp.a(main.cpp.obj)
 .text._ZN11STMRadioHal4initEv
                0x000000000800dee2        0x6 app/libapp.a(main.cpp.obj)
                0x000000000800dee2                STMRadioHal::init()
 .text._ZN11STMRadioHal4termEv
                0x000000000800dee8        0x6 app/libapp.a(main.cpp.obj)
                0x000000000800dee8                STMRadioHal::term()
 .text._ZN11STMRadioHal11digitalReadEj
                0x000000000800deee       0x24 app/libapp.a(main.cpp.obj)
                0x000000000800deee                STMRadioHal::digitalRead(unsigned int)
 .text._ZN11STMRadioHal19spiBeginTransactionEv
                0x000000000800df12        0x2 app/libapp.a(main.cpp.obj)
                0x000000000800df12                STMRadioHal::spiBeginTransaction()
 .text._ZN11STMRadioHal17spiEndTransactionEv
                0x000000000800df14        0x2 app/libapp.a(main.cpp.obj)
                0x000000000800df14                STMRadioHal::spiEndTransaction()
 .text._ZN11STMRadioHal6spiEndEv
                0x000000000800df16        0x2 app/libapp.a(main.cpp.obj)
                0x000000000800df16                STMRadioHal::spiEnd()
 .text._ZN11STMRadioHalD2Ev
                0x000000000800df18        0x2 app/libapp.a(main.cpp.obj)
                0x000000000800df18                STMRadioHal::~STMRadioHal()
                0x000000000800df18                STMRadioHal::~STMRadioHal()
 .text._ZN11STMRadioHal17delayMicrosecondsEm
                0x000000000800df1a        0x6 app/libapp.a(main.cpp.obj)
                0x000000000800df1a                STMRadioHal::delayMicroseconds(unsigned long)
 .text._ZN11STMRadioHal6microsEv
                0x000000000800df20       0x16 app/libapp.a(main.cpp.obj)
                0x000000000800df20                STMRadioHal::micros()
 .text._ZN11STMRadioHalD0Ev
                0x000000000800df36        0xe app/libapp.a(main.cpp.obj)
                0x000000000800df36                STMRadioHal::~STMRadioHal()
 .text.gpio_remove_callback.isra.0
                0x000000000800df44        0xc app/libapp.a(main.cpp.obj)
 .text.gpio_pin_set.isra.0
                0x000000000800df50       0x20 app/libapp.a(main.cpp.obj)
 .text._ZN11STMRadioHal12digitalWriteEjj
                0x000000000800df70       0x22 app/libapp.a(main.cpp.obj)
                0x000000000800df70                STMRadioHal::digitalWrite(unsigned int, unsigned int)
 .text.gpio_pin_configure.isra.0
                0x000000000800df92       0x1c app/libapp.a(main.cpp.obj)
 .text._ZN11STMRadioHal7pulseInEjjm
                0x000000000800dfae       0x6e app/libapp.a(main.cpp.obj)
                0x000000000800dfae                STMRadioHal::pulseIn(unsigned int, unsigned int, unsigned long)
 .text._ZN11STMRadioHal7pinModeEjj
                0x000000000800e01c       0x32 app/libapp.a(main.cpp.obj)
                0x000000000800e01c                STMRadioHal::pinMode(unsigned int, unsigned int)
 .text.k_msleep.isra.0
                0x000000000800e04e        0xe app/libapp.a(main.cpp.obj)
 .text._ZN11STMRadioHal5delayEm
                0x000000000800e05c        0x6 app/libapp.a(main.cpp.obj)
                0x000000000800e05c                STMRadioHal::delay(unsigned long)
 .text._ZN11STMRadioHal6millisEv
                0x000000000800e062       0x10 app/libapp.a(main.cpp.obj)
                0x000000000800e062                STMRadioHal::millis()
 .text.__cxa_atexit
                0x000000000800e072        0x4 zephyr/libzephyr.a(cpp_dtors.c.obj)
                0x000000000800e072                __cxa_atexit
 .text.__cxa_pure_virtual
                0x000000000800e076        0x2 zephyr/libzephyr.a(cpp_virtual.c.obj)
                0x000000000800e076                __cxa_pure_virtual
 .text._Znaj    0x000000000800e078        0x4 zephyr/libzephyr.a(cpp_new.cpp.obj)
                0x000000000800e078                operator new[](unsigned int)
 .text._ZdaPv   0x000000000800e07c        0x4 zephyr/libzephyr.a(cpp_new.cpp.obj)
                0x000000000800e07c                operator delete[](void*)
 .text._ZdlPvj  0x000000000800e080        0x4 zephyr/libzephyr.a(cpp_new.cpp.obj)
                0x000000000800e080                operator delete(void*, unsigned int)
 .text.chunk_size
                0x000000000800e084        0xa zephyr/libzephyr.a(heap.c.obj)
 .text.free_list_add
                0x000000000800e08e       0x4e zephyr/libzephyr.a(heap.c.obj)
 .text.sys_heap_init
                0x000000000800e0dc       0x7a zephyr/libzephyr.a(heap.c.obj)
                0x000000000800e0dc                sys_heap_init
 .text.arch_printk_char_out
                0x000000000800e156        0x4 zephyr/libzephyr.a(printk.c.obj)
                0x000000000800e156                arch_printk_char_out
 .text.printk   0x000000000800e15a       0x1a zephyr/libzephyr.a(printk.c.obj)
                0x000000000800e15a                printk
 .text.z_thread_entry
                0x000000000800e174       0x14 zephyr/libzephyr.a(thread_entry.c.obj)
                0x000000000800e174                z_thread_entry
 .text.outs     0x000000000800e188       0x2e zephyr/libzephyr.a(cbprintf_complete.c.obj)
 .text._ConfigAbsSyms
                0x000000000800e1b6        0x2 zephyr/libzephyr.a(configs.c.obj)
                0x000000000800e1b6                _ConfigAbsSyms
 .text.arch_early_memset
                0x000000000800e1b8        0x4 zephyr/arch/common/libarch__common.a(init.c.obj)
                0x000000000800e1b8                arch_early_memset
 .text.arch_early_memcpy
                0x000000000800e1bc        0x4 zephyr/arch/common/libarch__common.a(init.c.obj)
                0x000000000800e1bc                arch_early_memcpy
 .text.z_do_kernel_oops
                0x000000000800e1c0        0x8 zephyr/arch/arch/arm/core/libarch__arm__core.a(fatal.c.obj)
                0x000000000800e1c0                z_do_kernel_oops
 .text.z_arm_nmi
                0x000000000800e1c8        0xe zephyr/arch/arch/arm/core/libarch__arm__core.a(nmi.c.obj)
                0x000000000800e1c8                z_arm_nmi
 .text.__aeabi_atexit
                0x000000000800e1d6        0xa zephyr/arch/arch/arm/core/libarch__arm__core.a(__aeabi_atexit.c.obj)
                0x000000000800e1d6                __aeabi_atexit
 .text.z_irq_spurious
                0x000000000800e1e0        0x8 zephyr/arch/arch/arm/core/cortex_m/libarch__arm__core__cortex_m.a(irq_manage.c.obj)
                0x000000000800e1e0                z_irq_spurious
 .text.z_prep_c
                0x000000000800e1e8       0x16 zephyr/arch/arch/arm/core/cortex_m/libarch__arm__core__cortex_m.a(prep_c.c.obj)
                0x000000000800e1e8                z_prep_c
 .text.arch_coprocessors_disable
                0x000000000800e1fe        0x6 zephyr/arch/arch/arm/core/cortex_m/libarch__arm__core__cortex_m.a(thread.c.obj)
                0x000000000800e1fe                arch_coprocessors_disable
 .text.arch_irq_unlock_outlined
                0x000000000800e204        0xe zephyr/arch/arch/arm/core/cortex_m/libarch__arm__core__cortex_m.a(thread.c.obj)
                0x000000000800e204                arch_irq_unlock_outlined
 .text.arch_cpu_idle
                0x000000000800e212       0x1a zephyr/arch/arch/arm/core/cortex_m/libarch__arm__core__cortex_m.a(cpu_idle.c.obj)
                0x000000000800e212                arch_cpu_idle
 .text._stdin_hook_default
                0x000000000800e22c        0x4 zephyr/lib/libc/newlib/liblib__libc__newlib.a(libc-hooks.c.obj)
 .text._stdout_hook_default
                0x000000000800e230        0x6 zephyr/lib/libc/newlib/liblib__libc__newlib.a(libc-hooks.c.obj)
 .text.malloc_prepare
                0x000000000800e236        0x4 zephyr/lib/libc/newlib/liblib__libc__newlib.a(libc-hooks.c.obj)
 .text._read    0x000000000800e23a        0x8 zephyr/lib/libc/newlib/liblib__libc__newlib.a(libc-hooks.c.obj)
                0x000000000800e23a                read
                0x000000000800e23a                _read
 .text._write   0x000000000800e242        0x8 zephyr/lib/libc/newlib/liblib__libc__newlib.a(libc-hooks.c.obj)
                0x000000000800e242                write
                0x000000000800e242                _write
 .text._close   0x000000000800e24a        0x6 zephyr/lib/libc/newlib/liblib__libc__newlib.a(libc-hooks.c.obj)
                0x000000000800e24a                close
                0x000000000800e24a                _close
 .text._lseek   0x000000000800e250        0x4 zephyr/lib/libc/newlib/liblib__libc__newlib.a(libc-hooks.c.obj)
                0x000000000800e250                lseek
                0x000000000800e250                _lseek
 .text._isatty  0x000000000800e254        0xa zephyr/lib/libc/newlib/liblib__libc__newlib.a(libc-hooks.c.obj)
                0x000000000800e254                isatty
                0x000000000800e254                _isatty
 .text._fstat   0x000000000800e25e        0xa zephyr/lib/libc/newlib/liblib__libc__newlib.a(libc-hooks.c.obj)
                0x000000000800e25e                _fstat
                0x000000000800e25e                fstat
 .text.__retarget_lock_init_recursive
                0x000000000800e268       0x14 zephyr/lib/libc/newlib/liblib__libc__newlib.a(libc-hooks.c.obj)
                0x000000000800e268                __retarget_lock_init_recursive
 .text.__retarget_lock_close_recursive
                0x000000000800e27c        0x4 zephyr/lib/libc/newlib/liblib__libc__newlib.a(libc-hooks.c.obj)
                0x000000000800e27c                __retarget_lock_close_recursive
 .text.__retarget_lock_acquire_recursive
                0x000000000800e280        0xc zephyr/lib/libc/newlib/liblib__libc__newlib.a(libc-hooks.c.obj)
                0x000000000800e280                __retarget_lock_acquire_recursive
 .text.__retarget_lock_release_recursive
                0x000000000800e28c        0x4 zephyr/lib/libc/newlib/liblib__libc__newlib.a(libc-hooks.c.obj)
                0x000000000800e28c                __retarget_lock_release_recursive
 .text.stm32_exti_init
                0x000000000800e290        0x4 zephyr/drivers/interrupt_controller/libdrivers__interrupt_controller.a(intc_exti_stm32.c.obj)
 .text.stm32_exti_gpio_intc_init
                0x000000000800e294       0x92 zephyr/drivers/interrupt_controller/libdrivers__interrupt_controller.a(intc_gpio_stm32.c.obj)
 .text.stm32_gpio_intc_get_pin_irq_line
                0x000000000800e326        0xa zephyr/drivers/interrupt_controller/libdrivers__interrupt_controller.a(intc_gpio_stm32.c.obj)
                0x000000000800e326                stm32_gpio_intc_get_pin_irq_line
 .text.stm32_exti_set_line_src_port
                0x000000000800e330       0x36 zephyr/drivers/interrupt_controller/libdrivers__interrupt_controller.a(intc_gpio_stm32.c.obj)
                0x000000000800e330                stm32_exti_set_line_src_port
 .text.stm32_clock_control_on
                0x000000000800e366       0x44 zephyr/drivers/clock_control/libdrivers__clock_control.a(clock_stm32_ll_common.c.obj)
 .text.stm32_clock_control_off
                0x000000000800e3aa       0x2c zephyr/drivers/clock_control/libdrivers__clock_control.a(clock_stm32_ll_common.c.obj)
 .text.enabled_clock
                0x000000000800e3d6       0x1e zephyr/drivers/clock_control/libdrivers__clock_control.a(clock_stm32_ll_common.c.obj)
                0x000000000800e3d6                enabled_clock
 .text.stm32_clock_control_configure
                0x000000000800e3f4       0x58 zephyr/drivers/clock_control/libdrivers__clock_control.a(clock_stm32_ll_common.c.obj)
 .text.stm32_clock_control_get_status
                0x000000000800e44c       0x38 zephyr/drivers/clock_control/libdrivers__clock_control.a(clock_stm32_ll_common.c.obj)
 .text.config_regulator_voltage
                0x000000000800e484        0x2 zephyr/drivers/clock_control/libdrivers__clock_control.a(clock_stm32_ll_common.c.obj)
                0x000000000800e484                config_regulator_voltage
 .text.get_pllout_frequency
                0x000000000800e486        0x4 zephyr/drivers/clock_control/libdrivers__clock_control.a(clock_stm32f1.c.obj)
                0x000000000800e486                get_pllout_frequency
 .text.config_enable_default_clocks
                0x000000000800e48a        0x2 zephyr/drivers/clock_control/libdrivers__clock_control.a(clock_stm32f1.c.obj)
                0x000000000800e48a                config_enable_default_clocks
 .text.gpio_stm32_port_get_raw
                0x000000000800e48c        0xc zephyr/drivers/gpio/libdrivers__gpio.a(gpio_stm32.c.obj)
 .text.gpio_stm32_port_set_masked_raw
                0x000000000800e498       0x12 zephyr/drivers/gpio/libdrivers__gpio.a(gpio_stm32.c.obj)
 .text.gpio_stm32_port_set_bits_raw
                0x000000000800e4aa        0xa zephyr/drivers/gpio/libdrivers__gpio.a(gpio_stm32.c.obj)
 .text.gpio_stm32_port_clear_bits_raw
                0x000000000800e4b4        0xa zephyr/drivers/gpio/libdrivers__gpio.a(gpio_stm32.c.obj)
 .text.gpio_stm32_port_toggle_bits
                0x000000000800e4be        0xe zephyr/drivers/gpio/libdrivers__gpio.a(gpio_stm32.c.obj)
 .text.gpio_stm32_manage_callback
                0x000000000800e4cc       0x52 zephyr/drivers/gpio/libdrivers__gpio.a(gpio_stm32.c.obj)
 .text.LL_GPIO_SetPinMode
                0x000000000800e51e       0x2c zephyr/drivers/gpio/libdrivers__gpio.a(gpio_stm32.c.obj)
 .text.LL_GPIO_SetPinSpeed
                0x000000000800e54a       0x2c zephyr/drivers/gpio/libdrivers__gpio.a(gpio_stm32.c.obj)
 .text.LL_GPIO_SetPinOutputType
                0x000000000800e576       0x2c zephyr/drivers/gpio/libdrivers__gpio.a(gpio_stm32.c.obj)
 .text.gpio_stm32_isr
                0x000000000800e5a2       0x2c zephyr/drivers/gpio/libdrivers__gpio.a(gpio_stm32.c.obj)
 .text.gpio_stm32_configure_raw.constprop.0.isra.0
                0x000000000800e5ce       0xaa zephyr/drivers/gpio/libdrivers__gpio.a(gpio_stm32.c.obj)
 .text.gpio_stm32_config
                0x000000000800e678       0xf2 zephyr/drivers/gpio/libdrivers__gpio.a(gpio_stm32.c.obj)
 .text.gpio_stm32_configure
                0x000000000800e76a       0x2a zephyr/drivers/gpio/libdrivers__gpio.a(gpio_stm32.c.obj)
                0x000000000800e76a                gpio_stm32_configure
 .text.pinctrl_lookup_state
                0x000000000800e794       0x26 zephyr/drivers/pinctrl/libdrivers__pinctrl.a(common.c.obj)
                0x000000000800e794                pinctrl_lookup_state
 .text.reset_stm32_status
                0x000000000800e7ba       0x20 zephyr/drivers/reset/libdrivers__reset.a(reset_stm32.c.obj)
 .text.reset_stm32_line_assert
                0x000000000800e7da       0x1c zephyr/drivers/reset/libdrivers__reset.a(reset_stm32.c.obj)
 .text.reset_stm32_line_deassert
                0x000000000800e7f6       0x1e zephyr/drivers/reset/libdrivers__reset.a(reset_stm32.c.obj)
 .text.reset_stm32_line_toggle
                0x000000000800e814       0x16 zephyr/drivers/reset/libdrivers__reset.a(reset_stm32.c.obj)
 .text.LL_USART_ClearFlag_PE
                0x000000000800e82a       0x12 zephyr/drivers/serial/libdrivers__serial.a(uart_stm32.c.obj)
 .text.uart_stm32_err_check
                0x000000000800e83c       0x5e zephyr/drivers/serial/libdrivers__serial.a(uart_stm32.c.obj)
 .text.uart_stm32_set_baudrate.isra.0
                0x000000000800e89a       0x58 zephyr/drivers/serial/libdrivers__serial.a(uart_stm32.c.obj)
 .text.uart_stm32_poll_out
                0x000000000800e8f2       0x36 zephyr/drivers/serial/libdrivers__serial.a(uart_stm32.c.obj)
 .text.uart_stm32_poll_in
                0x000000000800e928       0x22 zephyr/drivers/serial/libdrivers__serial.a(uart_stm32.c.obj)
 .text.uart_stm32_init
                0x000000000800e94a       0xb4 zephyr/drivers/serial/libdrivers__serial.a(uart_stm32.c.obj)
 .text.uart_stm32_config_get
                0x000000000800e9fe       0x8e zephyr/drivers/serial/libdrivers__serial.a(uart_stm32.c.obj)
 .text.spi_context_get_next_buf
                0x000000000800ea8c       0x2c zephyr/drivers/spi/libdrivers__spi.a(spi_stm32.c.obj)
 .text.bits2bytes
                0x000000000800eab8       0x16 zephyr/drivers/spi/libdrivers__spi.a(spi_stm32.c.obj)
 .text.spi_stm32_send_next_frame
                0x000000000800eace       0x74 zephyr/drivers/spi/libdrivers__spi.a(spi_stm32.c.obj)
 .text.spi_stm32_read_next_frame
                0x000000000800eb42       0x6c zephyr/drivers/spi/libdrivers__spi.a(spi_stm32.c.obj)
 .text.spi_stm32_pinctrl_apply.isra.0
                0x000000000800ebae       0x2a zephyr/drivers/spi/libdrivers__spi.a(spi_stm32.c.obj)
 .text.gpio_pin_set_dt.isra.0
                0x000000000800ebd8       0x28 zephyr/drivers/spi/libdrivers__spi.a(spi_stm32.c.obj)
 .text.spi_context_unlock_unconditionally
                0x000000000800ec00       0x30 zephyr/drivers/spi/libdrivers__spi.a(spi_stm32.c.obj)
 .text.spi_stm32_release
                0x000000000800ec30       0x1e zephyr/drivers/spi/libdrivers__spi.a(spi_stm32.c.obj)
 .text.z_impl_k_busy_wait
                0x000000000800ec4e       0x1c zephyr/kernel/libkernel.a(busy_wait.c.obj)
                0x000000000800ec4e                z_impl_k_busy_wait
 .text.do_device_init
                0x000000000800ec6a       0x30 zephyr/kernel/libkernel.a(device.c.obj)
                0x000000000800ec6a                do_device_init
 .text.z_impl_device_is_ready
                0x000000000800ec9a       0x16 zephyr/kernel/libkernel.a(device.c.obj)
                0x000000000800ec9a                z_impl_device_is_ready
 .text.arch_system_halt
                0x000000000800ecb0       0x10 zephyr/kernel/libkernel.a(fatal.c.obj)
                0x000000000800ecb0                arch_system_halt
 .text.k_sys_fatal_error_handler
                0x000000000800ecc0        0x6 zephyr/kernel/libkernel.a(fatal.c.obj)
                0x000000000800ecc0                k_sys_fatal_error_handler
 .text.idle     0x000000000800ecc6       0x16 zephyr/kernel/libkernel.a(idle.c.obj)
                0x000000000800ecc6                idle
 .text.adjust_owner_prio.isra.0
                0x000000000800ecdc       0x10 zephyr/kernel/libkernel.a(mutex.c.obj)
 .text.z_impl_k_mutex_init
                0x000000000800ecec        0xe zephyr/kernel/libkernel.a(mutex.c.obj)
                0x000000000800ecec                z_impl_k_mutex_init
 .text.sys_dlist_remove
                0x000000000800ecfa       0x10 zephyr/kernel/libkernel.a(sched.c.obj)
 .text.unpend_thread_no_timeout
                0x000000000800ed0a       0x14 zephyr/kernel/libkernel.a(sched.c.obj)
 .text.add_to_waitq_locked
                0x000000000800ed1e       0x50 zephyr/kernel/libkernel.a(sched.c.obj)
 .text.z_ready_thread
                0x000000000800ed6e       0x1e zephyr/kernel/libkernel.a(sched.c.obj)
                0x000000000800ed6e                z_ready_thread
 .text.z_sched_wake_thread
                0x000000000800ed8c       0x3a zephyr/kernel/libkernel.a(sched.c.obj)
                0x000000000800ed8c                z_sched_wake_thread
 .text.z_thread_timeout
                0x000000000800edc6        0x8 zephyr/kernel/libkernel.a(sched.c.obj)
                0x000000000800edc6                z_thread_timeout
 .text.z_impl_k_sleep
                0x000000000800edce       0x3e zephyr/kernel/libkernel.a(sched.c.obj)
                0x000000000800edce                z_impl_k_sleep
 .text.next_timeout
                0x000000000800ee0c       0x2e zephyr/kernel/libkernel.a(timeout.c.obj)
 .text.z_abort_timeout
                0x000000000800ee3a       0x50 zephyr/kernel/libkernel.a(timeout.c.obj)
                0x000000000800ee3a                z_abort_timeout
 .text.sys_clock_tick_get_32
                0x000000000800ee8a        0x8 zephyr/kernel/libkernel.a(timeout.c.obj)
                0x000000000800ee8a                sys_clock_tick_get_32
 .text.z_impl_k_uptime_ticks
                0x000000000800ee92        0x4 zephyr/kernel/libkernel.a(timeout.c.obj)
                0x000000000800ee92                z_impl_k_uptime_ticks
 .text.k_heap_init
                0x000000000800ee96       0x14 zephyr/kernel/libkernel.a(kheap.c.obj)
                0x000000000800ee96                k_heap_init
 .text._ZN11RadioLibHal4initEv
                0x000000000800eeaa        0x2 libradiolib.a(Hal.cpp.obj)
                0x000000000800eeaa                RadioLibHal::init()
                0x000000000800eeaa                RadioLibHal::yield()
                0x000000000800eeaa                RadioLibHal::term()
 .text._ZN11RadioLibHal4toneEjjm
                0x000000000800eeac        0x2 libradiolib.a(Hal.cpp.obj)
                0x000000000800eeac                RadioLibHal::tone(unsigned int, unsigned int, unsigned long)
 .text._ZN11RadioLibHal6noToneEj
                0x000000000800eeae        0x2 libradiolib.a(Hal.cpp.obj)
                0x000000000800eeae                RadioLibHal::noTone(unsigned int)
 .text._ZN11RadioLibHal14pinToInterruptEj
                0x000000000800eeb0        0x4 libradiolib.a(Hal.cpp.obj)
                0x000000000800eeb0                RadioLibHal::pinToInterrupt(unsigned int)
 .text._ZN11RadioLibHal10pullUpDownEjbb
                0x000000000800eeb4        0x2 libradiolib.a(Hal.cpp.obj)
                0x000000000800eeb4                RadioLibHal::pullUpDown(unsigned int, bool, bool)
 .text._ZN6Module4initEv
                0x000000000800eeb6       0x28 libradiolib.a(Module.cpp.obj)
                0x000000000800eeb6                Module::init()
 .text._ZN6Module4termEv
                0x000000000800eede        0x8 libradiolib.a(Module.cpp.obj)
                0x000000000800eede                Module::term()
 .text._ZN6Module11SPItransferEtjPKhPhj
                0x000000000800eee6       0xd4 libradiolib.a(Module.cpp.obj)
                0x000000000800eee6                Module::SPItransfer(unsigned short, unsigned int, unsigned char const*, unsigned char*, unsigned int)
 .text._ZN6Module17SPItransferStreamEPKhhbS1_Phjb
                0x000000000800efba      0x176 libradiolib.a(Module.cpp.obj)
                0x000000000800efba                Module::SPItransferStream(unsigned char const*, unsigned char, bool, unsigned char const*, unsigned char*, unsigned int, bool)
 .text._ZN6Module20SPIreadRegisterBurstEjjPh
                0x000000000800f130       0x86 libradiolib.a(Module.cpp.obj)
                0x000000000800f130                Module::SPIreadRegisterBurst(unsigned int, unsigned int, unsigned char*)
 .text._ZN6Module15SPIreadRegisterEj
                0x000000000800f1b6       0x8c libradiolib.a(Module.cpp.obj)
                0x000000000800f1b6                Module::SPIreadRegister(unsigned int)
 .text._ZN6Module21SPIwriteRegisterBurstEjPKhj
                0x000000000800f242       0x8a libradiolib.a(Module.cpp.obj)
                0x000000000800f242                Module::SPIwriteRegisterBurst(unsigned int, unsigned char const*, unsigned int)
 .text._ZN6Module16SPIwriteRegisterEjh
                0x000000000800f2cc       0x88 libradiolib.a(Module.cpp.obj)
                0x000000000800f2cc                Module::SPIwriteRegister(unsigned int, unsigned char)
 .text._ZN6Module14SPIsetRegValueEjhhhhhb
                0x000000000800f354       0xac libradiolib.a(Module.cpp.obj)
                0x000000000800f354                Module::SPIsetRegValue(unsigned int, unsigned char, unsigned char, unsigned char, unsigned char, unsigned char, bool)
 .text._ZN6Module13SPIreadStreamEPKhhPhjbb
                0x000000000800f400       0x32 libradiolib.a(Module.cpp.obj)
                0x000000000800f400                Module::SPIreadStream(unsigned char const*, unsigned char, unsigned char*, unsigned int, bool, bool)
 .text._ZN6Module13SPIreadStreamEtPhjbb
                0x000000000800f432       0x50 libradiolib.a(Module.cpp.obj)
                0x000000000800f432                Module::SPIreadStream(unsigned short, unsigned char*, unsigned int, bool, bool)
 .text._ZN6Module14SPIwriteStreamEPKhhS1_jbb
                0x000000000800f482       0x34 libradiolib.a(Module.cpp.obj)
                0x000000000800f482                Module::SPIwriteStream(unsigned char const*, unsigned char, unsigned char const*, unsigned int, bool, bool)
 .text._ZN6Module14SPIwriteStreamEtPKhjbb
                0x000000000800f4b6       0x50 libradiolib.a(Module.cpp.obj)
                0x000000000800f4b6                Module::SPIwriteStream(unsigned short, unsigned char const*, unsigned int, bool, bool)
 .text._ZN6Module14SPIcheckStreamEv
                0x000000000800f506       0x66 libradiolib.a(Module.cpp.obj)
                0x000000000800f506                Module::SPIcheckStream()
 .text._ZNK6Module16findRfSwitchModeEh
                0x000000000800f56c       0x16 libradiolib.a(Module.cpp.obj)
                0x000000000800f56c                Module::findRfSwitchMode(unsigned char) const
 .text._ZN6Module16setRfSwitchStateEh
                0x000000000800f582       0x30 libradiolib.a(Module.cpp.obj)
                0x000000000800f582                Module::setRfSwitchState(unsigned char)
 .text._ZN6SX126816checkOutputPowerEaPa
                0x000000000800f5b2       0x26 libradiolib.a(SX1268.cpp.obj)
                0x000000000800f5b2                SX1268::checkOutputPower(signed char, signed char*)
 .text._ZN6SX1268D2Ev
                0x000000000800f5d8        0x2 libradiolib.a(SX1268.cpp.obj)
                0x000000000800f5d8                SX1268::~SX1268()
                0x000000000800f5d8                SX1268::~SX1268()
 .text._ZN6SX12689beginBPSKEffafb
                0x000000000800f5da       0x3c libradiolib.a(SX1268.cpp.obj)
                0x000000000800f5da                SX1268::beginBPSK(float, float, signed char, float, bool)
 .text._ZN6SX1268D0Ev
                0x000000000800f616       0x10 libradiolib.a(SX1268.cpp.obj)
                0x000000000800f616                SX1268::~SX1268()
 .text._ZN6SX12685beginEffhhhatfb
                0x000000000800f626       0x74 libradiolib.a(SX1268.cpp.obj)
                0x000000000800f626                SX1268::begin(float, float, unsigned char, unsigned char, unsigned char, signed char, unsigned short, float, bool)
 .text._ZN6SX12688beginFSKEffffatfb
                0x000000000800f69a       0x52 libradiolib.a(SX1268.cpp.obj)
                0x000000000800f69a                SX1268::beginFSK(float, float, float, float, signed char, unsigned short, float, bool)
 .text._ZN6SX126811beginLRFHSSEfhhbafb
                0x000000000800f6ec       0x4c libradiolib.a(SX1268.cpp.obj)
                0x000000000800f6ec                SX1268::beginLRFHSS(float, unsigned char, unsigned char, bool, signed char, float, bool)
 .text._ZN6SX126812setFrequencyEf
                0x000000000800f738        0x6 libradiolib.a(SX1268.cpp.obj)
                0x000000000800f738                SX1268::setFrequency(float)
 .text._ZN6SX126814setOutputPowerEa
                0x000000000800f73e        0x6 libradiolib.a(SX1268.cpp.obj)
                0x000000000800f73e                SX1268::setOutputPower(signed char)
 .text._ZN6SX126x12startReceiveEv
                0x000000000800f744       0x1a libradiolib.a(SX126x.cpp.obj)
                0x000000000800f744                SX126x::startReceive()
 .text._ZN6SX126x13clearIrqFlagsEj
                0x000000000800f75e        0xa libradiolib.a(SX126x.cpp.obj)
                0x000000000800f75e                SX126x::clearIrqFlags(unsigned int)
 .text._ZN6SX126x15setDirectActionEPFvvE
                0x000000000800f768        0x8 libradiolib.a(SX126x.cpp.obj)
                0x000000000800f768                SX126x::setDirectAction(void (*)())
 .text._ZN6SX126x6getModEv
                0x000000000800f770        0x6 libradiolib.a(SX126x.cpp.obj)
                0x000000000800f770                SX126x::getMod()
 .text._ZN6SX126xD2Ev
                0x000000000800f776        0x2 libradiolib.a(SX126x.cpp.obj)
                0x000000000800f776                SX126x::~SX126x()
                0x000000000800f776                SX126x::~SX126x()
 .text._ZN6SX126x8getModemEP11ModemType_t
                0x000000000800f778       0x2a libradiolib.a(SX126x.cpp.obj)
                0x000000000800f778                SX126x::getModem(ModemType_t*)
 .text._ZN6SX126x13receiveDirectEv
                0x000000000800f7a2       0x12 libradiolib.a(SX126x.cpp.obj)
                0x000000000800f7a2                SX126x::receiveDirect()
 .text._ZN6SX126x14transmitDirectEj
                0x000000000800f7b4       0x3a libradiolib.a(SX126x.cpp.obj)
                0x000000000800f7b4                SX126x::transmitDirect(unsigned int)
 .text._ZN6SX126x11setIrqFlagsEj
                0x000000000800f7ee       0x14 libradiolib.a(SX126x.cpp.obj)
                0x000000000800f7ee                SX126x::setIrqFlags(unsigned int)
 .text._ZN6SX126x11getIrqFlagsEv
                0x000000000800f802       0x2a libradiolib.a(SX126x.cpp.obj)
                0x000000000800f802                SX126x::getIrqFlags()
 .text._ZN6SX126x10randomByteEv
                0x000000000800f82c       0xc8 libradiolib.a(SX126x.cpp.obj)
                0x000000000800f82c                SX126x::randomByte()
 .text._ZN6SX126x10launchModeEv
                0x000000000800f8f4       0x6e libradiolib.a(SX126x.cpp.obj)
                0x000000000800f8f4                SX126x::launchMode()
 .text._ZN6SX126x7readBitEj
                0x000000000800f962       0x1c libradiolib.a(SX126x.cpp.obj)
                0x000000000800f962                SX126x::readBit(unsigned int)
 .text._ZN6SX126xD0Ev
                0x000000000800f97e       0x10 libradiolib.a(SX126x.cpp.obj)
                0x000000000800f97e                SX126x::~SX126x()
 .text._ZN6SX126x14finishTransmitEv
                0x000000000800f98e       0x20 libradiolib.a(SX126x.cpp.obj)
                0x000000000800f98e                SX126x::finishTransmit()
 .text._ZN6SX126x16startChannelScanERK19ChannelScanConfig_t
                0x000000000800f9ae       0x7c libradiolib.a(SX126x.cpp.obj)
                0x000000000800f9ae                SX126x::startChannelScan(ChannelScanConfig_t const&)
 .text._ZN6SX126x11scanChannelERK19ChannelScanConfig_t
                0x000000000800fa2a       0x3c libradiolib.a(SX126x.cpp.obj)
                0x000000000800fa2a                SX126x::scanChannel(ChannelScanConfig_t const&)
 .text._ZN6SX126x15setLrFhssConfigEhhht
                0x000000000800fa66       0x46 libradiolib.a(SX126x.cpp.obj)
                0x000000000800fa66                SX126x::setLrFhssConfig(unsigned char, unsigned char, unsigned char, unsigned short)
 .text._ZN6SX126x5resetEb
                0x000000000800faac       0x8a libradiolib.a(SX126x.cpp.obj)
                0x000000000800faac                SX126x::reset(bool)
 .text._ZN6SX126x9hopLRFHSSEv
                0x000000000800fb36       0x38 libradiolib.a(SX126x.cpp.obj)
                0x000000000800fb36                SX126x::hopLRFHSS()
 .text._ZN6SX126x18startReceiveCommonEjjj
                0x000000000800fb6e       0xd0 libradiolib.a(SX126x.cpp.obj)
                0x000000000800fb6e                SX126x::startReceiveCommon(unsigned int, unsigned int, unsigned int)
 .text._ZN6SX126x7getRSSIEv
                0x000000000800fc3e        0x6 libradiolib.a(SX126x.cpp.obj)
                0x000000000800fc3e                SX126x::getRSSI()
 .text._ZN6SX126x15getPacketLengthEbPh
                0x000000000800fc44       0x4a libradiolib.a(SX126x.cpp.obj)
                0x000000000800fc44                SX126x::getPacketLength(bool, unsigned char*)
 .text._ZN6SX126x8readDataEPhj
                0x000000000800fc8e       0xa0 libradiolib.a(SX126x.cpp.obj)
                0x000000000800fc8e                SX126x::readData(unsigned char*, unsigned int)
 .text._ZN6SX126x15getPacketLengthEb
                0x000000000800fd2e        0x6 libradiolib.a(SX126x.cpp.obj)
                0x000000000800fd2e                SX126x::getPacketLength(bool)
 .text._ZN6SX126x23calibrateImageRejectionEff
                0x000000000800fd34       0x6c libradiolib.a(SX126x.cpp.obj)
                0x000000000800fd34                SX126x::calibrateImageRejection(float, float)
 .text._ZN6SX126x14calibrateImageEf
                0x000000000800fda0       0x8c libradiolib.a(SX126x.cpp.obj)
                0x000000000800fda0                SX126x::calibrateImage(float)
 .text._ZN6SX126x9stageModeE15RadioModeType_tP17RadioModeConfig_t
                0x000000000800fe2c      0x226 libradiolib.a(SX126x.cpp.obj)
                0x000000000800fe2c                SX126x::stageMode(RadioModeType_t, RadioModeConfig_t*)
 .text._ZN6SX126x13fixPaClampingEb
                0x0000000008010052       0x48 libradiolib.a(SX126x.cpp.obj)
                0x0000000008010052                SX126x::fixPaClamping(bool)
 .text._ZN6SX126x18fixImplicitTimeoutEv
                0x000000000801009a       0x6c libradiolib.a(SX126x.cpp.obj)
                0x000000000801009a                SX126x::fixImplicitTimeout()
 .text._ZN6SX126x13finishReceiveEv
                0x0000000008010106       0x28 libradiolib.a(SX126x.cpp.obj)
                0x0000000008010106                SX126x::finishReceive()
 .text._ZN6SX126x13fixInvertedIQEh
                0x000000000801012e       0x44 libradiolib.a(SX126x.cpp.obj)
                0x000000000801012e                SX126x::fixInvertedIQ(unsigned char)
 .text._ZN6SX126x7fixGFSKEv
                0x0000000008010172      0x104 libradiolib.a(SX126x.cpp.obj)
                0x0000000008010172                SX126x::fixGFSK()
 .text._ZN6SX126x8findChipEPKc
                0x0000000008010276       0x58 libradiolib.a(SX126x.cpp.obj)
                0x0000000008010276                SX126x::findChip(char const*)
 .text._ZN6SX126x9beginBPSKEffb
                0x00000000080102ce       0x2c libradiolib.a(SX126x.cpp.obj)
                0x00000000080102ce                SX126x::beginBPSK(float, float, bool)
 .text._ZN6SX126x10stepLRFHSSEv
                0x00000000080102fa       0x34 libradiolib.a(SX126x_LR_FHSS.cpp.obj)
                0x00000000080102fa                SX126x::stepLRFHSS()
 .text._ZN6SX126x12setLRFHSSHopEh
                0x000000000801032e       0xfa libradiolib.a(SX126x_LR_FHSS.cpp.obj)
                0x000000000801032e                SX126x::setLRFHSSHop(unsigned char)
 .text._ZN6SX126x5sleepEb
                0x0000000008010428       0x44 libradiolib.a(SX126x_commands.cpp.obj)
                0x0000000008010428                SX126x::sleep(bool)
 .text._ZN6SX126x5sleepEv
                0x000000000801046c        0x6 libradiolib.a(SX126x_commands.cpp.obj)
                0x000000000801046c                SX126x::sleep()
 .text._ZN6SX126x7standbyEhb
                0x0000000008010472       0x40 libradiolib.a(SX126x_commands.cpp.obj)
                0x0000000008010472                SX126x::standby(unsigned char, bool)
 .text._ZN6SX126x7standbyEv
                0x00000000080104b2        0xa libradiolib.a(SX126x_commands.cpp.obj)
                0x00000000080104b2                SX126x::standby()
 .text._ZN6SX126x5setTxEj
                0x00000000080104bc       0x2c libradiolib.a(SX126x_commands.cpp.obj)
                0x00000000080104bc                SX126x::setTx(unsigned int)
 .text._ZN6SX126x5setRxEj
                0x00000000080104e8       0x2e libradiolib.a(SX126x_commands.cpp.obj)
                0x00000000080104e8                SX126x::setRx(unsigned int)
 .text._ZN6SX126x11setPaConfigEhhhh
                0x0000000008010516       0x30 libradiolib.a(SX126x_commands.cpp.obj)
                0x0000000008010516                SX126x::setPaConfig(unsigned char, unsigned char, unsigned char, unsigned char)
 .text._ZN6SX126x13writeRegisterEtPKhh
                0x0000000008010546        0xe libradiolib.a(SX126x_commands.cpp.obj)
                0x0000000008010546                SX126x::writeRegister(unsigned short, unsigned char const*, unsigned char)
 .text._ZN6SX126x12readRegisterEtPhh
                0x0000000008010554       0x1e libradiolib.a(SX126x_commands.cpp.obj)
                0x0000000008010554                SX126x::readRegister(unsigned short, unsigned char*, unsigned char)
 .text._ZN6SX126x11writeBufferEPKhhh
                0x0000000008010572       0x28 libradiolib.a(SX126x_commands.cpp.obj)
                0x0000000008010572                SX126x::writeBuffer(unsigned char const*, unsigned char, unsigned char)
 .text._ZN6SX126x10readBufferEPhhh