Archive member included to satisfy reference by file (symbol)

app/libapp.a(main.cpp.obj)    (--whole-archive)
app/libapp.a(radio.cpp.obj)   (--whole-archive)
app/libapp.a(radio_hal.cpp.obj)
                              (--whole-archive)
zephyr/libzephyr.a(validate_libc.c.obj)
                              (--whole-archive)
zephyr/libzephyr.a(cpp_dtors.c.obj)
                              (--whole-archive)
zephyr/libzephyr.a(cpp_virtual.c.obj)
                              (--whole-archive)
zephyr/libzephyr.a(cpp_vtable.cpp.obj)
                              (--whole-archive)
zephyr/libzephyr.a(cpp_new.cpp.obj)
                              (--whole-archive)
zephyr/libzephyr.a(heap.c.obj)
                              (--whole-archive)
zephyr/libzephyr.a(cbprintf_packaged.c.obj)
                              (--whole-archive)
zephyr/libzephyr.a(clock.c.obj)
                              (--whole-archive)
zephyr/libzephyr.a(printk.c.obj)
                              (--whole-archive)
zephyr/libzephyr.a(sem.c.obj)
                              (--whole-archive)
zephyr/libzephyr.a(thread_entry.c.obj)
                              (--whole-archive)
zephyr/libzephyr.a(cbprintf_complete.c.obj)
                              (--whole-archive)
zephyr/libzephyr.a(cbprintf.c.obj)
                              (--whole-archive)
zephyr/libzephyr.a(assert.c.obj)
                              (--whole-archive)
zephyr/libzephyr.a(dec.c.obj)
                              (--whole-archive)
zephyr/libzephyr.a(hex.c.obj)
                              (--whole-archive)
zephyr/libzephyr.a(rb.c.obj)  (--whole-archive)
zephyr/libzephyr.a(timeutil.c.obj)
                              (--whole-archive)
zephyr/libzephyr.a(bitarray.c.obj)
                              (--whole-archive)
zephyr/libzephyr.a(bitmask.c.obj)
                              (--whole-archive)
zephyr/libzephyr.a(getopt.c.obj)
                              (--whole-archive)
zephyr/libzephyr.a(getopt_common.c.obj)
                              (--whole-archive)
zephyr/libzephyr.a(ring_buffer.c.obj)
                              (--whole-archive)
zephyr/libzephyr.a(last_section_id.c.obj)
                              (--whole-archive)
zephyr/libzephyr.a(configs.c.obj)
                              (--whole-archive)
zephyr/libzephyr.a(stm32cube_hal.c.obj)
                              (--whole-archive)
zephyr/libzephyr.a(soc_config.c.obj)
                              (--whole-archive)
zephyr/libzephyr.a(stm32_backup_domain.c.obj)
                              (--whole-archive)
zephyr/libzephyr.a(soc.c.obj)
                              (--whole-archive)
zephyr/libzephyr.a(tracing_none.c.obj)
                              (--whole-archive)
zephyr/arch/common/libarch__common.a(sw_isr_common.c.obj)
                              (--whole-archive)
zephyr/arch/common/libarch__common.a(init.c.obj)
                              (--whole-archive)
zephyr/arch/common/libarch__common.a(xip.c.obj)
                              (--whole-archive)
zephyr/arch/arch/arm/core/libarch__arm__core.a(fatal.c.obj)
                              (--whole-archive)
zephyr/arch/arch/arm/core/libarch__arm__core.a(nmi.c.obj)
                              (--whole-archive)
zephyr/arch/arch/arm/core/libarch__arm__core.a(nmi_on_reset.S.obj)
                              (--whole-archive)
zephyr/arch/arch/arm/core/libarch__arm__core.a(__aeabi_atexit.c.obj)
                              (--whole-archive)
zephyr/arch/arch/arm/core/cortex_m/libarch__arm__core__cortex_m.a(exc_exit.c.obj)
                              (--whole-archive)
zephyr/arch/arch/arm/core/cortex_m/libarch__arm__core__cortex_m.a(fault.c.obj)
                              (--whole-archive)
zephyr/arch/arch/arm/core/cortex_m/libarch__arm__core__cortex_m.a(fault_s.S.obj)
                              (--whole-archive)
zephyr/arch/arch/arm/core/cortex_m/libarch__arm__core__cortex_m.a(fpu.c.obj)
                              (--whole-archive)
zephyr/arch/arch/arm/core/cortex_m/libarch__arm__core__cortex_m.a(reset.S.obj)
                              (--whole-archive)
zephyr/arch/arch/arm/core/cortex_m/libarch__arm__core__cortex_m.a(scb.c.obj)
                              (--whole-archive)
zephyr/arch/arch/arm/core/cortex_m/libarch__arm__core__cortex_m.a(thread_abort.c.obj)
                              (--whole-archive)
zephyr/arch/arch/arm/core/cortex_m/libarch__arm__core__cortex_m.a(vector_table.S.obj)
                              (--whole-archive)
zephyr/arch/arch/arm/core/cortex_m/libarch__arm__core__cortex_m.a(swap_helper.S.obj)
                              (--whole-archive)
zephyr/arch/arch/arm/core/cortex_m/libarch__arm__core__cortex_m.a(irq_manage.c.obj)
                              (--whole-archive)
zephyr/arch/arch/arm/core/cortex_m/libarch__arm__core__cortex_m.a(prep_c.c.obj)
                              (--whole-archive)
zephyr/arch/arch/arm/core/cortex_m/libarch__arm__core__cortex_m.a(thread.c.obj)
[...]
Memory Configuration

Name             Origin             Length             Attributes
FLASH            0x0000000008000000 0x0000000000020000 xr
RAM              0x0000000020000000 0x0000000000005000 xw
SRAM0            0x0000000020000000 0x0000000000005000 rw
IDT_LIST         0x00000000ffff7fff 0x0000000000008000 xw
*default*        0x0000000000000000 0xffffffffffffffff

Linker script and memory map

LOAD zephyr/CMakeFiles/zephyr_pre0.dir/misc/empty_file.c.obj
LOAD zephyr/CMakeFiles/offsets.dir/./arch/arm/core/offsets/offsets.c.obj
LOAD app/libapp.a
LOAD zephyr/libzephyr.a
LOAD zephyr/arch/common/libarch__common.a
LOAD zephyr/arch/arch/arm/core/libarch__arm__core.a
LOAD zephyr/arch/arch/arm/core/cortex_m/libarch__arm__core__cortex_m.a
LOAD zephyr/lib/libc/newlib/liblib__libc__newlib.a
LOAD zephyr/lib/libc/common/liblib__libc__common.a
LOAD zephyr/lib/posix/c_lib_ext/liblib__posix__c_lib_ext.a
LOAD zephyr/drivers/interrupt_controller/libdrivers__interrupt_controller.a
LOAD zephyr/drivers/clock_control/libdrivers__clock_control.a
LOAD zephyr/drivers/console/libdrivers__console.a
LOAD zephyr/drivers/gpio/libdrivers__gpio.a
LOAD zephyr/drivers/pinctrl/libdrivers__pinctrl.a
LOAD zephyr/drivers/reset/libdrivers__reset.a
LOAD zephyr/drivers/serial/libdrivers__serial.a
LOAD zephyr/drivers/spi/libdrivers__spi.a
LOAD zephyr/drivers/timer/libdrivers__timer.a
LOAD modules/hal_stm32/stm32cube/lib..__modules__hal__stm32__stm32cube.a
LOAD zephyr/kernel/libkernel.a
LOAD libradiolib.a
LOAD zephyr/arch/common/libisr_tables.a
LOAD /Users/tylerfield/zephyr-sdk/zephyr-sdk-0.17.4/arm-zephyr-eabi/arm-zephyr-eabi/lib/thumb/v7-m/nofp/libm.a
LOAD /Users/tylerfield/zephyr-sdk/zephyr-sdk-0.17.4/arm-zephyr-eabi/arm-zephyr-eabi/lib/thumb/v7-m/nofp/libc.a
LOAD /Users/tylerfield/zephyr-sdk/zephyr-sdk-0.17.4/arm-zephyr-eabi/bin/../lib/gcc/arm-zephyr-eabi/12.2.0/thumb/v7-m/nofp/libgcc.a
LOAD /Users/tylerfield/zephyr-sdk/zephyr-sdk-0.17.4/arm-zephyr-eabi/arm-zephyr-eabi/lib/thumb/v7-m/nofp/libc.a
                0x0000000000000004                _region_min_align = 0x4

.rel.plt        0x0000000008000000        0x0
 *(SORT_BY_ALIGNMENT(.rel.plt))
                [!provide]                        PROVIDE (__rel_iplt_start = .)
 *(SORT_BY_ALIGNMENT(.rel.iplt))
 .rel.iplt      0x0000000008000000        0x0 app/libapp.a(main.cpp.obj)
                [!provide]                        PROVIDE (__rel_iplt_end = .)

.rela.plt       0x0000000000000000        0x0
 *(SORT_BY_ALIGNMENT(.rela.plt))
                [!provide]                        PROVIDE (__rela_iplt_start = .)
 *(SORT_BY_ALIGNMENT(.rela.iplt))
                [!provide]                        PROVIDE (__rela_iplt_end = .)

.rel.dyn
 *(SORT_BY_ALIGNMENT(.rel.*))

.rela.dyn
 *(SORT_BY_ALIGNMENT(.rela.*))

/DISCARD/
 *(SORT_BY_ALIGNMENT(.plt))

/DISCARD/
 *(SORT_BY_ALIGNMENT(.iplt))
                0x0000000008000000                __rom_region_start = 0x8000000

rom_start       0x0000000008000000       0xec
                0x0000000008000000                __rom_start_address = .
 FILL mask 0x00
                0x0000000008000000                . = (. + (0x0 - (. - __rom_start_address)))
                0x0000000008000000                . = ALIGN (0x4)
                0x0000000008000000                . = ALIGN (0x80)
                0x0000000008000000                . = ALIGN (0x100)
                0x0000000008000000                _vector_start = .
 *(SORT_BY_ALIGNMENT(.exc_vector_table))
 *(SORT_BY_ALIGNMENT(.exc_vector_table.*))
 .exc_vector_table._vector_table_section
                0x0000000008000000       0x40 zephyr/arch/arch/arm/core/cortex_m/libarch__arm__core__cortex_m.a(vector_table.S.obj)
                0x0000000008000000                _vector_table
 *(SORT_BY_ALIGNMENT(.vectors))
                0x00000000080000ec                _vector_end = .
                0x0000000008000040                . = ALIGN (0x4)
 *(SORT_BY_ALIGNMENT(.gnu.linkonce.irq_vector_table*))
 .gnu.linkonce.irq_vector_table
                0x0000000008000040       0xac zephyr/arch/common/libisr_tables.a(isr_tables.c.obj)
                0x0000000008000040                _irq_vector_table
                0x00000000080000ec                _vector_end = .

text            0x00000000080000f0    0x11298
                0x00000000080000f0                __text_region_start = .
 *(SORT_BY_ALIGNMENT(.text))
 .text          0x00000000080000f0       0xec /Users/tylerfield/zephyr-sdk/zephyr-sdk-0.17.4/arm-zephyr-eabi/arm-zephyr-eabi/lib/thumb/v7-m/nofp/libc.a(lib_a-memcpy.o)
                0x00000000080000f0                memcpy
 .text          0x00000000080001dc      0x378 /Users/tylerfield/zephyr-sdk/zephyr-sdk-0.17.4/arm-zephyr-eabi/bin/../lib/gcc/arm-zephyr-eabi/12.2.0/thumb/v7-m/nofp/libgcc.a(_arm_addsubdf3.o)
                0x00000000080001dc                __aeabi_drsub
                0x00000000080001e4                __subdf3
                0x00000000080001e4                __aeabi_dsub
                0x00000000080001e8                __aeabi_dadd
                0x00000000080001e8                __adddf3
                0x0000000008000460                __aeabi_ui2d
                0x0000000008000460                __floatunsidf
                0x0000000008000480                __floatsidf
                0x0000000008000480                __aeabi_i2d
                0x00000000080004a4                __extendsfdf2
                0x00000000080004a4                __aeabi_f2d
                0x00000000080004e8                __aeabi_ul2d
                0x00000000080004e8                __floatundidf
                0x00000000080004f8                __aeabi_l2d
                0x00000000080004f8                __floatdidf
 .text          0x0000000008000554      0x424 /Users/tylerfield/zephyr-sdk/zephyr-sdk-0.17.4/arm-zephyr-eabi/bin/../lib/gcc/arm-zephyr-eabi/12.2.0/thumb/v7-m/nofp/libgcc.a(_arm_muldivdf3.o)
                0x0000000008000554                __aeabi_dmul
                0x0000000008000554                __muldf3
                0x00000000080007a8                __aeabi_ddiv
                0x00000000080007a8                __divdf3
 .text          0x0000000008000978      0x110 /Users/tylerfield/zephyr-sdk/zephyr-sdk-0.17.4/arm-zephyr-eabi/bin/../lib/gcc/arm-zephyr-eabi/12.2.0/thumb/v7-m/nofp/libgcc.a(_arm_cmpdf2.o)
                0x0000000008000978                __gedf2
                0x0000000008000978                __gtdf2
                0x0000000008000980                __ledf2
                0x0000000008000980                __ltdf2
                0x0000000008000988                __cmpdf2
                0x0000000008000988                __eqdf2
                0x0000000008000988                __nedf2
                0x0000000008000a04                __aeabi_cdrcmple
                0x0000000008000a14                __aeabi_cdcmple
                0x0000000008000a14                __aeabi_cdcmpeq
                0x0000000008000a24                __aeabi_dcmpeq
                0x0000000008000a38                __aeabi_dcmplt
                0x0000000008000a4c                __aeabi_dcmple
                0x0000000008000a60                __aeabi_dcmpge
                0x0000000008000a74                __aeabi_dcmpgt
 .text          0x0000000008000a88       0x2c /Users/tylerfield/zephyr-sdk/zephyr-sdk-0.17.4/arm-zephyr-eabi/bin/../lib/gcc/arm-zephyr-eabi/12.2.0/thumb/v7-m/nofp/libgcc.a(_arm_unorddf2.o)
                0x0000000008000a88                __aeabi_dcmpun
                0x0000000008000a88                __unorddf2
 .text          0x0000000008000ab4       0x50 /Users/tylerfield/zephyr-sdk/zephyr-sdk-0.17.4/arm-zephyr-eabi/bin/../lib/gcc/arm-zephyr-eabi/12.2.0/thumb/v7-m/nofp/libgcc.a(_arm_fixdfsi.o)
                0x0000000008000ab4                __fixdfsi
                0x0000000008000ab4                __aeabi_d2iz
 .text          0x0000000008000b04       0x40 /Users/tylerfield/zephyr-sdk/zephyr-sdk-0.17.4/arm-zephyr-eabi/bin/../lib/gcc/arm-zephyr-eabi/12.2.0/thumb/v7-m/nofp/libgcc.a(_arm_fixunsdfsi.o)
                0x0000000008000b04                __fixunsdfsi
                0x0000000008000b04                __aeabi_d2uiz
 .text          0x0000000008000b44       0xa0 /Users/tylerfield/zephyr-sdk/zephyr-sdk-0.17.4/arm-zephyr-eabi/bin/../lib/gcc/arm-zephyr-eabi/12.2.0/thumb/v7-m/nofp/libgcc.a(_arm_truncdfsf2.o)
                0x0000000008000b44                __aeabi_d2f
                0x0000000008000b44                __truncdfsf2
 .text          0x0000000008000be4      0x21c /Users/tylerfield/zephyr-sdk/zephyr-sdk-0.17.4/arm-zephyr-eabi/bin/../lib/gcc/arm-zephyr-eabi/12.2.0/thumb/v7-m/nofp/libgcc.a(_arm_addsubsf3.o)
                0x0000000008000be4                __aeabi_frsub
                0x0000000008000bec                __aeabi_fsub
                0x0000000008000bec                __subsf3
                0x0000000008000bf0                __aeabi_fadd
                0x0000000008000bf0                __addsf3
                0x0000000008000d50                __aeabi_ui2f
                0x0000000008000d50                __floatunsisf
                0x0000000008000d58                __floatsisf
                0x0000000008000d58                __aeabi_i2f
                0x0000000008000d74                __aeabi_ul2f
                0x0000000008000d74                __floatundisf
                0x0000000008000d84                __aeabi_l2f
                0x0000000008000d84                __floatdisf
 .text          0x0000000008000e00      0x2a0 /Users/tylerfield/zephyr-sdk/zephyr-sdk-0.17.4/arm-zephyr-eabi/bin/../lib/gcc/arm-zephyr-eabi/12.2.0/thumb/v7-m/nofp/libgcc.a(_arm_muldivsf3.o)
                0x0000000008000e00                __mulsf3
                0x0000000008000e00                __aeabi_fmul
                0x0000000008000f68                __divsf3
                0x0000000008000f68                __aeabi_fdiv
 .text          0x00000000080010a0       0xec /Users/tylerfield/zephyr-sdk/zephyr-sdk-0.17.4/arm-zephyr-eabi/bin/../lib/gcc/arm-zephyr-eabi/12.2.0/thumb/v7-m/nofp/libgcc.a(_arm_cmpsf2.o)
                0x00000000080010a0                __gesf2
                0x00000000080010a0                __gtsf2
                0x00000000080010a8                __ltsf2
                0x00000000080010a8                __lesf2
                0x00000000080010b0                __nesf2
                0x00000000080010b0                __eqsf2
                0x00000000080010b0                __cmpsf2
                0x0000000008001110                __aeabi_cfrcmple
                0x0000000008001118                __aeabi_cfcmpeq
                0x0000000008001118                __aeabi_cfcmple
                0x0000000008001128                __aeabi_fcmpeq
                0x000000000800113c                __aeabi_fcmplt
                0x0000000008001150                __aeabi_fcmple
                0x0000000008001164                __aeabi_fcmpge
                0x0000000008001178                __aeabi_fcmpgt
 .text          0x000000000800118c       0x4c /Users/tylerfield/zephyr-sdk/zephyr-sdk-0.17.4/arm-zephyr-eabi/bin/../lib/gcc/arm-zephyr-eabi/12.2.0/thumb/v7-m/nofp/libgcc.a(_arm_fixsfsi.o)
                0x000000000800118c                __fixsfsi
                0x000000000800118c                __aeabi_f2iz
 .text          0x00000000080011d8       0x40 /Users/tylerfield/zephyr-sdk/zephyr-sdk-0.17.4/arm-zephyr-eabi/bin/../lib/gcc/arm-zephyr-eabi/12.2.0/thumb/v7-m/nofp/libgcc.a(_arm_fixunssfsi.o)
                0x00000000080011d8                __aeabi_f2uiz
                0x00000000080011d8                __fixunssfsi
 .text          0x0000000008001218       0x30 /Users/tylerfield/zephyr-sdk/zephyr-sdk-0.17.4/arm-zephyr-eabi/bin/../lib/gcc/arm-zephyr-eabi/12.2.0/thumb/v7-m/nofp/libgcc.a(_aeabi_uldivmod.o)
                0x0000000008001218                __aeabi_uldivmod
 .text          0x0000000008001248        0x4 /Users/tylerfield/zephyr-sdk/zephyr-sdk-0.17.4/arm-zephyr-eabi/bin/../lib/gcc/arm-zephyr-eabi/12.2.0/thumb/v7-m/nofp/libgcc.a(_dvmd_tls.o)
                0x0000000008001248                __aeabi_ldiv0
                0x0000000008001248                __aeabi_idiv0
 .text          0x000000000800124c      0x2a0 /Users/tylerfield/zephyr-sdk/zephyr-sdk-0.17.4/arm-zephyr-eabi/bin/../lib/gcc/arm-zephyr-eabi/12.2.0/thumb/v7-m/nofp/libgcc.a(_udivmoddi4.o)
                0x000000000800124c                __udivmoddi4
 *(SORT_BY_ALIGNMENT(.text.*))
 *fill*         0x00000000080014ec        0x4 
 .text.ceil     0x00000000080014f0      0x100 /Users/tylerfield/zephyr-sdk/zephyr-sdk-0.17.4/arm-zephyr-eabi/arm-zephyr-eabi/lib/thumb/v7-m/nofp/libm.a(lib_a-s_ceil.o)
                0x00000000080014f0                ceil
 .text.floor    0x00000000080015f0      0x108 /Users/tylerfield/zephyr-sdk/zephyr-sdk-0.17.4/arm-zephyr-eabi/arm-zephyr-eabi/lib/thumb/v7-m/nofp/libm.a(lib_a-s_floor.o)
                0x00000000080015f0                floor
 .text._dtoa_r  0x00000000080016f8      0xe54 /Users/tylerfield/zephyr-sdk/zephyr-sdk-0.17.4/arm-zephyr-eabi/arm-zephyr-eabi/lib/thumb/v7-m/nofp/libc.a(lib_a-dtoa.o)
                0x00000000080016f8                _dtoa_r
 .text._ZL16zephyrGeneralISRPK6deviceP13gpio_callbackj
                0x000000000800254c       0x2c app/libapp.a(main.cpp.obj)
 .text._Z8onTxDonev
                0x0000000008002578        0xc app/libapp.a(main.cpp.obj)
                0x0000000008002578                onTxDone()
 .text._ZN11STMRadioHal8spiBeginEv
                0x0000000008002584       0x1c app/libapp.a(main.cpp.obj)
                0x0000000008002584                STMRadioHal::spiBegin()
 .text._ZN11STMRadioHal11spiTransferEPhjS0_
                0x00000000080025a0       0xc0 app/libapp.a(main.cpp.obj)
                0x00000000080025a0                STMRadioHal::spiTransfer(unsigned char*, unsigned int, unsigned char*)
 .text._ZN11STMRadioHal15attachInterruptEjPFvvEj
                0x0000000008002660       0xc8 app/libapp.a(main.cpp.obj)
                0x0000000008002660                STMRadioHal::attachInterrupt(unsigned int, void (*)(), unsigned int)
 .text._ZN11STMRadioHal15detachInterruptEj
                0x0000000008002728       0x48 app/libapp.a(main.cpp.obj)
                0x0000000008002728                STMRadioHal::detachInterrupt(unsigned int)
 .text.main     0x0000000008002770      0x374 app/libapp.a(main.cpp.obj)
                0x0000000008002770                main
 .text.char_out
                0x0000000008002ae4        0xc zephyr/libzephyr.a(printk.c.obj)
 .text.__printk_hook_install
                0x0000000008002af0        0xc zephyr/libzephyr.a(printk.c.obj)
                0x0000000008002af0                __printk_hook_install
 .text.vprintk  0x0000000008002afc       0x1c zephyr/libzephyr.a(printk.c.obj)
                0x0000000008002afc                vprintk
 .text.extract_decimal
                0x0000000008002b18       0x2c zephyr/libzephyr.a(cbprintf_complete.c.obj)
 .text.encode_uint
                0x0000000008002b44       0x9c zephyr/libzephyr.a(cbprintf_complete.c.obj)
 .text.z_cbvprintf_impl
                0x0000000008002be0      0x768 zephyr/libzephyr.a(cbprintf_complete.c.obj)
                0x0000000008002be0                z_cbvprintf_impl
 .text.st_stm32_common_config
                0x0000000008003348       0x24 zephyr/libzephyr.a(soc_config.c.obj)
 .text.soc_early_init_hook
                0x000000000800336c       0x20 zephyr/libzephyr.a(soc.c.obj)
                0x000000000800336c                soc_early_init_hook
 .text.arch_bss_zero
                0x000000000800338c       0x18 zephyr/arch/common/libarch__common.a(init.c.obj)
                0x000000000800338c                arch_bss_zero
 .text.arch_data_copy
                0x00000000080033a4       0x38 zephyr/arch/common/libarch__common.a(xip.c.obj)
                0x00000000080033a4                arch_data_copy
 .text.z_arm_fatal_error
                0x00000000080033dc       0x60 zephyr/arch/arch/arm/core/libarch__arm__core.a(fatal.c.obj)
                0x00000000080033dc                z_arm_fatal_error
 .text.z_SysNmiOnReset
                0x000000000800343c        0x8 zephyr/arch/arch/arm/core/libarch__arm__core.a(nmi_on_reset.S.obj)
                0x000000000800343c                z_SysNmiOnReset
 .text._HandlerModeExit
                0x0000000008003444       0x20 zephyr/arch/arch/arm/core/cortex_m/libarch__arm__core__cortex_m.a(exc_exit.c.obj)
                0x0000000008003444                z_arm_exc_exit
                0x0000000008003444                z_arm_int_exit
 .text.usage_fault.constprop.0
                0x0000000008003464       0x98 zephyr/arch/arch/arm/core/cortex_m/libarch__arm__core__cortex_m.a(fault.c.obj)
 .text.bus_fault.constprop.0
                0x00000000080034fc       0xa4 zephyr/arch/arch/arm/core/cortex_m/libarch__arm__core__cortex_m.a(fault.c.obj)
 .text.mem_manage_fault.constprop.0
                0x00000000080035a0       0x9c zephyr/arch/arch/arm/core/cortex_m/libarch__arm__core__cortex_m.a(fault.c.obj)
 .text.z_arm_fault
                0x000000000800363c      0x1a0 zephyr/arch/arch/arm/core/cortex_m/libarch__arm__core__cortex_m.a(fault.c.obj)
                0x000000000800363c                z_arm_fault
 .text.z_arm_fault_init
                0x00000000080037dc       0x18 zephyr/arch/arch/arm/core/cortex_m/libarch__arm__core__cortex_m.a(fault.c.obj)
                0x00000000080037dc                z_arm_fault_init
 .text.__fault  0x00000000080037f4       0x14 zephyr/arch/arch/arm/core/cortex_m/libarch__arm__core__cortex_m.a(fault_s.S.obj)
                0x00000000080037f4                z_arm_bus_fault
                0x00000000080037f4                z_arm_usage_fault
                0x00000000080037f4                z_arm_mpu_fault
                0x00000000080037f4                z_arm_exc_spurious
                0x00000000080037f4                z_arm_debug_monitor
                0x00000000080037f4                z_arm_hard_fault
 .text._reset_section
                0x0000000008003808       0x34 zephyr/arch/arch/arm/core/cortex_m/libarch__arm__core__cortex_m.a(reset.S.obj)
                0x0000000008003808                z_arm_reset
                0x0000000008003808                __start
 .text.z_impl_k_thread_abort
                0x000000000800383c       0x2c zephyr/arch/arch/arm/core/cortex_m/libarch__arm__core__cortex_m.a(thread_abort.c.obj)
                0x000000000800383c                z_impl_k_thread_abort
 .text.z_arm_pendsv
                0x0000000008003868       0x48 zephyr/arch/arch/arm/core/cortex_m/libarch__arm__core__cortex_m.a(swap_helper.S.obj)
                0x0000000008003868                z_arm_pendsv
 .text.z_arm_svc
                0x00000000080038b0       0x24 zephyr/arch/arch/arm/core/cortex_m/libarch__arm__core__cortex_m.a(swap_helper.S.obj)
                0x00000000080038b0                z_arm_svc
 .text.arm_irq_enable
                0x00000000080038d4       0x1c zephyr/arch/arch/arm/core/cortex_m/libarch__arm__core__cortex_m.a(irq_manage.c.obj)
                0x00000000080038d4                arm_irq_enable
 .text.arm_irq_priority_set
                0x00000000080038f0       0x2c zephyr/arch/arch/arm/core/cortex_m/libarch__arm__core__cortex_m.a(irq_manage.c.obj)
                0x00000000080038f0                arm_irq_priority_set
 .text.relocate_vector_table
                0x000000000800391c       0x20 zephyr/arch/arch/arm/core/cortex_m/libarch__arm__core__cortex_m.a(prep_c.c.obj)
                0x000000000800391c                relocate_vector_table
 .text.arch_new_thread
                0x000000000800393c       0x38 zephyr/arch/arch/arm/core/cortex_m/libarch__arm__core__cortex_m.a(thread.c.obj)
                0x000000000800393c                arch_new_thread
 .text.arch_switch_to_main_thread
                0x0000000008003974       0x30 zephyr/arch/arch/arm/core/cortex_m/libarch__arm__core__cortex_m.a(thread.c.obj)
                0x0000000008003974                arch_switch_to_main_thread
 .text.z_arm_cpu_idle_init
                0x00000000080039a4        0xc zephyr/arch/arch/arm/core/cortex_m/libarch__arm__core__cortex_m.a(cpu_idle.c.obj)
                0x00000000080039a4                z_arm_cpu_idle_init
 .text.z_arm_interrupt_init
                0x00000000080039b0       0x18 zephyr/arch/arch/arm/core/cortex_m/libarch__arm__core__cortex_m.a(irq_init.c.obj)
                0x00000000080039b0                z_arm_interrupt_init
 .text._isr_wrapper
                0x00000000080039c8       0x24 zephyr/arch/arch/arm/core/cortex_m/libarch__arm__core__cortex_m.a(isr_wrapper.c.obj)
                0x00000000080039c8                _isr_wrapper
 .text.__stdout_hook_install
                0x00000000080039ec        0xc zephyr/lib/libc/newlib/liblib__libc__newlib.a(libc-hooks.c.obj)
                0x00000000080039ec                __stdout_hook_install
 .text.z_impl_zephyr_read_stdin
                0x00000000080039f8       0x28 zephyr/lib/libc/newlib/liblib__libc__newlib.a(libc-hooks.c.obj)
                0x00000000080039f8                z_impl_zephyr_read_stdin
 .text.z_impl_zephyr_write_stdout
                0x0000000008003a20       0x30 zephyr/lib/libc/newlib/liblib__libc__newlib.a(libc-hooks.c.obj)
                0x0000000008003a20                z_impl_zephyr_write_stdout
 .text._sbrk    0x0000000008003a50       0x28 zephyr/lib/libc/newlib/liblib__libc__newlib.a(libc-hooks.c.obj)
                0x0000000008003a50                _sbrk
                0x0000000008003a50                sbrk
 .text.abort    0x0000000008003a78       0x1c zephyr/lib/libc/common/liblib__libc__common.a(abort.c.obj)
                0x0000000008003a78                abort
 .text.stm32_exti_is_pending
                0x0000000008003a94       0x20 zephyr/drivers/interrupt_controller/libdrivers__interrupt_controller.a(intc_exti_stm32.c.obj)
                0x0000000008003a94                stm32_exti_is_pending
 .text.stm32_exti_clear_pending
                0x0000000008003ab4       0x20 zephyr/drivers/interrupt_controller/libdrivers__interrupt_controller.a(intc_exti_stm32.c.obj)
                0x0000000008003ab4                stm32_exti_clear_pending
 .text.stm32_fill_irq_table
                0x0000000008003ad4       0x18 zephyr/drivers/interrupt_controller/libdrivers__interrupt_controller.a(intc_gpio_stm32.c.obj)
 .text.stm32_intc_gpio_isr
                0x0000000008003aec       0x4c zephyr/drivers/interrupt_controller/libdrivers__interrupt_controller.a(intc_gpio_stm32.c.obj)
 .text.stm32_gpio_intc_enable_line
                0x0000000008003b38       0x2c zephyr/drivers/interrupt_controller/libdrivers__interrupt_controller.a(intc_gpio_stm32.c.obj)
                0x0000000008003b38                stm32_gpio_intc_enable_line
 .text.stm32_gpio_intc_disable_line
                0x0000000008003b64       0x10 zephyr/drivers/interrupt_controller/libdrivers__interrupt_controller.a(intc_gpio_stm32.c.obj)
                0x0000000008003b64                stm32_gpio_intc_disable_line
 .text.stm32_gpio_intc_select_line_trigger
                0x0000000008003b74       0x50 zephyr/drivers/interrupt_controller/libdrivers__interrupt_controller.a(intc_gpio_stm32.c.obj)
                0x0000000008003b74                stm32_gpio_intc_select_line_trigger
 .text.stm32_gpio_intc_set_irq_callback
                0x0000000008003bc4       0x40 zephyr/drivers/interrupt_controller/libdrivers__interrupt_controller.a(intc_gpio_stm32.c.obj)
                0x0000000008003bc4                stm32_gpio_intc_set_irq_callback
 .text.stm32_gpio_intc_remove_irq_callback
                0x0000000008003c04       0x24 zephyr/drivers/interrupt_controller/libdrivers__interrupt_controller.a(intc_gpio_stm32.c.obj)
                0x0000000008003c04                stm32_gpio_intc_remove_irq_callback
 .text.stm32_exti_get_line_src_port
                0x0000000008003c28       0x30 zephyr/drivers/interrupt_controller/libdrivers__interrupt_controller.a(intc_gpio_stm32.c.obj)
                0x0000000008003c28                stm32_exti_get_line_src_port
 .text.stm32_clock_control_get_subsys_rate
                0x0000000008003c58       0x84 zephyr/drivers/clock_control/libdrivers__clock_control.a(clock_stm32_ll_common.c.obj)
 .text.stm32_clock_control_init
                0x0000000008003cdc      0x100 zephyr/drivers/clock_control/libdrivers__clock_control.a(clock_stm32_ll_common.c.obj)
                0x0000000008003cdc                stm32_clock_control_init
 .text.config_pll_sysclock
                0x0000000008003ddc       0x1c zephyr/drivers/clock_control/libdrivers__clock_control.a(clock_stm32f1.c.obj)
                0x0000000008003ddc                config_pll_sysclock
 .text.uart_console_init
                0x0000000008003df8       0x28 zephyr/drivers/console/libdrivers__console.a(uart_console.c.obj)
 .text.console_out
                0x0000000008003e20       0x28 zephyr/drivers/console/libdrivers__console.a(uart_console.c.obj)
 .text.gpio_stm32_pin_interrupt_configure
                0x0000000008003e48       0xb0 zephyr/drivers/gpio/libdrivers__gpio.a(gpio_stm32.c.obj)
 .text.gpio_stm32_init
                0x0000000008003ef8       0x38 zephyr/drivers/gpio/libdrivers__gpio.a(gpio_stm32.c.obj)
 .text.pinctrl_configure_pins
                0x0000000008003f30       0xfc zephyr/drivers/pinctrl/libdrivers__pinctrl.a(pinctrl_stm32.c.obj)
                0x0000000008003f30                pinctrl_configure_pins
 .text.uart_stm32_parameters_set
                0x000000000800402c      0x104 zephyr/drivers/serial/libdrivers__serial.a(uart_stm32.c.obj)
 .text.uart_stm32_configure
                0x0000000008004130      0x134 zephyr/drivers/serial/libdrivers__serial.a(uart_stm32.c.obj)
 .text.spi_stm32_init
                0x0000000008004264       0xd8 zephyr/drivers/spi/libdrivers__spi.a(spi_stm32.c.obj)
 .text.spi_stm32_transceive
                0x000000000800433c      0x500 zephyr/drivers/spi/libdrivers__spi.a(spi_stm32.c.obj)
 .text.elapsed  0x000000000800483c       0x4c zephyr/drivers/timer/libdrivers__timer.a(cortex_m_systick.c.obj)
 .text.sys_clock_driver_init
                0x0000000008004888       0x34 zephyr/drivers/timer/libdrivers__timer.a(cortex_m_systick.c.obj)
 .text.sys_clock_isr
                0x00000000080048bc       0x60 zephyr/drivers/timer/libdrivers__timer.a(cortex_m_systick.c.obj)
                0x00000000080048bc                sys_clock_isr
 .text.sys_clock_set_timeout
                0x000000000800491c       0xfc zephyr/drivers/timer/libdrivers__timer.a(cortex_m_systick.c.obj)
                0x000000000800491c                sys_clock_set_timeout
 .text.sys_clock_elapsed
                0x0000000008004a18       0x3c zephyr/drivers/timer/libdrivers__timer.a(cortex_m_systick.c.obj)
                0x0000000008004a18                sys_clock_elapsed
 .text.sys_clock_cycle_get_32
                0x0000000008004a54       0x28 zephyr/drivers/timer/libdrivers__timer.a(cortex_m_systick.c.obj)
                0x0000000008004a54                sys_clock_cycle_get_32
 .text.HAL_RCC_GetSysClockFreq
                0x0000000008004a7c       0x4c modules/hal_stm32/stm32cube/lib..__modules__hal__stm32__stm32cube.a(stm32f1xx_hal_rcc.c.obj)
                0x0000000008004a7c                HAL_RCC_GetSysClockFreq
 .text.LL_SetFlashLatency
                0x0000000008004ac8       0x4c modules/hal_stm32/stm32cube/lib..__modules__hal__stm32__stm32cube.a(stm32f1xx_ll_utils.c.obj)
                0x0000000008004ac8                LL_SetFlashLatency
 .text.z_fatal_error
                0x0000000008004b14       0x30 zephyr/kernel/libkernel.a(fatal.c.obj)
                0x0000000008004b14                z_fatal_error
 .text.z_sys_init_run_level
                0x0000000008004b44       0x30 zephyr/kernel/libkernel.a(init.c.obj)
 .text.bg_thread_main
                0x0000000008004b74       0xdc zephyr/kernel/libkernel.a(init.c.obj)
 .text.z_init_cpu
                0x0000000008004c50       0x68 zephyr/kernel/libkernel.a(init.c.obj)
                0x0000000008004c50                z_init_cpu
 .text.z_cstart
                0x0000000008004cb8       0xc4 zephyr/kernel/libkernel.a(init.c.obj)
                0x0000000008004cb8                z_cstart
 .text.z_impl_k_mutex_lock
                0x0000000008004d7c       0xf0 zephyr/kernel/libkernel.a(mutex.c.obj)
                0x0000000008004d7c                z_impl_k_mutex_lock
 .text.z_impl_k_mutex_unlock
                0x0000000008004e6c       0xa0 zephyr/kernel/libkernel.a(mutex.c.obj)
                0x0000000008004e6c                z_impl_k_mutex_unlock
 .text.z_impl_k_sem_give
                0x0000000008004f0c       0x68 zephyr/kernel/libkernel.a(sem.c.obj)
                0x0000000008004f0c                z_impl_k_sem_give
 .text.z_impl_k_sem_take
                0x0000000008004f74       0x4c zephyr/kernel/libkernel.a(sem.c.obj)
                0x0000000008004f74                z_impl_k_sem_take
 .text.z_setup_new_thread
                0x0000000008004fc0       0x54 zephyr/kernel/libkernel.a(thread.c.obj)
                0x0000000008004fc0                z_setup_new_thread
 .text.z_dummy_thread_init
                0x0000000008005014       0x18 zephyr/kernel/libkernel.a(thread.c.obj)
                0x0000000008005014                z_dummy_thread_init
 .text.z_swap_irqlock
                0x000000000800502c       0x30 zephyr/kernel/libkernel.a(sched.c.obj)
 .text.ready_thread
                0x000000000800505c       0x84 zephyr/kernel/libkernel.a(sched.c.obj)
 .text.unready_thread
                0x00000000080050e0       0x54 zephyr/kernel/libkernel.a(sched.c.obj)
 .text.add_thread_timeout
                0x0000000008005134       0x1c zephyr/kernel/libkernel.a(sched.c.obj)
 .text.move_current_to_end_of_prio_q
                0x0000000008005150       0x70 zephyr/kernel/libkernel.a(sched.c.obj)
                0x0000000008005150                move_current_to_end_of_prio_q
 .text.z_pend_curr
                0x00000000080051c0       0x44 zephyr/kernel/libkernel.a(sched.c.obj)
                0x00000000080051c0                z_pend_curr
 .text.z_thread_prio_set
                0x0000000008005204       0xe4 zephyr/kernel/libkernel.a(sched.c.obj)
                0x0000000008005204                z_thread_prio_set
 .text.z_reschedule
                0x00000000080052e8       0x24 zephyr/kernel/libkernel.a(sched.c.obj)
                0x00000000080052e8                z_reschedule
 .text.z_reschedule_irqlock
                0x000000000800530c       0x28 zephyr/kernel/libkernel.a(sched.c.obj)
                0x000000000800530c                z_reschedule_irqlock
 .text.k_sched_lock
                0x0000000008005334       0x28 zephyr/kernel/libkernel.a(sched.c.obj)
                0x0000000008005334                k_sched_lock
 .text.k_sched_unlock
                0x000000000800535c       0x68 zephyr/kernel/libkernel.a(sched.c.obj)
                0x000000000800535c                k_sched_unlock
 .text.z_sched_init
                0x00000000080053c4       0x10 zephyr/kernel/libkernel.a(sched.c.obj)
                0x00000000080053c4                z_sched_init
 .text.z_impl_k_yield
                0x00000000080053d4       0x88 zephyr/kernel/libkernel.a(sched.c.obj)
                0x00000000080053d4                z_impl_k_yield
 .text.z_tick_sleep
                0x000000000800545c       0x78 zephyr/kernel/libkernel.a(sched.c.obj)
 .text.z_impl_k_wakeup
                0x00000000080054d4       0x48 zephyr/kernel/libkernel.a(sched.c.obj)
                0x00000000080054d4                z_impl_k_wakeup
 .text.z_impl_k_sched_current_thread_query
                0x000000000800551c        0xc zephyr/kernel/libkernel.a(sched.c.obj)
                0x000000000800551c                z_impl_k_sched_current_thread_query
 .text.z_thread_abort
                0x0000000008005528      0x140 zephyr/kernel/libkernel.a(sched.c.obj)
                0x0000000008005528                z_thread_abort
 .text.z_time_slice_size
                0x0000000008005668       0x40 zephyr/kernel/libkernel.a(timeslicing.c.obj)
 .text.slice_timeout
                0x00000000080056a8       0x20 zephyr/kernel/libkernel.a(timeslicing.c.obj)
 .text.z_reset_time_slice
                0x00000000080056c8       0x44 zephyr/kernel/libkernel.a(timeslicing.c.obj)
                0x00000000080056c8                z_reset_time_slice
 .text.z_time_slice
                0x000000000800570c       0x5c zephyr/kernel/libkernel.a(timeslicing.c.obj)
                0x000000000800570c                z_time_slice
 .text.first    0x0000000008005768       0x10 zephyr/kernel/libkernel.a(timeout.c.obj)
 .text.elapsed  0x0000000008005778       0x14 zephyr/kernel/libkernel.a(timeout.c.obj)
 .text.remove_timeout
                0x000000000800578c       0x38 zephyr/kernel/libkernel.a(timeout.c.obj)
 .text.z_add_timeout
                0x00000000080057c4      0x120 zephyr/kernel/libkernel.a(timeout.c.obj)
                0x00000000080057c4                z_add_timeout
 .text.sys_clock_announce
                0x00000000080058e4       0xbc zephyr/kernel/libkernel.a(timeout.c.obj)
                0x00000000080058e4                sys_clock_announce
 .text.sys_clock_tick_get
                0x00000000080059a0       0x30 zephyr/kernel/libkernel.a(timeout.c.obj)
                0x00000000080059a0                sys_clock_tick_get
 .text.k_thread_system_pool_assign
                0x00000000080059d0        0xc zephyr/kernel/libkernel.a(mempool.c.obj)
                0x00000000080059d0                k_thread_system_pool_assign
 .text.boot_banner
                0x00000000080059dc        0xc zephyr/kernel/libkernel.a(banner.c.obj)
                0x00000000080059dc                boot_banner
 .text.statics_init
                0x00000000080059e8       0x24 zephyr/kernel/libkernel.a(kheap.c.obj)
 .text._ZN11RadioLibHalC2Ejjjjjj
                0x0000000008005a0c       0x2c libradiolib.a(Hal.cpp.obj)
                0x0000000008005a0c                RadioLibHal::RadioLibHal(unsigned int, unsigned int, unsigned int, unsigned int, unsigned int, unsigned int)
                0x0000000008005a0c                RadioLibHal::RadioLibHal(unsigned int, unsigned int, unsigned int, unsigned int, unsigned int, unsigned int)
 .text._ZN6ModuleC2EP11RadioLibHaljjjj
                0x0000000008005a38       0x4c libradiolib.a(Module.cpp.obj)
                0x0000000008005a38                Module::Module(RadioLibHal*, unsigned int, unsigned int, unsigned int, unsigned int)
                0x0000000008005a38                Module::Module(RadioLibHal*, unsigned int, unsigned int, unsigned int, unsigned int)
 .text._ZN6SX1268C2EP6Module
                0x0000000008005a84       0x20 libradiolib.a(SX1268.cpp.obj)
                0x0000000008005a84                SX1268::SX1268(Module*)
                0x0000000008005a84                SX1268::SX1268(Module*)
 .text._ZN6SX12688setModemE11ModemType_t
                0x0000000008005aa4       0x90 libradiolib.a(SX1268.cpp.obj)
                0x0000000008005aa4                SX1268::setModem(ModemType_t)
 .text._ZN6SX126812setFrequencyEfb
                0x0000000008005b34       0x64 libradiolib.a(SX1268.cpp.obj)
                0x0000000008005b34                SX1268::setFrequency(float, bool)
 .text._ZN6SX126814setOutputPowerEab
                0x0000000008005b98       0x48 libradiolib.a(SX1268.cpp.obj)
                0x0000000008005b98                SX1268::setOutputPower(signed char, bool)
 .text._ZN6SX126x11scanChannelEv
                0x0000000008005be0       0x24 libradiolib.a(SX126x.cpp.obj)
                0x0000000008005be0                SX126x::scanChannel()
 .text._ZN6SX126x16startChannelScanEv
                0x0000000008005c04       0x24 libradiolib.a(SX126x.cpp.obj)
                0x0000000008005c04                SX126x::startChannelScan()
 .text._ZN6SX126x18calculateTimeOnAirE11ModemType_t10DataRate_t14PacketConfig_tj
                0x0000000008005c28      0x194 libradiolib.a(SX126x.cpp.obj)
                0x0000000008005c28                SX126x::calculateTimeOnAir(ModemType_t, DataRate_t, PacketConfig_t, unsigned int)
 .text._ZN6SX126x18calculateRxTimeoutEm
                0x0000000008005dbc       0x18 libradiolib.a(SX126x.cpp.obj)
                0x0000000008005dbc                SX126x::calculateRxTimeout(unsigned long)
 .text._ZN6SX126x14SPIparseStatusEh
                0x0000000008005dd4       0x38 libradiolib.a(SX126x.cpp.obj)
                0x0000000008005dd4                SX126x::SPIparseStatus(unsigned char)
 .text._ZN6SX126x12getTimeOnAirEj
                0x0000000008005e0c      0x138 libradiolib.a(SX126x.cpp.obj)
                0x0000000008005e0c                SX126x::getTimeOnAir(unsigned int)
 .text._ZN6SX126x20getChannelScanResultEv
                0x0000000008005f44       0x38 libradiolib.a(SX126x.cpp.obj)
                0x0000000008005f44                SX126x::getChannelScanResult()
 .text._ZN6SX126x6getSNREv
                0x0000000008005f7c       0x40 libradiolib.a(SX126x.cpp.obj)
                0x0000000008005f7c                SX126x::getSNR()
 .text._ZN6SX126x7receiveEPhjm
                0x0000000008005fbc       0xf8 libradiolib.a(SX126x.cpp.obj)
                0x0000000008005fbc                SX126x::receive(unsigned char*, unsigned int, unsigned long)
 .text._ZN6SX126xC2EP6Module
                0x00000000080060b4       0xe0 libradiolib.a(SX126x.cpp.obj)
                0x00000000080060b4                SX126x::SX126x(Module*)
                0x00000000080060b4                SX126x::SX126x(Module*)
 .text._ZN6SX126x8transmitEPKhjh
                0x0000000008006194      0x124 libradiolib.a(SX126x.cpp.obj)
                0x0000000008006194                SX126x::transmit(unsigned char const*, unsigned int, unsigned char)
 .text._ZN6SX126x7getRSSIEb
                0x00000000080062b8       0x50 libradiolib.a(SX126x.cpp.obj)
                0x00000000080062b8                SX126x::getRSSI(bool)
 .text._ZN6SX126x14fixSensitivityEv
                0x0000000008006308       0x68 libradiolib.a(SX126x.cpp.obj)
                0x0000000008006308                SX126x::fixSensitivity()
 .text._ZN6SX126x8modSetupEfbh
                0x0000000008006370      0x130 libradiolib.a(SX126x.cpp.obj)
                0x0000000008006370                SX126x::modSetup(float, bool, unsigned char)
 .text._ZN6SX126x5beginEhhtfb
                0x00000000080064a0       0xac libradiolib.a(SX126x.cpp.obj)
                0x00000000080064a0                SX126x::begin(unsigned char, unsigned char, unsigned short, float, bool)
 .text._ZN6SX126x8beginFSKEffftfb
                0x000000000800654c       0xe8 libradiolib.a(SX126x.cpp.obj)
                0x000000000800654c                SX126x::beginFSK(float, float, float, unsigned short, float, bool)
 .text._ZN6SX126x11beginLRFHSSEhhbfb
                0x0000000008006634       0x98 libradiolib.a(SX126x.cpp.obj)
                0x0000000008006634                SX126x::beginLRFHSS(unsigned char, unsigned char, bool, float, bool)
 .text._ZN6SX126x17buildLRFHSSPacketEPKhjPhPjS3_S3_
                0x00000000080066cc      0x4f4 libradiolib.a(SX126x_LR_FHSS.cpp.obj)
                0x00000000080066cc                SX126x::buildLRFHSSPacket(unsigned char const*, unsigned int, unsigned char*, unsigned int*, unsigned int*, unsigned int*)
 .text._ZN6SX126x11resetLRFHSSEv
                0x0000000008006bc0      0x12c libradiolib.a(SX126x_LR_FHSS.cpp.obj)
                0x0000000008006bc0                SX126x::resetLRFHSS()
 .text._ZN6SX126x6setCadEhhhhm
                0x0000000008006cec       0x9c libradiolib.a(SX126x_commands.cpp.obj)
                0x0000000008006cec                SX126x::setCad(unsigned char, unsigned char, unsigned char, unsigned char, unsigned long)
 .text._ZN6SX126x15getPacketStatusEv
                0x0000000008006d88       0x44 libradiolib.a(SX126x_commands.cpp.obj)
                0x0000000008006d88                SX126x::getPacketStatus()
 .text._ZN6SX126x12setBandwidthEf
                0x0000000008006dcc       0xcc libradiolib.a(SX126x_config.cpp.obj)
                0x0000000008006dcc                SX126x::setBandwidth(float)
 .text._ZN6SX126x15setCurrentLimitEf
                0x0000000008006e98       0x4c libradiolib.a(SX126x_config.cpp.obj)
                0x0000000008006e98                SX126x::setCurrentLimit(float)
 .text._ZN6SX126x21setFrequencyDeviationEf
                0x0000000008006ee4       0x80 libradiolib.a(SX126x_config.cpp.obj)
                0x0000000008006ee4                SX126x::setFrequencyDeviation(float)
 .text._ZN6SX126x10setBitRateEf
                0x0000000008006f64       0xcc libradiolib.a(SX126x_config.cpp.obj)
                0x0000000008006f64                SX126x::setBitRate(float)
 .text._ZN6SX126x13checkDataRateE10DataRate_t11ModemType_t
                0x0000000008007030       0xc0 libradiolib.a(SX126x_config.cpp.obj)
                0x0000000008007030                SX126x::checkDataRate(DataRate_t, ModemType_t)
 .text._ZN6SX126x14setRxBandwidthEf
                0x00000000080070f0      0x2cc libradiolib.a(SX126x_config.cpp.obj)
                0x00000000080070f0                SX126x::setRxBandwidth(float)
 .text._ZN6SX126x7setTCXOEfj
                0x00000000080073bc      0x17c libradiolib.a(SX126x_config.cpp.obj)
                0x00000000080073bc                SX126x::setTCXO(float, unsigned int)
 .text._ZN13PhysicalLayer7getRSSIEv
                0x0000000008007538        0x8 libradiolib.a(PhysicalLayer.cpp.obj)
                0x0000000008007538                PhysicalLayer::getRSSI()
                0x0000000008007538                PhysicalLayer::getSNR()
 .text._ZN13PhysicalLayerC2Ev
                0x0000000008007540       0x48 libradiolib.a(PhysicalLayer.cpp.obj)
                0x0000000008007540                PhysicalLayer::PhysicalLayer()
                0x0000000008007540                PhysicalLayer::PhysicalLayer()
 .text._GLOBAL__sub_I__ZN11RadioLibCRCC2Ev
                0x0000000008007588        0xc libradiolib.a(CRC.cpp.obj)
 .text._ZN16RadioLibConvCode6encodeEPKhjPhPj
                0x0000000008007594       0xf4 libradiolib.a(FEC.cpp.obj)
                0x0000000008007594                RadioLibConvCode::encode(unsigned char const*, unsigned int, unsigned char*, unsigned int*)
 .text._GLOBAL__sub_I__ZN11RadioLibBCHC2Ev
                0x0000000008007688       0x30 libradiolib.a(FEC.cpp.obj)
 .text.malloc   0x00000000080076b8       0x10 /Users/tylerfield/zephyr-sdk/zephyr-sdk-0.17.4/arm-zephyr-eabi/arm-zephyr-eabi/lib/thumb/v7-m/nofp/libc.a(lib_a-malloc.o)
                0x00000000080076b8                malloc
 .text.free     0x00000000080076c8       0x10 /Users/tylerfield/zephyr-sdk/zephyr-sdk-0.17.4/arm-zephyr-eabi/arm-zephyr-eabi/lib/thumb/v7-m/nofp/libc.a(lib_a-malloc.o)
                0x00000000080076c8                free
 .text._malloc_r
                0x00000000080076d8      0x578 /Users/tylerfield/zephyr-sdk/zephyr-sdk-0.17.4/arm-zephyr-eabi/arm-zephyr-eabi/lib/thumb/v7-m/nofp/libc.a(lib_a-mallocr.o)
                0x00000000080076d8                _malloc_r
 .text.memset   0x0000000008007c50       0xa0 /Users/tylerfield/zephyr-sdk/zephyr-sdk-0.17.4/arm-zephyr-eabi/arm-zephyr-eabi/lib/thumb/v7-m/nofp/libc.a(lib_a-memset.o)
                0x0000000008007c50                memset
 .text.__malloc_lock
                0x0000000008007cf0        0xc /Users/tylerfield/zephyr-sdk/zephyr-sdk-0.17.4/arm-zephyr-eabi/arm-zephyr-eabi/lib/thumb/v7-m/nofp/libc.a(lib_a-mlock.o)
                0x0000000008007cf0                __malloc_lock
 .text.__malloc_unlock
                0x0000000008007cfc        0xc /Users/tylerfield/zephyr-sdk/zephyr-sdk-0.17.4/arm-zephyr-eabi/arm-zephyr-eabi/lib/thumb/v7-m/nofp/libc.a(lib_a-mlock.o)
                0x0000000008007cfc                __malloc_unlock
 .text.printf   0x0000000008007d08       0x28 /Users/tylerfield/zephyr-sdk/zephyr-sdk-0.17.4/arm-zephyr-eabi/arm-zephyr-eabi/lib/thumb/v7-m/nofp/libc.a(lib_a-printf.o)
                0x0000000008007d08                printf
 .text._puts_r  0x0000000008007d30       0x80 /Users/tylerfield/zephyr-sdk/zephyr-sdk-0.17.4/arm-zephyr-eabi/arm-zephyr-eabi/lib/thumb/v7-m/nofp/libc.a(lib_a-puts.o)
                0x0000000008007d30                _puts_r
 .text.puts     0x0000000008007db0       0x10 /Users/tylerfield/zephyr-sdk/zephyr-sdk-0.17.4/arm-zephyr-eabi/arm-zephyr-eabi/lib/thumb/v7-m/nofp/libc.a(lib_a-puts.o)
                0x0000000008007db0                puts
 .text._sbrk_r  0x0000000008007dc0       0x24 /Users/tylerfield/zephyr-sdk/zephyr-sdk-0.17.4/arm-zephyr-eabi/arm-zephyr-eabi/lib/thumb/v7-m/nofp/libc.a(lib_a-sbrkr.o)
                0x0000000008007dc0                _sbrk_r
 .text.snprintf
                0x0000000008007de4       0x84 /Users/tylerfield/zephyr-sdk/zephyr-sdk-0.17.4/arm-zephyr-eabi/arm-zephyr-eabi/lib/thumb/v7-m/nofp/libc.a(lib_a-snprintf.o)
                0x0000000008007de4                snprintf
 .text.strlen   0x0000000008007e68       0x5c /Users/tylerfield/zephyr-sdk/zephyr-sdk-0.17.4/arm-zephyr-eabi/arm-zephyr-eabi/lib/thumb/v7-m/nofp/libc.a(lib_a-strlen-stub.o)
                0x0000000008007e68                strlen
 .text.strncmp  0x0000000008007ec4       0x84 /Users/tylerfield/zephyr-sdk/zephyr-sdk-0.17.4/arm-zephyr-eabi/arm-zephyr-eabi/lib/thumb/v7-m/nofp/libc.a(lib_a-strncmp.o)
                0x0000000008007ec4                strncmp
 .text.strnlen  0x0000000008007f48       0x24 /Users/tylerfield/zephyr-sdk/zephyr-sdk-0.17.4/arm-zephyr-eabi/arm-zephyr-eabi/lib/thumb/v7-m/nofp/libc.a(lib_a-strnlen.o)
                0x0000000008007f48                strnlen
 .text._svfprintf_r
                0x0000000008007f6c     0x1a58 /Users/tylerfield/zephyr-sdk/zephyr-sdk-0.17.4/arm-zephyr-eabi/arm-zephyr-eabi/lib/thumb/v7-m/nofp/libc.a(lib_a-svfprintf.o)
                0x0000000008007f6c                _svfprintf_r
 .text._vfprintf_r
                0x00000000080099c4     0x1aec /Users/tylerfield/zephyr-sdk/zephyr-sdk-0.17.4/arm-zephyr-eabi/arm-zephyr-eabi/lib/thumb/v7-m/nofp/libc.a(lib_a-vfprintf.o)
                0x00000000080099c4                _vfprintf_r
 .text.__sbprintf
                0x000000000800b4b0       0x80 /Users/tylerfield/zephyr-sdk/zephyr-sdk-0.17.4/arm-zephyr-eabi/arm-zephyr-eabi/lib/thumb/v7-m/nofp/libc.a(lib_a-vfprintf.o)
 .text.__swsetup_r
                0x000000000800b530       0xc4 /Users/tylerfield/zephyr-sdk/zephyr-sdk-0.17.4/arm-zephyr-eabi/arm-zephyr-eabi/lib/thumb/v7-m/nofp/libc.a(lib_a-wsetup.o)
                0x000000000800b530                __swsetup_r
 .text.quorem   0x000000000800b5f4      0x13c /Users/tylerfield/zephyr-sdk/zephyr-sdk-0.17.4/arm-zephyr-eabi/arm-zephyr-eabi/lib/thumb/v7-m/nofp/libc.a(lib_a-dtoa.o)
 .text.__sflush_r
                0x000000000800b730      0x110 /Users/tylerfield/zephyr-sdk/zephyr-sdk-0.17.4/arm-zephyr-eabi/arm-zephyr-eabi/lib/thumb/v7-m/nofp/libc.a(lib_a-fflush.o)
                0x000000000800b730                __sflush_r
 .text._fflush_r
                0x000000000800b840       0x5c /Users/tylerfield/zephyr-sdk/zephyr-sdk-0.17.4/arm-zephyr-eabi/arm-zephyr-eabi/lib/thumb/v7-m/nofp/libc.a(lib_a-fflush.o)
                0x000000000800b840                _fflush_r
 .text._cleanup_r
                0x000000000800b89c        0xc /Users/tylerfield/zephyr-sdk/zephyr-sdk-0.17.4/arm-zephyr-eabi/arm-zephyr-eabi/lib/thumb/v7-m/nofp/libc.a(lib_a-findfp.o)
                0x000000000800b89c                _cleanup_r
 .text.__sinit  0x000000000800b8a8      0x10c /Users/tylerfield/zephyr-sdk/zephyr-sdk-0.17.4/arm-zephyr-eabi/arm-zephyr-eabi/lib/thumb/v7-m/nofp/libc.a(lib_a-findfp.o)
                0x000000000800b8a8                __sinit
 .text._malloc_trim_r
                0x000000000800b9b4       0x9c /Users/tylerfield/zephyr-sdk/zephyr-sdk-0.17.4/arm-zephyr-eabi/arm-zephyr-eabi/lib/thumb/v7-m/nofp/libc.a(lib_a-freer.o)
                0x000000000800b9b4                _malloc_trim_r
 .text._free_r  0x000000000800ba50      0x1fc /Users/tylerfield/zephyr-sdk/zephyr-sdk-0.17.4/arm-zephyr-eabi/arm-zephyr-eabi/lib/thumb/v7-m/nofp/libc.a(lib_a-freer.o)
                0x000000000800ba50                _free_r
 .text.__sfvwrite_r
                0x000000000800bc4c      0x2ec /Users/tylerfield/zephyr-sdk/zephyr-sdk-0.17.4/arm-zephyr-eabi/arm-zephyr-eabi/lib/thumb/v7-m/nofp/libc.a(lib_a-fvwrite.o)
                0x000000000800bc4c                __sfvwrite_r
 .text._fwalk_reent
                0x000000000800bf38       0x48 /Users/tylerfield/zephyr-sdk/zephyr-sdk-0.17.4/arm-zephyr-eabi/arm-zephyr-eabi/lib/thumb/v7-m/nofp/libc.a(lib_a-fwalk.o)
                0x000000000800bf38                _fwalk_reent
 .text._localeconv_r
                0x000000000800bf80        0x8 /Users/tylerfield/zephyr-sdk/zephyr-sdk-0.17.4/arm-zephyr-eabi/arm-zephyr-eabi/lib/thumb/v7-m/nofp/libc.a(lib_a-localeconv.o)
                0x000000000800bf80                _localeconv_r
 .text.__smakebuf_r
                0x000000000800bf88       0xc4 /Users/tylerfield/zephyr-sdk/zephyr-sdk-0.17.4/arm-zephyr-eabi/arm-zephyr-eabi/lib/thumb/v7-m/nofp/libc.a(lib_a-makebuf.o)
                0x000000000800bf88                __smakebuf_r
 .text.memchr   0x000000000800c04c       0x98 /Users/tylerfield/zephyr-sdk/zephyr-sdk-0.17.4/arm-zephyr-eabi/arm-zephyr-eabi/lib/thumb/v7-m/nofp/libc.a(lib_a-memchr-stub.o)
                0x000000000800c04c                memchr
 .text.memmove  0x000000000800c0e4       0xfc /Users/tylerfield/zephyr-sdk/zephyr-sdk-0.17.4/arm-zephyr-eabi/arm-zephyr-eabi/lib/thumb/v7-m/nofp/libc.a(lib_a-memmove.o)
                0x000000000800c0e4                memmove
 .text._Balloc  0x000000000800c1e0       0x4c /Users/tylerfield/zephyr-sdk/zephyr-sdk-0.17.4/arm-zephyr-eabi/arm-zephyr-eabi/lib/thumb/v7-m/nofp/libc.a(lib_a-mprec.o)
                0x000000000800c1e0                _Balloc
 .text._Bfree   0x000000000800c22c       0x14 /Users/tylerfield/zephyr-sdk/zephyr-sdk-0.17.4/arm-zephyr-eabi/arm-zephyr-eabi/lib/thumb/v7-m/nofp/libc.a(lib_a-mprec.o)
                0x000000000800c22c                _Bfree
 .text.__multadd
                0x000000000800c240       0xa4 /Users/tylerfield/zephyr-sdk/zephyr-sdk-0.17.4/arm-zephyr-eabi/arm-zephyr-eabi/lib/thumb/v7-m/nofp/libc.a(lib_a-mprec.o)
                0x000000000800c240                __multadd
 .text.__hi0bits
                0x000000000800c2e4       0x44 /Users/tylerfield/zephyr-sdk/zephyr-sdk-0.17.4/arm-zephyr-eabi/arm-zephyr-eabi/lib/thumb/v7-m/nofp/libc.a(lib_a-mprec.o)
                0x000000000800c2e4                __hi0bits
 .text.__lo0bits
                0x000000000800c328       0x5c /Users/tylerfield/zephyr-sdk/zephyr-sdk-0.17.4/arm-zephyr-eabi/arm-zephyr-eabi/lib/thumb/v7-m/nofp/libc.a(lib_a-mprec.o)
                0x000000000800c328                __lo0bits
 .text.__i2b    0x000000000800c384       0x5c /Users/tylerfield/zephyr-sdk/zephyr-sdk-0.17.4/arm-zephyr-eabi/arm-zephyr-eabi/lib/thumb/v7-m/nofp/libc.a(lib_a-mprec.o)
                0x000000000800c384                __i2b
 .text.__multiply
                0x000000000800c3e0      0x164 /Users/tylerfield/zephyr-sdk/zephyr-sdk-0.17.4/arm-zephyr-eabi/arm-zephyr-eabi/lib/thumb/v7-m/nofp/libc.a(lib_a-mprec.o)
                0x000000000800c3e0                __multiply
 .text.__pow5mult
                0x000000000800c544       0xb4 /Users/tylerfield/zephyr-sdk/zephyr-sdk-0.17.4/arm-zephyr-eabi/arm-zephyr-eabi/lib/thumb/v7-m/nofp/libc.a(lib_a-mprec.o)
                0x000000000800c544                __pow5mult
 .text.__lshift
                0x000000000800c5f8       0xec /Users/tylerfield/zephyr-sdk/zephyr-sdk-0.17.4/arm-zephyr-eabi/arm-zephyr-eabi/lib/thumb/v7-m/nofp/libc.a(lib_a-mprec.o)
                0x000000000800c5f8                __lshift
 .text.__mcmp   0x000000000800c6e4       0x40 /Users/tylerfield/zephyr-sdk/zephyr-sdk-0.17.4/arm-zephyr-eabi/arm-zephyr-eabi/lib/thumb/v7-m/nofp/libc.a(lib_a-mprec.o)
                0x000000000800c6e4                __mcmp
 .text.__mdiff  0x000000000800c724      0x160 /Users/tylerfield/zephyr-sdk/zephyr-sdk-0.17.4/arm-zephyr-eabi/arm-zephyr-eabi/lib/thumb/v7-m/nofp/libc.a(lib_a-mprec.o)
                0x000000000800c724                __mdiff
 .text.__d2b    0x000000000800c884       0xbc /Users/tylerfield/zephyr-sdk/zephyr-sdk-0.17.4/arm-zephyr-eabi/arm-zephyr-eabi/lib/thumb/v7-m/nofp/libc.a(lib_a-mprec.o)
                0x000000000800c884                __d2b
 .text._realloc_r
                0x000000000800c940      0x34c /Users/tylerfield/zephyr-sdk/zephyr-sdk-0.17.4/arm-zephyr-eabi/arm-zephyr-eabi/lib/thumb/v7-m/nofp/libc.a(lib_a-reallocr.o)
                0x000000000800c940                _realloc_r
 .text.frexp    0x000000000800cc8c       0x70 /Users/tylerfield/zephyr-sdk/zephyr-sdk-0.17.4/arm-zephyr-eabi/arm-zephyr-eabi/lib/thumb/v7-m/nofp/libc.a(lib_a-s_frexp.o)
                0x000000000800cc8c                frexp
 .text.__sread  0x000000000800ccfc       0x24 /Users/tylerfield/zephyr-sdk/zephyr-sdk-0.17.4/arm-zephyr-eabi/arm-zephyr-eabi/lib/thumb/v7-m/nofp/libc.a(lib_a-stdio.o)
                0x000000000800ccfc                __sread
 .text.__swrite
                0x000000000800cd20       0x40 /Users/tylerfield/zephyr-sdk/zephyr-sdk-0.17.4/arm-zephyr-eabi/arm-zephyr-eabi/lib/thumb/v7-m/nofp/libc.a(lib_a-stdio.o)
                0x000000000800cd20                __swrite
 .text.__sseek  0x000000000800cd60       0x24 /Users/tylerfield/zephyr-sdk/zephyr-sdk-0.17.4/arm-zephyr-eabi/arm-zephyr-eabi/lib/thumb/v7-m/nofp/libc.a(lib_a-stdio.o)
                0x000000000800cd60                __sseek
 .text.__sclose
                0x000000000800cd84        0x8 /Users/tylerfield/zephyr-sdk/zephyr-sdk-0.17.4/arm-zephyr-eabi/arm-zephyr-eabi/lib/thumb/v7-m/nofp/libc.a(lib_a-stdio.o)
                0x000000000800cd84                __sclose
 .text.strncpy  0x000000000800cd8c       0x6c /Users/tylerfield/zephyr-sdk/zephyr-sdk-0.17.4/arm-zephyr-eabi/arm-zephyr-eabi/lib/thumb/v7-m/nofp/libc.a(lib_a-strncpy.o)
                0x000000000800cd8c                strncpy
 .text.__ssprint_r
                0x000000000800cdf8      0x110 /Users/tylerfield/zephyr-sdk/zephyr-sdk-0.17.4/arm-zephyr-eabi/arm-zephyr-eabi/lib/thumb/v7-m/nofp/libc.a(lib_a-svfiprintf.o)
                0x000000000800cdf8                __ssprint_r
 .text.__sprint_r
                0x000000000800cf08       0x20 /Users/tylerfield/zephyr-sdk/zephyr-sdk-0.17.4/arm-zephyr-eabi/arm-zephyr-eabi/lib/thumb/v7-m/nofp/libc.a(lib_a-vfiprintf.o)
                0x000000000800cf08                __sprint_r
 .text._vfiprintf_r
                0x000000000800cf28      0xd90 /Users/tylerfield/zephyr-sdk/zephyr-sdk-0.17.4/arm-zephyr-eabi/arm-zephyr-eabi/lib/thumb/v7-m/nofp/libc.a(lib_a-vfiprintf.o)
                0x000000000800cf28                _vfiprintf_r
 .text.__sbprintf
                0x000000000800dcb8       0x80 /Users/tylerfield/zephyr-sdk/zephyr-sdk-0.17.4/arm-zephyr-eabi/arm-zephyr-eabi/lib/thumb/v7-m/nofp/libc.a(lib_a-vfiprintf.o)
 .text._write_r
                0x000000000800dd38       0x2c /Users/tylerfield/zephyr-sdk/zephyr-sdk-0.17.4/arm-zephyr-eabi/arm-zephyr-eabi/lib/thumb/v7-m/nofp/libc.a(lib_a-writer.o)
                0x000000000800dd38                _write_r
 .text.__assert_func
                0x000000000800dd64       0x40 /Users/tylerfield/zephyr-sdk/zephyr-sdk-0.17.4/arm-zephyr-eabi/arm-zephyr-eabi/lib/thumb/v7-m/nofp/libc.a(lib_a-assert.o)
                0x000000000800dd64                __assert_func
 .text._calloc_r
                0x000000000800dda4       0x60 /Users/tylerfield/zephyr-sdk/zephyr-sdk-0.17.4/arm-zephyr-eabi/arm-zephyr-eabi/lib/thumb/v7-m/nofp/libc.a(lib_a-callocr.o)
                0x000000000800dda4                _calloc_r
 .text._close_r
                0x000000000800de04       0x24 /Users/tylerfield/zephyr-sdk/zephyr-sdk-0.17.4/arm-zephyr-eabi/arm-zephyr-eabi/lib/thumb/v7-m/nofp/libc.a(lib_a-closer.o)
                0x000000000800de04                _close_r
 .text.fiprintf
                0x000000000800de28       0x28 /Users/tylerfield/zephyr-sdk/zephyr-sdk-0.17.4/arm-zephyr-eabi/arm-zephyr-eabi/lib/thumb/v7-m/nofp/libc.a(lib_a-fiprintf.o)
                0x000000000800de28                fiprintf
 .text._fstat_r
                0x000000000800de50       0x28 /Users/tylerfield/zephyr-sdk/zephyr-sdk-0.17.4/arm-zephyr-eabi/arm-zephyr-eabi/lib/thumb/v7-m/nofp/libc.a(lib_a-fstatr.o)
                0x000000000800de50                _fstat_r
 .text._isatty_r
                0x000000000800de78       0x24 /Users/tylerfield/zephyr-sdk/zephyr-sdk-0.17.4/arm-zephyr-eabi/arm-zephyr-eabi/lib/thumb/v7-m/nofp/libc.a(lib_a-isattyr.o)
                0x000000000800de78                _isatty_r
 .text._lseek_r
                0x000000000800de9c       0x2c /Users/tylerfield/zephyr-sdk/zephyr-sdk-0.17.4/arm-zephyr-eabi/arm-zephyr-eabi/lib/thumb/v7-m/nofp/libc.a(lib_a-lseekr.o)
                0x000000000800de9c                _lseek_r
 .text.__ascii_mbtowc
                0x000000000800dec8       0x2c /Users/tylerfield/zephyr-sdk/zephyr-sdk-0.17.4/arm-zephyr-eabi/arm-zephyr-eabi/lib/thumb/v7-m/nofp/libc.a(lib_a-mbtowc_r.o)
                0x000000000800dec8                __ascii_mbtowc
 .text._read_r  0x000000000800def4       0x2c /Users/tylerfield/zephyr-sdk/zephyr-sdk-0.17.4/arm-zephyr-eabi/arm-zephyr-eabi/lib/thumb/v7-m/nofp/libc.a(lib_a-readr.o)
                0x000000000800def4                _read_r
 .text.__ascii_wctomb
                0x000000000800df20       0x1c /Users/tylerfield/zephyr-sdk/zephyr-sdk-0.17.4/arm-zephyr-eabi/arm-zephyr-eabi/lib/thumb/v7-m/nofp/libc.a(lib_a-wctomb_r.o)
                0x000000000800df20                __ascii_wctomb
 .text._OffsetAbsSyms
                0x000000000800df3c        0x2 zephyr/CMakeFiles/offsets.dir/./arch/arm/core/offsets/offsets.c.obj
                0x000000000800df3c                _OffsetAbsSyms
 .text.gpio_pin_get
                0x000000000800df3e       0x28 app/libapp.a(main.cpp.obj)
 .text.spi_transceive
                0x000000000800df66        0xc app/libapp.a(main.cpp.obj)
 .text._ZN11STMRadioHal4initEv
                0x000000000800df72        0x6 app/libapp.a(main.cpp.obj)
                0x000000000800df72                STMRadioHal::init()
 .text._ZN11STMRadioHal4termEv
                0x000000000800df78        0x6 app/libapp.a(main.cpp.obj)
                0x000000000800df78                STMRadioHal::term()
 .text._ZN11STMRadioHal11digitalReadEj
                0x000000000800df7e       0x24 app/libapp.a(main.cpp.obj)
                0x000000000800df7e                STMRadioHal::digitalRead(unsigned int)
 .text._ZN11STMRadioHal19spiBeginTransactionEv
                0x000000000800dfa2        0x2 app/libapp.a(main.cpp.obj)
                0x000000000800dfa2                STMRadioHal::spiBeginTransaction()
 .text._ZN11STMRadioHal17spiEndTransactionEv
                0x000000000800dfa4        0x2 app/libapp.a(main.cpp.obj)
                0x000000000800dfa4                STMRadioHal::spiEndTransaction()
 .text._ZN11STMRadioHal6spiEndEv
                0x000000000800dfa6        0x2 app/libapp.a(main.cpp.obj)
                0x000000000800dfa6                STMRadioHal::spiEnd()
 .text._ZN11STMRadioHalD2Ev
                0x000000000800dfa8        0x2 app/libapp.a(main.cpp.obj)
                0x000000000800dfa8                STMRadioHal::~STMRadioHal()
                0x000000000800dfa8                STMRadioHal::~STMRadioHal()
 .text._ZN11STMRadioHal17delayMicrosecondsEm
                0x000000000800dfaa        0x6 app/libapp.a(main.cpp.obj)
                0x000000000800dfaa                STMRadioHal::delayMicroseconds(unsigned long)
 .text._ZN11STMRadioHal6microsEv
                0x000000000800dfb0       0x16 app/libapp.a(main.cpp.obj)
                0x000000000800dfb0                STMRadioHal::micros()
 .text._ZN11STMRadioHalD0Ev
                0x000000000800dfc6        0xe app/libapp.a(main.cpp.obj)
                0x000000000800dfc6                STMRadioHal::~STMRadioHal()
 .text.gpio_remove_callback.isra.0
                0x000000000800dfd4        0xc app/libapp.a(main.cpp.obj)
 .text.gpio_pin_set.isra.0
                0x000000000800dfe0       0x20 app/libapp.a(main.cpp.obj)
 .text._ZN11STMRadioHal12digitalWriteEjj
                0x000000000800e000       0x22 app/libapp.a(main.cpp.obj)
                0x000000000800e000                STMRadioHal::digitalWrite(unsigned int, unsigned int)
 .text.gpio_pin_configure.isra.0
                0x000000000800e022       0x1c app/libapp.a(main.cpp.obj)
 .text._ZN11STMRadioHal7pulseInEjjm
                0x000000000800e03e       0x6e app/libapp.a(main.cpp.obj)
                0x000000000800e03e                STMRadioHal::pulseIn(unsigned int, unsigned int, unsigned long)
 .text._ZN11STMRadioHal7pinModeEjj
                0x000000000800e0ac       0x32 app/libapp.a(main.cpp.obj)
                0x000000000800e0ac                STMRadioHal::pinMode(unsigned int, unsigned int)
 .text.k_msleep.isra.0
                0x000000000800e0de        0xe app/libapp.a(main.cpp.obj)
 .text._ZN11STMRadioHal5delayEm
                0x000000000800e0ec        0x6 app/libapp.a(main.cpp.obj)
                0x000000000800e0ec                STMRadioHal::delay(unsigned long)
 .text._ZN11STMRadioHal6millisEv
                0x000000000800e0f2       0x10 app/libapp.a(main.cpp.obj)
                0x000000000800e0f2                STMRadioHal::millis()
 .text.__cxa_atexit
                0x000000000800e102        0x4 zephyr/libzephyr.a(cpp_dtors.c.obj)
                0x000000000800e102                __cxa_atexit
 .text.__cxa_pure_virtual
                0x000000000800e106        0x2 zephyr/libzephyr.a(cpp_virtual.c.obj)
                0x000000000800e106                __cxa_pure_virtual
 .text._Znaj    0x000000000800e108        0x4 zephyr/libzephyr.a(cpp_new.cpp.obj)
                0x000000000800e108                operator new[](unsigned int)
 .text._ZdaPv   0x000000000800e10c        0x4 zephyr/libzephyr.a(cpp_new.cpp.obj)
                0x000000000800e10c                operator delete[](void*)
 .text._ZdlPvj  0x000000000800e110        0x4 zephyr/libzephyr.a(cpp_new.cpp.obj)
                0x000000000800e110                operator delete(void*, unsigned int)
 .text.chunk_size
                0x000000000800e114        0xa zephyr/libzephyr.a(heap.c.obj)
 .text.free_list_add
                0x000000000800e11e       0x4e zephyr/libzephyr.a(heap.c.obj)
 .text.sys_heap_init
                0x000000000800e16c       0x7a zephyr/libzephyr.a(heap.c.obj)
                0x000000000800e16c                sys_heap_init
 .text.arch_printk_char_out
                0x000000000800e1e6        0x4 zephyr/libzephyr.a(printk.c.obj)
                0x000000000800e1e6                arch_printk_char_out
 .text.printk   0x000000000800e1ea       0x1a zephyr/libzephyr.a(printk.c.obj)
                0x000000000800e1ea                printk
 .text.z_thread_entry
                0x000000000800e204       0x14 zephyr/libzephyr.a(thread_entry.c.obj)
                0x000000000800e204                z_thread_entry
 .text.outs     0x000000000800e218       0x2e zephyr/libzephyr.a(cbprintf_complete.c.obj)
 .text._ConfigAbsSyms
                0x000000000800e246        0x2 zephyr/libzephyr.a(configs.c.obj)
                0x000000000800e246                _ConfigAbsSyms
 .text.arch_early_memset
                0x000000000800e248        0x4 zephyr/arch/common/libarch__common.a(init.c.obj)
                0x000000000800e248                arch_early_memset
 .text.arch_early_memcpy
                0x000000000800e24c        0x4 zephyr/arch/common/libarch__common.a(init.c.obj)
                0x000000000800e24c                arch_early_memcpy
 .text.z_do_kernel_oops
                0x000000000800e250        0x8 zephyr/arch/arch/arm/core/libarch__arm__core.a(fatal.c.obj)
                0x000000000800e250                z_do_kernel_oops
 .text.z_arm_nmi
                0x000000000800e258        0xe zephyr/arch/arch/arm/core/libarch__arm__core.a(nmi.c.obj)
                0x000000000800e258                z_arm_nmi
 .text.__aeabi_atexit
                0x000000000800e266        0xa zephyr/arch/arch/arm/core/libarch__arm__core.a(__aeabi_atexit.c.obj)
                0x000000000800e266                __aeabi_atexit
 .text.z_irq_spurious
                0x000000000800e270        0x8 zephyr/arch/arch/arm/core/cortex_m/libarch__arm__core__cortex_m.a(irq_manage.c.obj)
                0x000000000800e270                z_irq_spurious
 .text.z_prep_c
                0x000000000800e278       0x16 zephyr/arch/arch/arm/core/cortex_m/libarch__arm__core__cortex_m.a(prep_c.c.obj)
                0x000000000800e278                z_prep_c
 .text.arch_coprocessors_disable
                0x000000000800e28e        0x6 zephyr/arch/arch/arm/core/cortex_m/libarch__arm__core__cortex_m.a(thread.c.obj)
                0x000000000800e28e                arch_coprocessors_disable
 .text.arch_irq_unlock_outlined
                0x000000000800e294        0xe zephyr/arch/arch/arm/core/cortex_m/libarch__arm__core__cortex_m.a(thread.c.obj)
                0x000000000800e294                arch_irq_unlock_outlined
 .text.arch_cpu_idle
                0x000000000800e2a2       0x1a zephyr/arch/arch/arm/core/cortex_m/libarch__arm__core__cortex_m.a(cpu_idle.c.obj)
                0x000000000800e2a2                arch_cpu_idle
 .text._stdin_hook_default
                0x000000000800e2bc        0x4 zephyr/lib/libc/newlib/liblib__libc__newlib.a(libc-hooks.c.obj)
 .text._stdout_hook_default
                0x000000000800e2c0        0x6 zephyr/lib/libc/newlib/liblib__libc__newlib.a(libc-hooks.c.obj)
 .text.malloc_prepare
                0x000000000800e2c6        0x4 zephyr/lib/libc/newlib/liblib__libc__newlib.a(libc-hooks.c.obj)
 .text._read    0x000000000800e2ca        0x8 zephyr/lib/libc/newlib/liblib__libc__newlib.a(libc-hooks.c.obj)
                0x000000000800e2ca                read
                0x000000000800e2ca                _read
 .text._write   0x000000000800e2d2        0x8 zephyr/lib/libc/newlib/liblib__libc__newlib.a(libc-hooks.c.obj)
                0x000000000800e2d2                write
                0x000000000800e2d2                _write
 .text._close   0x000000000800e2da        0x6 zephyr/lib/libc/newlib/liblib__libc__newlib.a(libc-hooks.c.obj)
                0x000000000800e2da                close
                0x000000000800e2da                _close
 .text._lseek   0x000000000800e2e0        0x4 zephyr/lib/libc/newlib/liblib__libc__newlib.a(libc-hooks.c.obj)
                0x000000000800e2e0                lseek
                0x000000000800e2e0                _lseek
 .text._isatty  0x000000000800e2e4        0xa zephyr/lib/libc/newlib/liblib__libc__newlib.a(libc-hooks.c.obj)
                0x000000000800e2e4                isatty
                0x000000000800e2e4                _isatty
 .text._fstat   0x000000000800e2ee        0xa zephyr/lib/libc/newlib/liblib__libc__newlib.a(libc-hooks.c.obj)
                0x000000000800e2ee                _fstat
                0x000000000800e2ee                fstat
 .text.__retarget_lock_init_recursive
                0x000000000800e2f8       0x14 zephyr/lib/libc/newlib/liblib__libc__newlib.a(libc-hooks.c.obj)
                0x000000000800e2f8                __retarget_lock_init_recursive
 .text.__retarget_lock_close_recursive
                0x000000000800e30c        0x4 zephyr/lib/libc/newlib/liblib__libc__newlib.a(libc-hooks.c.obj)
                0x000000000800e30c                __retarget_lock_close_recursive
 .text.__retarget_lock_acquire_recursive
                0x000000000800e310        0xc zephyr/lib/libc/newlib/liblib__libc__newlib.a(libc-hooks.c.obj)
                0x000000000800e310                __retarget_lock_acquire_recursive
 .text.__retarget_lock_release_recursive
                0x000000000800e31c        0x4 zephyr/lib/libc/newlib/liblib__libc__newlib.a(libc-hooks.c.obj)
                0x000000000800e31c                __retarget_lock_release_recursive
 .text.stm32_exti_init
                0x000000000800e320        0x4 zephyr/drivers/interrupt_controller/libdrivers__interrupt_controller.a(intc_exti_stm32.c.obj)
 .text.stm32_exti_gpio_intc_init
                0x000000000800e324       0x92 zephyr/drivers/interrupt_controller/libdrivers__interrupt_controller.a(intc_gpio_stm32.c.obj)
 .text.stm32_gpio_intc_get_pin_irq_line
                0x000000000800e3b6        0xa zephyr/drivers/interrupt_controller/libdrivers__interrupt_controller.a(intc_gpio_stm32.c.obj)
                0x000000000800e3b6                stm32_gpio_intc_get_pin_irq_line
 .text.stm32_exti_set_line_src_port
                0x000000000800e3c0       0x36 zephyr/drivers/interrupt_controller/libdrivers__interrupt_controller.a(intc_gpio_stm32.c.obj)
                0x000000000800e3c0                stm32_exti_set_line_src_port
 .text.stm32_clock_control_on
                0x000000000800e3f6       0x44 zephyr/drivers/clock_control/libdrivers__clock_control.a(clock_stm32_ll_common.c.obj)
 .text.stm32_clock_control_off
                0x000000000800e43a       0x2c zephyr/drivers/clock_control/libdrivers__clock_control.a(clock_stm32_ll_common.c.obj)
 .text.enabled_clock
                0x000000000800e466       0x1e zephyr/drivers/clock_control/libdrivers__clock_control.a(clock_stm32_ll_common.c.obj)
                0x000000000800e466                enabled_clock
 .text.stm32_clock_control_configure
                0x000000000800e484       0x58 zephyr/drivers/clock_control/libdrivers__clock_control.a(clock_stm32_ll_common.c.obj)
 .text.stm32_clock_control_get_status
                0x000000000800e4dc       0x38 zephyr/drivers/clock_control/libdrivers__clock_control.a(clock_stm32_ll_common.c.obj)
 .text.config_regulator_voltage
                0x000000000800e514        0x2 zephyr/drivers/clock_control/libdrivers__clock_control.a(clock_stm32_ll_common.c.obj)
                0x000000000800e514                config_regulator_voltage
 .text.get_pllout_frequency
                0x000000000800e516        0x4 zephyr/drivers/clock_control/libdrivers__clock_control.a(clock_stm32f1.c.obj)
                0x000000000800e516                get_pllout_frequency
 .text.config_enable_default_clocks
                0x000000000800e51a        0x2 zephyr/drivers/clock_control/libdrivers__clock_control.a(clock_stm32f1.c.obj)
                0x000000000800e51a                config_enable_default_clocks
 .text.gpio_stm32_port_get_raw
                0x000000000800e51c        0xc zephyr/drivers/gpio/libdrivers__gpio.a(gpio_stm32.c.obj)
 .text.gpio_stm32_port_set_masked_raw
                0x000000000800e528       0x12 zephyr/drivers/gpio/libdrivers__gpio.a(gpio_stm32.c.obj)
 .text.gpio_stm32_port_set_bits_raw
                0x000000000800e53a        0xa zephyr/drivers/gpio/libdrivers__gpio.a(gpio_stm32.c.obj)
 .text.gpio_stm32_port_clear_bits_raw
                0x000000000800e544        0xa zephyr/drivers/gpio/libdrivers__gpio.a(gpio_stm32.c.obj)
 .text.gpio_stm32_port_toggle_bits
                0x000000000800e54e        0xe zephyr/drivers/gpio/libdrivers__gpio.a(gpio_stm32.c.obj)
 .text.gpio_stm32_manage_callback
                0x000000000800e55c       0x52 zephyr/drivers/gpio/libdrivers__gpio.a(gpio_stm32.c.obj)
 .text.LL_GPIO_SetPinMode
                0x000000000800e5ae       0x2c zephyr/drivers/gpio/libdrivers__gpio.a(gpio_stm32.c.obj)
 .text.LL_GPIO_SetPinSpeed
                0x000000000800e5da       0x2c zephyr/drivers/gpio/libdrivers__gpio.a(gpio_stm32.c.obj)
 .text.LL_GPIO_SetPinOutputType
                0x000000000800e606       0x2c zephyr/drivers/gpio/libdrivers__gpio.a(gpio_stm32.c.obj)
 .text.gpio_stm32_isr
                0x000000000800e632       0x2c zephyr/drivers/gpio/libdrivers__gpio.a(gpio_stm32.c.obj)
 .text.gpio_stm32_configure_raw.constprop.0.isra.0
                0x000000000800e65e       0xaa zephyr/drivers/gpio/libdrivers__gpio.a(gpio_stm32.c.obj)
 .text.gpio_stm32_config
                0x000000000800e708       0xf2 zephyr/drivers/gpio/libdrivers__gpio.a(gpio_stm32.c.obj)
 .text.gpio_stm32_configure
                0x000000000800e7fa       0x2a zephyr/drivers/gpio/libdrivers__gpio.a(gpio_stm32.c.obj)
                0x000000000800e7fa                gpio_stm32_configure
 .text.pinctrl_lookup_state
                0x000000000800e824       0x26 zephyr/drivers/pinctrl/libdrivers__pinctrl.a(common.c.obj)
                0x000000000800e824                pinctrl_lookup_state
 .text.reset_stm32_status
                0x000000000800e84a       0x20 zephyr/drivers/reset/libdrivers__reset.a(reset_stm32.c.obj)
 .text.reset_stm32_line_assert
                0x000000000800e86a       0x1c zephyr/drivers/reset/libdrivers__reset.a(reset_stm32.c.obj)
 .text.reset_stm32_line_deassert
                0x000000000800e886       0x1e zephyr/drivers/reset/libdrivers__reset.a(reset_stm32.c.obj)
 .text.reset_stm32_line_toggle
                0x000000000800e8a4       0x16 zephyr/drivers/reset/libdrivers__reset.a(reset_stm32.c.obj)
 .text.LL_USART_ClearFlag_PE
                0x000000000800e8ba       0x12 zephyr/drivers/serial/libdrivers__serial.a(uart_stm32.c.obj)
 .text.uart_stm32_err_check
                0x000000000800e8cc       0x5e zephyr/drivers/serial/libdrivers__serial.a(uart_stm32.c.obj)
 .text.uart_stm32_set_baudrate.isra.0
                0x000000000800e92a       0x58 zephyr/drivers/serial/libdrivers__serial.a(uart_stm32.c.obj)
 .text.uart_stm32_poll_out
                0x000000000800e982       0x36 zephyr/drivers/serial/libdrivers__serial.a(uart_stm32.c.obj)
 .text.uart_stm32_poll_in
                0x000000000800e9b8       0x22 zephyr/drivers/serial/libdrivers__serial.a(uart_stm32.c.obj)
 .text.uart_stm32_init
                0x000000000800e9da       0xb4 zephyr/drivers/serial/libdrivers__serial.a(uart_stm32.c.obj)
 .text.uart_stm32_config_get
                0x000000000800ea8e       0x8e zephyr/drivers/serial/libdrivers__serial.a(uart_stm32.c.obj)
 .text.spi_context_get_next_buf
                0x000000000800eb1c       0x2c zephyr/drivers/spi/libdrivers__spi.a(spi_stm32.c.obj)
 .text.bits2bytes
                0x000000000800eb48       0x16 zephyr/drivers/spi/libdrivers__spi.a(spi_stm32.c.obj)
 .text.spi_stm32_send_next_frame
                0x000000000800eb5e       0x74 zephyr/drivers/spi/libdrivers__spi.a(spi_stm32.c.obj)
 .text.spi_stm32_read_next_frame
                0x000000000800ebd2       0x6c zephyr/drivers/spi/libdrivers__spi.a(spi_stm32.c.obj)
 .text.spi_stm32_pinctrl_apply.isra.0
                0x000000000800ec3e       0x2a zephyr/drivers/spi/libdrivers__spi.a(spi_stm32.c.obj)
 .text.gpio_pin_set_dt.isra.0
                0x000000000800ec68       0x28 zephyr/drivers/spi/libdrivers__spi.a(spi_stm32.c.obj)
 .text.spi_context_unlock_unconditionally
                0x000000000800ec90       0x30 zephyr/drivers/spi/libdrivers__spi.a(spi_stm32.c.obj)
 .text.spi_stm32_release
                0x000000000800ecc0       0x1e zephyr/drivers/spi/libdrivers__spi.a(spi_stm32.c.obj)
 .text.z_impl_k_busy_wait
                0x000000000800ecde       0x1c zephyr/kernel/libkernel.a(busy_wait.c.obj)
                0x000000000800ecde                z_impl_k_busy_wait
 .text.do_device_init
                0x000000000800ecfa       0x30 zephyr/kernel/libkernel.a(device.c.obj)
                0x000000000800ecfa                do_device_init
 .text.z_impl_device_is_ready
                0x000000000800ed2a       0x16 zephyr/kernel/libkernel.a(device.c.obj)
                0x000000000800ed2a                z_impl_device_is_ready
 .text.arch_system_halt
                0x000000000800ed40       0x10 zephyr/kernel/libkernel.a(fatal.c.obj)
                0x000000000800ed40                arch_system_halt
 .text.k_sys_fatal_error_handler
                0x000000000800ed50        0x6 zephyr/kernel/libkernel.a(fatal.c.obj)
                0x000000000800ed50                k_sys_fatal_error_handler
 .text.idle     0x000000000800ed56       0x16 zephyr/kernel/libkernel.a(idle.c.obj)
                0x000000000800ed56                idle
 .text.adjust_owner_prio.isra.0
                0x000000000800ed6c       0x10 zephyr/kernel/libkernel.a(mutex.c.obj)
 .text.z_impl_k_mutex_init
                0x000000000800ed7c        0xe zephyr/kernel/libkernel.a(mutex.c.obj)
                0x000000000800ed7c                z_impl_k_mutex_init
 .text.sys_dlist_remove
                0x000000000800ed8a       0x10 zephyr/kernel/libkernel.a(sched.c.obj)
 .text.unpend_thread_no_timeout
                0x000000000800ed9a       0x14 zephyr/kernel/libkernel.a(sched.c.obj)
 .text.add_to_waitq_locked
                0x000000000800edae       0x50 zephyr/kernel/libkernel.a(sched.c.obj)
 .text.z_ready_thread
                0x000000000800edfe       0x1e zephyr/kernel/libkernel.a(sched.c.obj)
                0x000000000800edfe                z_ready_thread
 .text.z_sched_wake_thread
                0x000000000800ee1c       0x3a zephyr/kernel/libkernel.a(sched.c.obj)
                0x000000000800ee1c                z_sched_wake_thread
 .text.z_thread_timeout
                0x000000000800ee56        0x8 zephyr/kernel/libkernel.a(sched.c.obj)
                0x000000000800ee56                z_thread_timeout
 .text.z_impl_k_sleep
                0x000000000800ee5e       0x3e zephyr/kernel/libkernel.a(sched.c.obj)
                0x000000000800ee5e                z_impl_k_sleep
 .text.next_timeout
                0x000000000800ee9c       0x2e zephyr/kernel/libkernel.a(timeout.c.obj)
 .text.z_abort_timeout
                0x000000000800eeca       0x50 zephyr/kernel/libkernel.a(timeout.c.obj)
                0x000000000800eeca                z_abort_timeout
 .text.sys_clock_tick_get_32
                0x000000000800ef1a        0x8 zephyr/kernel/libkernel.a(timeout.c.obj)
                0x000000000800ef1a                sys_clock_tick_get_32
 .text.z_impl_k_uptime_ticks
                0x000000000800ef22        0x4 zephyr/kernel/libkernel.a(timeout.c.obj)
                0x000000000800ef22                z_impl_k_uptime_ticks
 .text.k_heap_init
                0x000000000800ef26       0x14 zephyr/kernel/libkernel.a(kheap.c.obj)
                0x000000000800ef26                k_heap_init
 .text._ZN11RadioLibHal4initEv
                0x000000000800ef3a        0x2 libradiolib.a(Hal.cpp.obj)
                0x000000000800ef3a                RadioLibHal::init()
                0x000000000800ef3a                RadioLibHal::yield()
                0x000000000800ef3a                RadioLibHal::term()
 .text._ZN11RadioLibHal4toneEjjm
                0x000000000800ef3c        0x2 libradiolib.a(Hal.cpp.obj)
                0x000000000800ef3c                RadioLibHal::tone(unsigned int, unsigned int, unsigned long)
 .text._ZN11RadioLibHal6noToneEj
                0x000000000800ef3e        0x2 libradiolib.a(Hal.cpp.obj)
                0x000000000800ef3e                RadioLibHal::noTone(unsigned int)
 .text._ZN11RadioLibHal14pinToInterruptEj
                0x000000000800ef40        0x4 libradiolib.a(Hal.cpp.obj)
                0x000000000800ef40                RadioLibHal::pinToInterrupt(unsigned int)
 .text._ZN11RadioLibHal10pullUpDownEjbb
                0x000000000800ef44        0x2 libradiolib.a(Hal.cpp.obj)
                0x000000000800ef44                RadioLibHal::pullUpDown(unsigned int, bool, bool)
 .text._ZN6Module4initEv
                0x000000000800ef46       0x28 libradiolib.a(Module.cpp.obj)
                0x000000000800ef46                Module::init()
 .text._ZN6Module4termEv
                0x000000000800ef6e        0x8 libradiolib.a(Module.cpp.obj)
                0x000000000800ef6e                Module::term()
 .text._ZN6Module11SPItransferEtjPKhPhj
                0x000000000800ef76       0xd4 libradiolib.a(Module.cpp.obj)
                0x000000000800ef76                Module::SPItransfer(unsigned short, unsigned int, unsigned char const*, unsigned char*, unsigned int)
 .text._ZN6Module17SPItransferStreamEPKhhbS1_Phjb
                0x000000000800f04a      0x176 libradiolib.a(Module.cpp.obj)
                0x000000000800f04a                Module::SPItransferStream(unsigned char const*, unsigned char, bool, unsigned char const*, unsigned char*, unsigned int, bool)
 .text._ZN6Module20SPIreadRegisterBurstEjjPh
                0x000000000800f1c0       0x86 libradiolib.a(Module.cpp.obj)
                0x000000000800f1c0                Module::SPIreadRegisterBurst(unsigned int, unsigned int, unsigned char*)
 .text._ZN6Module15SPIreadRegisterEj
                0x000000000800f246       0x8c libradiolib.a(Module.cpp.obj)
                0x000000000800f246                Module::SPIreadRegister(unsigned int)
 .text._ZN6Module21SPIwriteRegisterBurstEjPKhj
                0x000000000800f2d2       0x8a libradiolib.a(Module.cpp.obj)
                0x000000000800f2d2                Module::SPIwriteRegisterBurst(unsigned int, unsigned char const*, unsigned int)
 .text._ZN6Module16SPIwriteRegisterEjh
                0x000000000800f35c       0x88 libradiolib.a(Module.cpp.obj)
                0x000000000800f35c                Module::SPIwriteRegister(unsigned int, unsigned char)
 .text._ZN6Module14SPIsetRegValueEjhhhhhb
                0x000000000800f3e4       0xac libradiolib.a(Module.cpp.obj)
                0x000000000800f3e4                Module::SPIsetRegValue(unsigned int, unsigned char, unsigned char, unsigned char, unsigned char, unsigned char, bool)
 .text._ZN6Module13SPIreadStreamEPKhhPhjbb
                0x000000000800f490       0x32 libradiolib.a(Module.cpp.obj)
                0x000000000800f490                Module::SPIreadStream(unsigned char const*, unsigned char, unsigned char*, unsigned int, bool, bool)
 .text._ZN6Module13SPIreadStreamEtPhjbb
                0x000000000800f4c2       0x50 libradiolib.a(Module.cpp.obj)
                0x000000000800f4c2                Module::SPIreadStream(unsigned short, unsigned char*, unsigned int, bool, bool)
 .text._ZN6Module14SPIwriteStreamEPKhhS1_jbb
                0x000000000800f512       0x34 libradiolib.a(Module.cpp.obj)
                0x000000000800f512                Module::SPIwriteStream(unsigned char const*, unsigned char, unsigned char const*, unsigned int, bool, bool)
 .text._ZN6Module14SPIwriteStreamEtPKhjbb
                0x000000000800f546       0x50 libradiolib.a(Module.cpp.obj)
                0x000000000800f546                Module::SPIwriteStream(unsigned short, unsigned char const*, unsigned int, bool, bool)
 .text._ZN6Module14SPIcheckStreamEv
                0x000000000800f596       0x66 libradiolib.a(Module.cpp.obj)
                0x000000000800f596                Module::SPIcheckStream()
 .text._ZNK6Module16findRfSwitchModeEh
                0x000000000800f5fc       0x16 libradiolib.a(Module.cpp.obj)
                0x000000000800f5fc                Module::findRfSwitchMode(unsigned char) const
 .text._ZN6Module16setRfSwitchStateEh
                0x000000000800f612       0x30 libradiolib.a(Module.cpp.obj)
                0x000000000800f612                Module::setRfSwitchState(unsigned char)
 .text._ZN6SX126816checkOutputPowerEaPa
                0x000000000800f642       0x26 libradiolib.a(SX1268.cpp.obj)
                0x000000000800f642                SX1268::checkOutputPower(signed char, signed char*)
 .text._ZN6SX1268D2Ev
                0x000000000800f668        0x2 libradiolib.a(SX1268.cpp.obj)
                0x000000000800f668                SX1268::~SX1268()
                0x000000000800f668                SX1268::~SX1268()
 .text._ZN6SX12689beginBPSKEffafb
                0x000000000800f66a       0x3c libradiolib.a(SX1268.cpp.obj)
                0x000000000800f66a                SX1268::beginBPSK(float, float, signed char, float, bool)
 .text._ZN6SX1268D0Ev
                0x000000000800f6a6       0x10 libradiolib.a(SX1268.cpp.obj)
                0x000000000800f6a6                SX1268::~SX1268()
 .text._ZN6SX12685beginEffhhhatfb
                0x000000000800f6b6       0x74 libradiolib.a(SX1268.cpp.obj)
                0x000000000800f6b6                SX1268::begin(float, float, unsigned char, unsigned char, unsigned char, signed char, unsigned short, float, bool)
 .text._ZN6SX12688beginFSKEffffatfb
                0x000000000800f72a       0x52 libradiolib.a(SX1268.cpp.obj)
                0x000000000800f72a                SX1268::beginFSK(float, float, float, float, signed char, unsigned short, float, bool)
 .text._ZN6SX126811beginLRFHSSEfhhbafb
                0x000000000800f77c       0x4c libradiolib.a(SX1268.cpp.obj)
                0x000000000800f77c                SX1268::beginLRFHSS(float, unsigned char, unsigned char, bool, signed char, float, bool)
 .text._ZN6SX126812setFrequencyEf
                0x000000000800f7c8        0x6 libradiolib.a(SX1268.cpp.obj)
                0x000000000800f7c8                SX1268::setFrequency(float)
 .text._ZN6SX126814setOutputPowerEa
                0x000000000800f7ce        0x6 libradiolib.a(SX1268.cpp.obj)
                0x000000000800f7ce                SX1268::setOutputPower(signed char)
 .text._ZN6SX126x12startReceiveEv
                0x000000000800f7d4       0x1a libradiolib.a(SX126x.cpp.obj)
                0x000000000800f7d4                SX126x::startReceive()
 .text._ZN6SX126x13clearIrqFlagsEj
                0x000000000800f7ee        0xa libradiolib.a(SX126x.cpp.obj)
                0x000000000800f7ee                SX126x::clearIrqFlags(unsigned int)
 .text._ZN6SX126x15setDirectActionEPFvvE
                0x000000000800f7f8        0x8 libradiolib.a(SX126x.cpp.obj)
                0x000000000800f7f8                SX126x::setDirectAction(void (*)())
 .text._ZN6SX126x6getModEv
                0x000000000800f800        0x6 libradiolib.a(SX126x.cpp.obj)
                0x000000000800f800                SX126x::getMod()
 .text._ZN6SX126xD2Ev
                0x000000000800f806        0x2 libradiolib.a(SX126x.cpp.obj)
                0x000000000800f806                SX126x::~SX126x()
                0x000000000800f806                SX126x::~SX126x()
 .text._ZN6SX126x8getModemEP11ModemType_t
                0x000000000800f808       0x2a libradiolib.a(SX126x.cpp.obj)
                0x000000000800f808                SX126x::getModem(ModemType_t*)
 .text._ZN6SX126x13receiveDirectEv
                0x000000000800f832       0x12 libradiolib.a(SX126x.cpp.obj)
                0x000000000800f832                SX126x::receiveDirect()
 .text._ZN6SX126x14transmitDirectEj
                0x000000000800f844       0x3a libradiolib.a(SX126x.cpp.obj)
                0x000000000800f844                SX126x::transmitDirect(unsigned int)
 .text._ZN6SX126x11setIrqFlagsEj
                0x000000000800f87e       0x14 libradiolib.a(SX126x.cpp.obj)
                0x000000000800f87e                SX126x::setIrqFlags(unsigned int)
 .text._ZN6SX126x11getIrqFlagsEv
                0x000000000800f892       0x2a libradiolib.a(SX126x.cpp.obj)
                0x000000000800f892                SX126x::getIrqFlags()
 .text._ZN6SX126x10randomByteEv
                0x000000000800f8bc       0xc8 libradiolib.a(SX126x.cpp.obj)
                0x000000000800f8bc                SX126x::randomByte()
 .text._ZN6SX126x10launchModeEv
                0x000000000800f984       0x6e libradiolib.a(SX126x.cpp.obj)
                0x000000000800f984                SX126x::launchMode()
 .text._ZN6SX126x7readBitEj
                0x000000000800f9f2       0x1c libradiolib.a(SX126x.cpp.obj)
                0x000000000800f9f2                SX126x::readBit(unsigned int)
 .text._ZN6SX126xD0Ev
                0x000000000800fa0e       0x10 libradiolib.a(SX126x.cpp.obj)
                0x000000000800fa0e                SX126x::~SX126x()
 .text._ZN6SX126x14finishTransmitEv
                0x000000000800fa1e       0x20 libradiolib.a(SX126x.cpp.obj)
                0x000000000800fa1e                SX126x::finishTransmit()
 .text._ZN6SX126x16startChannelScanERK19ChannelScanConfig_t
                0x000000000800fa3e       0x7c libradiolib.a(SX126x.cpp.obj)
                0x000000000800fa3e                SX126x::startChannelScan(ChannelScanConfig_t const&)
 .text._ZN6SX126x11scanChannelERK19ChannelScanConfig_t
                0x000000000800faba       0x3c libradiolib.a(SX126x.cpp.obj)
                0x000000000800faba                SX126x::scanChannel(ChannelScanConfig_t const&)
 .text._ZN6SX126x15setLrFhssConfigEhhht
                0x000000000800faf6       0x46 libradiolib.a(SX126x.cpp.obj)
                0x000000000800faf6                SX126x::setLrFhssConfig(unsigned char, unsigned char, unsigned char, unsigned short)
 .text._ZN6SX126x5resetEb
                0x000000000800fb3c       0x8a libradiolib.a(SX126x.cpp.obj)
                0x000000000800fb3c                SX126x::reset(bool)
 .text._ZN6SX126x9hopLRFHSSEv
                0x000000000800fbc6       0x38 libradiolib.a(SX126x.cpp.obj)
                0x000000000800fbc6                SX126x::hopLRFHSS()
 .text._ZN6SX126x18startReceiveCommonEjjj
                0x000000000800fbfe       0xd0 libradiolib.a(SX126x.cpp.obj)
                0x000000000800fbfe                SX126x::startReceiveCommon(unsigned int, unsigned int, unsigned int)
 .text._ZN6SX126x7getRSSIEv
                0x000000000800fcce        0x6 libradiolib.a(SX126x.cpp.obj)
                0x000000000800fcce                SX126x::getRSSI()
 .text._ZN6SX126x15getPacketLengthEbPh
                0x000000000800fcd4       0x4a libradiolib.a(SX126x.cpp.obj)
                0x000000000800fcd4                SX126x::getPacketLength(bool, unsigned char*)
 .text._ZN6SX126x8readDataEPhj
                0x000000000800fd1e       0xa0 libradiolib.a(SX126x.cpp.obj)
                0x000000000800fd1e                SX126x::readData(unsigned char*, unsigned int)
 .text._ZN6SX126x15getPacketLengthEb
                0x000000000800fdbe        0x6 libradiolib.a(SX126x.cpp.obj)
                0x000000000800fdbe                SX126x::getPacketLength(bool)
 .text._ZN6SX126x23calibrateImageRejectionEff
                0x000000000800fdc4       0x6c libradiolib.a(SX126x.cpp.obj)
                0x000000000800fdc4                SX126x::calibrateImageRejection(float, float)
 .text._ZN6SX126x14calibrateImageEf
                0x000000000800fe30       0x8c libradiolib.a(SX126x.cpp.obj)
                0x000000000800fe30                SX126x::calibrateImage(float)
 .text._ZN6SX126x9stageModeE15RadioModeType_tP17RadioModeConfig_t
                0x000000000800febc      0x226 libradiolib.a(SX126x.cpp.obj)
                0x000000000800febc                SX126x::stageMode(RadioModeType_t, RadioModeConfig_t*)
 .text._ZN6SX126x13fixPaClampingEb
                0x00000000080100e2       0x48 libradiolib.a(SX126x.cpp.obj)
                0x00000000080100e2                SX126x::fixPaClamping(bool)
 .text._ZN6SX126x18fixImplicitTimeoutEv
                0x000000000801012a       0x6c libradiolib.a(SX126x.cpp.obj)
                0x000000000801012a                SX126x::fixImplicitTimeout()
 .text._ZN6SX126x13finishReceiveEv
                0x0000000008010196       0x28 libradiolib.a(SX126x.cpp.obj)
                0x0000000008010196                SX126x::finishReceive()
 .text._ZN6SX126x13fixInvertedIQEh
                0x00000000080101be       0x44 libradiolib.a(SX126x.cpp.obj)
                0x00000000080101be                SX126x::fixInvertedIQ(unsigned char)
 .text._ZN6SX126x7fixGFSKEv
                0x0000000008010202      0x104 libradiolib.a(SX126x.cpp.obj)
                0x0000000008010202                SX126x::fixGFSK()
 .text._ZN6SX126x8findChipEPKc
                0x0000000008010306       0x58 libradiolib.a(SX126x.cpp.obj)
                0x0000000008010306                SX126x::findChip(char const*)
 .text._ZN6SX126x9beginBPSKEffb
                0x000000000801035e       0x2c libradiolib.a(SX126x.cpp.obj)
                0x000000000801035e                SX126x::beginBPSK(float, float, bool)
 .text._ZN6SX126x10stepLRFHSSEv
                0x000000000801038a       0x34 libradiolib.a(SX126x_LR_FHSS.cpp.obj)
                0x000000000801038a                SX126x::stepLRFHSS()
 .text._ZN6SX126x12setLRFHSSHopEh
                0x00000000080103be       0xfa libradiolib.a(SX126x_LR_FHSS.cpp.obj)
                0x00000000080103be                SX126x::setLRFHSSHop(unsigned char)
 .text._ZN6SX126x5sleepEb
                0x00000000080104b8       0x44 libradiolib.a(SX126x_commands.cpp.obj)
                0x00000000080104b8                SX126x::sleep(bool)
 .text._ZN6SX126x5sleepEv
                0x00000000080104fc        0x6 libradiolib.a(SX126x_commands.cpp.obj)
                0x00000000080104fc                SX126x::sleep()
 .text._ZN6SX126x7standbyEhb
                0x0000000008010502       0x40 libradiolib.a(SX126x_commands.cpp.obj)
                0x0000000008010502                SX126x::standby(unsigned char, bool)
 .text._ZN6SX126x7standbyEv
                0x0000000008010542        0xa libradiolib.a(SX126x_commands.cpp.obj)
                0x0000000008010542                SX126x::standby()
 .text._ZN6SX126x5setTxEj
                0x000000000801054c       0x2c libradiolib.a(SX126x_commands.cpp.obj)
                0x000000000801054c                SX126x::setTx(unsigned int)
 .text._ZN6SX126x5setRxEj
                0x0000000008010578       0x2e libradiolib.a(SX126x_commands.cpp.obj)
                0x0000000008010578                SX126x::setRx(unsigned int)
 .text._ZN6SX126x11setPaConfigEhhhh
                0x00000000080105a6       0x30 libradiolib.a(SX126x_commands.cpp.obj)
                0x00000000080105a6                SX126x::setPaConfig(unsigned char, unsigned char, unsigned char, unsigned char)
 .text._ZN6SX126x13writeRegisterEtPKhh
                0x00000000080105d6        0xe libradiolib.a(SX126x_commands.cpp.obj)
                0x00000000080105d6                SX126x::writeRegister(unsigned short, unsigned char const*, unsigned char)
 .text._ZN6SX126x12readRegisterEtPhh
                0x00000000080105e4       0x1e libradiolib.a(SX126x_commands.cpp.obj)
                0x00000000080105e4                SX126x::readRegister(unsigned short, unsigned char*, unsigned char)
 .text._ZN6SX126x11writeBufferEPKhhh
                0x0000000008010602       0x28 libradiolib.a(SX126x_commands.cpp.obj)